Archive member included to satisfy reference by file (symbol)

.\CortexM3\ARM_GCC_541\Debug\SAR Example.a(CyLib.o)
                              .\CortexM3\ARM_GCC_541\Debug\Cm3Start.o (CyHalt)
.\CortexM3\ARM_GCC_541\Debug\SAR Example.a(cyPm.o)
                              .\CortexM3\ARM_GCC_541\Debug\SAR Example.a(CyLib.o) (CyPmReadStatus)
.\CortexM3\ARM_GCC_541\Debug\SAR Example.a(UART_1.o)
                              .\CortexM3\ARM_GCC_541\Debug\main.o (UART_1_Start)
.\CortexM3\ARM_GCC_541\Debug\SAR Example.a(UART_1_IntClock.o)
                              .\CortexM3\ARM_GCC_541\Debug\SAR Example.a(UART_1.o) (UART_1_IntClock_Start)
.\CortexM3\ARM_GCC_541\Debug\SAR Example.a(ADC_SAR_1.o)
                              .\CortexM3\ARM_GCC_541\Debug\main.o (ADC_SAR_1_Start)
.\CortexM3\ARM_GCC_541\Debug\SAR Example.a(ADC_SAR_1_INT.o)
                              .\CortexM3\ARM_GCC_541\Debug\SAR Example.a(ADC_SAR_1.o) (ADC_SAR_1_ISR)
.\CortexM3\ARM_GCC_541\Debug\SAR Example.a(ADC_SAR_1_theACLK.o)
                              .\CortexM3\ARM_GCC_541\Debug\SAR Example.a(ADC_SAR_1.o) (ADC_SAR_1_theACLK_SetModeRegister)
.\CortexM3\ARM_GCC_541\Debug\SAR Example.a(CAN.o)
                              .\CortexM3\ARM_GCC_541\Debug\main.o (CAN_Start)
.\CortexM3\ARM_GCC_541\Debug\SAR Example.a(CAN_INT.o)
                              .\CortexM3\ARM_GCC_541\Debug\SAR Example.a(CAN.o) (CAN_ISR)
.\CortexM3\ARM_GCC_541\Debug\SAR Example.a(CAN_TX_RX_func.o)
                              .\CortexM3\ARM_GCC_541\Debug\main.o (CAN_SendMsgADCdata)
.\CortexM3\ARM_GCC_541\Debug\SAR Example.a(AMux.o)
                              .\CortexM3\ARM_GCC_541\Debug\main.o (AMux_Start)
.\CortexM3\ARM_GCC_541\Debug\SAR Example.a(Timer_Int.o)
                              .\CortexM3\ARM_GCC_541\Debug\main.o (Timer_Int_StartEx)
.\CortexM3\ARM_GCC_541\Debug\SAR Example.a(Timer.o)
                              .\CortexM3\ARM_GCC_541\Debug\main.o (Timer_Start)
.\CortexM3\ARM_GCC_541\Debug\SAR Example.a(CyBootAsmGnu.o)
                              .\CortexM3\ARM_GCC_541\Debug\cyfitter_cfg.o (CyDelayCycles)
.\CortexM3\ARM_GCC_541\Debug\SAR Example.a(CyFlash.o)
                              .\CortexM3\ARM_GCC_541\Debug\SAR Example.a(cyPm.o) (CyFlash_SetWaitCycles)
.\CortexM3\ARM_GCC_541\Debug\SAR Example.a(CySpc.o)
                              .\CortexM3\ARM_GCC_541\Debug\SAR Example.a(CyFlash.o) (CySpcStart)
c:/program files (x86)/cypress/psoc creator/4.2/psoc creator/import/gnu/arm/5.4.1/bin/../lib/gcc/arm-none-eabi/5.4.1/../../../../arm-none-eabi/lib/armv7-m\libm.a(lib_a-wf_pow.o)
                              .\CortexM3\ARM_GCC_541\Debug\main.o (powf)
c:/program files (x86)/cypress/psoc creator/4.2/psoc creator/import/gnu/arm/5.4.1/bin/../lib/gcc/arm-none-eabi/5.4.1/../../../../arm-none-eabi/lib/armv7-m\libm.a(lib_a-ef_pow.o)
                              c:/program files (x86)/cypress/psoc creator/4.2/psoc creator/import/gnu/arm/5.4.1/bin/../lib/gcc/arm-none-eabi/5.4.1/../../../../arm-none-eabi/lib/armv7-m\libm.a(lib_a-wf_pow.o) (__ieee754_powf)
c:/program files (x86)/cypress/psoc creator/4.2/psoc creator/import/gnu/arm/5.4.1/bin/../lib/gcc/arm-none-eabi/5.4.1/../../../../arm-none-eabi/lib/armv7-m\libm.a(lib_a-ef_sqrt.o)
                              c:/program files (x86)/cypress/psoc creator/4.2/psoc creator/import/gnu/arm/5.4.1/bin/../lib/gcc/arm-none-eabi/5.4.1/../../../../arm-none-eabi/lib/armv7-m\libm.a(lib_a-ef_pow.o) (__ieee754_sqrtf)
c:/program files (x86)/cypress/psoc creator/4.2/psoc creator/import/gnu/arm/5.4.1/bin/../lib/gcc/arm-none-eabi/5.4.1/../../../../arm-none-eabi/lib/armv7-m\libm.a(lib_a-s_lib_ver.o)
                              c:/program files (x86)/cypress/psoc creator/4.2/psoc creator/import/gnu/arm/5.4.1/bin/../lib/gcc/arm-none-eabi/5.4.1/../../../../arm-none-eabi/lib/armv7-m\libm.a(lib_a-wf_pow.o) (__fdlib_version)
c:/program files (x86)/cypress/psoc creator/4.2/psoc creator/import/gnu/arm/5.4.1/bin/../lib/gcc/arm-none-eabi/5.4.1/../../../../arm-none-eabi/lib/armv7-m\libm.a(lib_a-s_matherr.o)
                              c:/program files (x86)/cypress/psoc creator/4.2/psoc creator/import/gnu/arm/5.4.1/bin/../lib/gcc/arm-none-eabi/5.4.1/../../../../arm-none-eabi/lib/armv7-m\libm.a(lib_a-wf_pow.o) (matherr)
c:/program files (x86)/cypress/psoc creator/4.2/psoc creator/import/gnu/arm/5.4.1/bin/../lib/gcc/arm-none-eabi/5.4.1/../../../../arm-none-eabi/lib/armv7-m\libm.a(lib_a-s_rint.o)
                              c:/program files (x86)/cypress/psoc creator/4.2/psoc creator/import/gnu/arm/5.4.1/bin/../lib/gcc/arm-none-eabi/5.4.1/../../../../arm-none-eabi/lib/armv7-m\libm.a(lib_a-wf_pow.o) (rint)
c:/program files (x86)/cypress/psoc creator/4.2/psoc creator/import/gnu/arm/5.4.1/bin/../lib/gcc/arm-none-eabi/5.4.1/../../../../arm-none-eabi/lib/armv7-m\libm.a(lib_a-sf_fabs.o)
[...]
Memory Configuration

Name             Origin             Length             Attributes
rom              0x00000000         0x00040000         xr
ram              0x1fff8000         0x00010000         xrw
*default*        0x00000000         0xffffffff

Linker script and memory map

LOAD c:/program files (x86)/cypress/psoc creator/4.2/psoc creator/import/gnu/arm/5.4.1/bin/../lib/gcc/arm-none-eabi/5.4.1/armv7-m/crti.o
LOAD c:/program files (x86)/cypress/psoc creator/4.2/psoc creator/import/gnu/arm/5.4.1/bin/../lib/gcc/arm-none-eabi/5.4.1/armv7-m/crtbegin.o
LOAD c:/program files (x86)/cypress/psoc creator/4.2/psoc creator/import/gnu/arm/5.4.1/bin/../lib/gcc/arm-none-eabi/5.4.1/../../../../arm-none-eabi/lib/armv7-m/crt0.o
START GROUP
LOAD .\CortexM3\ARM_GCC_541\Debug\main.o
LOAD .\CortexM3\ARM_GCC_541\Debug\cyfitter_cfg.o
LOAD .\CortexM3\ARM_GCC_541\Debug\cymetadata.o
LOAD .\CortexM3\ARM_GCC_541\Debug\Cm3Start.o
LOAD .\CortexM3\ARM_GCC_541\Debug\SAR Example.a
LOAD C:\Program Files (x86)\Cypress\PSoC Creator\4.2\PSoC Creator\psoc\content\cycomponentlibrary\CyComponentLibrary.cylib\CortexM3\ARM_GCC_541\Debug\CyComponentLibrary.a
LOAD c:/program files (x86)/cypress/psoc creator/4.2/psoc creator/import/gnu/arm/5.4.1/bin/../lib/gcc/arm-none-eabi/5.4.1/../../../../arm-none-eabi/lib/armv7-m\libm.a
END GROUP
START GROUP
LOAD c:/program files (x86)/cypress/psoc creator/4.2/psoc creator/import/gnu/arm/5.4.1/bin/../lib/gcc/arm-none-eabi/5.4.1/armv7-m\libgcc.a
LOAD c:/program files (x86)/cypress/psoc creator/4.2/psoc creator/import/gnu/arm/5.4.1/bin/../lib/gcc/arm-none-eabi/5.4.1/../../../../arm-none-eabi/lib/armv7-m\libg.a
LOAD c:/program files (x86)/cypress/psoc creator/4.2/psoc creator/import/gnu/arm/5.4.1/bin/../lib/gcc/arm-none-eabi/5.4.1/../../../../arm-none-eabi/lib/armv7-m\libc.a
END GROUP
LOAD c:/program files (x86)/cypress/psoc creator/4.2/psoc creator/import/gnu/arm/5.4.1/bin/../lib/gcc/arm-none-eabi/5.4.1/armv7-m/crtend.o
LOAD c:/program files (x86)/cypress/psoc creator/4.2/psoc creator/import/gnu/arm/5.4.1/bin/../lib/gcc/arm-none-eabi/5.4.1/armv7-m/crtn.o
START GROUP
LOAD c:/program files (x86)/cypress/psoc creator/4.2/psoc creator/import/gnu/arm/5.4.1/bin/../lib/gcc/arm-none-eabi/5.4.1/armv7-m\libgcc.a
LOAD c:/program files (x86)/cypress/psoc creator/4.2/psoc creator/import/gnu/arm/5.4.1/bin/../lib/gcc/arm-none-eabi/5.4.1/../../../../arm-none-eabi/lib/armv7-m\libc.a
LOAD c:/program files (x86)/cypress/psoc creator/4.2/psoc creator/import/gnu/arm/5.4.1/bin/../lib/gcc/arm-none-eabi/5.4.1/../../../../arm-none-eabi/lib/armv7-m\libnosys.a
END GROUP
                0x00000000                CY_APPL_ORIGIN = 0x0
                0x00000100                CY_FLASH_ROW_SIZE = 0x100
                0x00000020                CY_ECC_ROW_SIZE = 0x20
                0x00000000                CY_EE_IN_BTLDR = 0x0
                0x00000000                CY_APPL_LOADABLE = 0x0
                0x00000800                CY_EE_SIZE = 0x800
                0x00000001                CY_APPL_NUM = 0x1
                0x00000001                CY_APPL_MAX = 0x1
                0x00000040                CY_METADATA_SIZE = 0x40
                0x00000000                CY_APPL_LOADABLE = 0x0
                0x00000000                CY_CHECKSUM_EXCLUDE_SIZE = ALIGN (0x0, CY_FLASH_ROW_SIZE)
                [!provide]                PROVIDE (__cy_heap_start, _end)
                0x00000001                PROVIDE (__cy_region_num, ((__cy_regions_end - __cy_regions) / 0x10))
                0x20008000                PROVIDE (__cy_stack, (ORIGIN (ram) + LENGTH (ram)))
                [!provide]                PROVIDE (__cy_heap_end, (__cy_stack - 0x4000))

.cybootloader   0x00000000        0x0
 *(.cybootloader)
                0x00000000                appl1_start = CY_APPL_ORIGIN?CY_APPL_ORIGIN:ALIGN (CY_FLASH_ROW_SIZE)
                0x0001ff00                appl2_start = (appl1_start + ALIGN ((((LENGTH (rom) - appl1_start) - (0x2 * CY_FLASH_ROW_SIZE)) / 0x2), CY_FLASH_ROW_SIZE))
                0x00000000                appl_start = (CY_APPL_NUM == 0x1)?appl1_start:appl2_start
                0x00000000                ecc_offset = ((appl_start / CY_FLASH_ROW_SIZE) * CY_ECC_ROW_SIZE)
                0x00000000                ee_offset = (CY_APPL_LOADABLE && ! (CY_EE_IN_BTLDR))?((CY_EE_SIZE / CY_APPL_MAX) * (CY_APPL_NUM - 0x1)):0x0
                0x00000800                ee_size = (CY_APPL_LOADABLE && ! (CY_EE_IN_BTLDR))?(CY_EE_SIZE / CY_APPL_MAX):CY_EE_SIZE
                [!provide]                PROVIDE (CY_ECC_OFFSET, ecc_offset)

.text           0x00000000     0x70f4
 CREATE_OBJECT_SYMBOLS
                0x00000000                PROVIDE (__cy_interrupt_vector, RomVectors)
 *(.romvectors)
 .romvectors    0x00000000       0x10 .\CortexM3\ARM_GCC_541\Debug\Cm3Start.o
                0x00000000                RomVectors
                0x00000001                ASSERT ((. != __cy_interrupt_vector), No interrupt vector)
                0x00000001                ASSERT (CY_APPL_ORIGIN?(SIZEOF (.cybootloader) <= CY_APPL_ORIGIN):0x1, Wrong image location)
                0x00000010                PROVIDE (__cy_reset, Reset)
 *(.text.Reset)
 .text.Reset    0x00000010       0x18 .\CortexM3\ARM_GCC_541\Debug\Cm3Start.o
                0x00000010                Reset
                0x00000001                ASSERT ((. != __cy_reset), No reset code)
 *(.dma_init)
                0x00000001                ASSERT ((((appl_start + .) <= 0x10000) || 0x1), DMA Init must be within the first 64k of flash)
 *(.text .text.* .gnu.linkonce.t.*)
 .text          0x00000028       0x5c c:/program files (x86)/cypress/psoc creator/4.2/psoc creator/import/gnu/arm/5.4.1/bin/../lib/gcc/arm-none-eabi/5.4.1/armv7-m/crtbegin.o
 .text.ISR_CAN  0x00000084       0x24 .\CortexM3\ARM_GCC_541\Debug\main.o
                0x00000084                ISR_CAN
 .text.Timer_Int_Handler
                0x000000a8       0x88 .\CortexM3\ARM_GCC_541\Debug\main.o
                0x000000a8                Timer_Int_Handler
 .text.UART_STRING
                0x00000130       0x54 .\CortexM3\ARM_GCC_541\Debug\main.o
                0x00000130                UART_STRING
 *fill*         0x00000184        0x4 
 .text.main     0x00000188      0x2c8 .\CortexM3\ARM_GCC_541\Debug\main.o
                0x00000188                main
 .text.CyClockStartupError
                0x00000450        0x4 .\CortexM3\ARM_GCC_541\Debug\cyfitter_cfg.o
 .text.cfg_write_bytes32
                0x00000454       0x34 .\CortexM3\ARM_GCC_541\Debug\cyfitter_cfg.o
 .text.CYMEMZERO
                0x00000488        0xc .\CortexM3\ARM_GCC_541\Debug\cyfitter_cfg.o
 .text.AnalogSetDefault
                0x00000494       0x80 .\CortexM3\ARM_GCC_541\Debug\cyfitter_cfg.o
 .text.CYCONFIGCPY
                0x00000514        0x8 .\CortexM3\ARM_GCC_541\Debug\cyfitter_cfg.o
 .text.ClockSetup
                0x0000051c       0xf0 .\CortexM3\ARM_GCC_541\Debug\cyfitter_cfg.o
 .text.AMux_Set
                0x0000060c       0x38 .\CortexM3\ARM_GCC_541\Debug\cyfitter_cfg.o
                0x0000060c                AMux_Set
 .text.AMux_Unset
                0x00000644       0x3c .\CortexM3\ARM_GCC_541\Debug\cyfitter_cfg.o
                0x00000644                AMux_Unset
 .text.cyfitter_cfg
                0x00000680      0x14c .\CortexM3\ARM_GCC_541\Debug\cyfitter_cfg.o
                0x00000680                cyfitter_cfg
 .text.IntDefaultHandler
                0x000007cc        0x4 .\CortexM3\ARM_GCC_541\Debug\Cm3Start.o
                0x000007cc                IntDefaultHandler
 .text._sbrk    0x000007d0       0x30 .\CortexM3\ARM_GCC_541\Debug\Cm3Start.o
                0x000007d0                _sbrk
 .text.Start_c  0x00000800       0x4c .\CortexM3\ARM_GCC_541\Debug\Cm3Start.o
                0x00000800                Start_c
 .text.initialize_psoc
                0x0000084c       0x68 .\CortexM3\ARM_GCC_541\Debug\Cm3Start.o
                0x0000084c                initialize_psoc
 .text.CyHalt   0x000008b4        0x4 .\CortexM3\ARM_GCC_541\Debug\SAR Example.a(CyLib.o)
                0x000008b4                CyHalt
 .text.CyDelay  0x000008b8       0x2c .\CortexM3\ARM_GCC_541\Debug\SAR Example.a(CyLib.o)
                0x000008b8                CyDelay
 .text.CyDelayUs
                0x000008e4       0x14 .\CortexM3\ARM_GCC_541\Debug\SAR Example.a(CyLib.o)
                0x000008e4                CyDelayUs
 .text.CyIntSetVector
                0x000008f8       0x28 .\CortexM3\ARM_GCC_541\Debug\SAR Example.a(CyLib.o)
                0x000008f8                CyIntSetVector
 .text.CyIntSetPriority
                0x00000920       0x30 .\CortexM3\ARM_GCC_541\Debug\SAR Example.a(CyLib.o)
                0x00000920                CyIntSetPriority
 .text.UART_1_Init
                0x00000950       0x24 .\CortexM3\ARM_GCC_541\Debug\SAR Example.a(UART_1.o)
                0x00000950                UART_1_Init
 .text.UART_1_Enable
                0x00000974       0x38 .\CortexM3\ARM_GCC_541\Debug\SAR Example.a(UART_1.o)
                0x00000974                UART_1_Enable
 .text.UART_1_Start
                0x000009ac       0x1c .\CortexM3\ARM_GCC_541\Debug\SAR Example.a(UART_1.o)
                0x000009ac                UART_1_Start
 .text.UART_1_PutChar
                0x000009c8       0x18 .\CortexM3\ARM_GCC_541\Debug\SAR Example.a(UART_1.o)
                0x000009c8                UART_1_PutChar
 .text.UART_1_PutString
                0x000009e0       0x24 .\CortexM3\ARM_GCC_541\Debug\SAR Example.a(UART_1.o)
                0x000009e0                UART_1_PutString
 .text.UART_1_IntClock_Start
                0x00000a04       0x1c .\CortexM3\ARM_GCC_541\Debug\SAR Example.a(UART_1_IntClock.o)
                0x00000a04                UART_1_IntClock_Start
 .text.ADC_SAR_1_CalcGain
                0x00000a20       0x64 .\CortexM3\ARM_GCC_541\Debug\SAR Example.a(ADC_SAR_1.o)
 .text.ADC_SAR_1_Enable
                0x00000a84       0x94 .\CortexM3\ARM_GCC_541\Debug\SAR Example.a(ADC_SAR_1.o)
                0x00000a84                ADC_SAR_1_Enable
 .text.ADC_SAR_1_SetResolution
                0x00000b18       0x38 .\CortexM3\ARM_GCC_541\Debug\SAR Example.a(ADC_SAR_1.o)
                0x00000b18                ADC_SAR_1_SetResolution
 .text.ADC_SAR_1_Init
                0x00000b50       0x3c .\CortexM3\ARM_GCC_541\Debug\SAR Example.a(ADC_SAR_1.o)
                0x00000b50                ADC_SAR_1_Init
 .text.ADC_SAR_1_Start
                0x00000b8c       0x1c .\CortexM3\ARM_GCC_541\Debug\SAR Example.a(ADC_SAR_1.o)
                0x00000b8c                ADC_SAR_1_Start
 .text.ADC_SAR_1_StartConvert
                0x00000ba8       0x10 .\CortexM3\ARM_GCC_541\Debug\SAR Example.a(ADC_SAR_1.o)
                0x00000ba8                ADC_SAR_1_StartConvert
 .text.ADC_SAR_1_StopConvert
                0x00000bb8       0x10 .\CortexM3\ARM_GCC_541\Debug\SAR Example.a(ADC_SAR_1.o)
                0x00000bb8                ADC_SAR_1_StopConvert
 .text.ADC_SAR_1_IsEndConversion
                0x00000bc8       0x24 .\CortexM3\ARM_GCC_541\Debug\SAR Example.a(ADC_SAR_1.o)
                0x00000bc8                ADC_SAR_1_IsEndConversion
 .text.ADC_SAR_1_GetResult16
                0x00000bec       0x18 .\CortexM3\ARM_GCC_541\Debug\SAR Example.a(ADC_SAR_1.o)
                0x00000bec                ADC_SAR_1_GetResult16
 .text.ADC_SAR_1_CountsTo_Volts
                0x00000c04       0x50 .\CortexM3\ARM_GCC_541\Debug\SAR Example.a(ADC_SAR_1.o)
                0x00000c04                ADC_SAR_1_CountsTo_Volts
 .text.ADC_SAR_1_ISR
                0x00000c54        0x4 .\CortexM3\ARM_GCC_541\Debug\SAR Example.a(ADC_SAR_1_INT.o)
                0x00000c54                ADC_SAR_1_ISR
 .text.ADC_SAR_1_theACLK_SetModeRegister
                0x00000c58       0x14 .\CortexM3\ARM_GCC_541\Debug\SAR Example.a(ADC_SAR_1_theACLK.o)
                0x00000c58                ADC_SAR_1_theACLK_SetModeRegister
 .text.CAN_GlobalIntEnable
                0x00000c6c       0x20 .\CortexM3\ARM_GCC_541\Debug\SAR Example.a(CAN.o)
                0x00000c6c                CAN_GlobalIntEnable
 .text.CAN_Enable
                0x00000c8c       0x6c .\CortexM3\ARM_GCC_541\Debug\SAR Example.a(CAN.o)
                0x00000c8c                CAN_Enable
 .text.CAN_SetPreScaler
                0x00000cf8       0x24 .\CortexM3\ARM_GCC_541\Debug\SAR Example.a(CAN.o)
                0x00000cf8                CAN_SetPreScaler
 .text.CAN_SetArbiter
                0x00000d1c       0x3c .\CortexM3\ARM_GCC_541\Debug\SAR Example.a(CAN.o)
                0x00000d1c                CAN_SetArbiter
 .text.CAN_SetTsegSample
                0x00000d58       0x84 .\CortexM3\ARM_GCC_541\Debug\SAR Example.a(CAN.o)
                0x00000d58                CAN_SetTsegSample
 .text.CAN_SetRestartType
                0x00000ddc       0x3c .\CortexM3\ARM_GCC_541\Debug\SAR Example.a(CAN.o)
                0x00000ddc                CAN_SetRestartType
 .text.CAN_SetEdgeMode
                0x00000e18       0x3c .\CortexM3\ARM_GCC_541\Debug\SAR Example.a(CAN.o)
                0x00000e18                CAN_SetEdgeMode
 .text.CAN_SetIrqMask
                0x00000e54       0x18 .\CortexM3\ARM_GCC_541\Debug\SAR Example.a(CAN.o)
                0x00000e54                CAN_SetIrqMask
 .text.CAN_RxBufConfig
                0x00000e6c       0x90 .\CortexM3\ARM_GCC_541\Debug\SAR Example.a(CAN.o)
                0x00000e6c                CAN_RxBufConfig
 .text.CAN_TxBufConfig
                0x00000efc       0x54 .\CortexM3\ARM_GCC_541\Debug\SAR Example.a(CAN.o)
                0x00000efc                CAN_TxBufConfig
 .text.CAN_RxTxBuffersConfig
                0x00000f50       0x50 .\CortexM3\ARM_GCC_541\Debug\SAR Example.a(CAN.o)
                0x00000f50                CAN_RxTxBuffersConfig
 .text.CAN_Init
                0x00000fa0       0xe0 .\CortexM3\ARM_GCC_541\Debug\SAR Example.a(CAN.o)
                0x00000fa0                CAN_Init
 .text.CAN_Start
                0x00001080       0x24 .\CortexM3\ARM_GCC_541\Debug\SAR Example.a(CAN.o)
                0x00001080                CAN_Start
 .text.CAN_ISR  0x000010a4        0x4 .\CortexM3\ARM_GCC_541\Debug\SAR Example.a(CAN_INT.o)
                0x000010a4                CAN_ISR
 .text.CAN_SendMsgADCdata
                0x000010a8       0x20 .\CortexM3\ARM_GCC_541\Debug\SAR Example.a(CAN_TX_RX_func.o)
                0x000010a8                CAN_SendMsgADCdata
 .text.AMux_Start
                0x000010c8       0x20 .\CortexM3\ARM_GCC_541\Debug\SAR Example.a(AMux.o)
                0x000010c8                AMux_Start
 .text.AMux_FastSelect
                0x000010e8       0x20 .\CortexM3\ARM_GCC_541\Debug\SAR Example.a(AMux.o)
                0x000010e8                AMux_FastSelect
 .text.Timer_Int_SetVector
                0x00001108        0xc .\CortexM3\ARM_GCC_541\Debug\SAR Example.a(Timer_Int.o)
                0x00001108                Timer_Int_SetVector
 .text.Timer_Int_SetPriority
                0x00001114       0x10 .\CortexM3\ARM_GCC_541\Debug\SAR Example.a(Timer_Int.o)
                0x00001114                Timer_Int_SetPriority
 .text.Timer_Int_Enable
                0x00001124        0xc .\CortexM3\ARM_GCC_541\Debug\SAR Example.a(Timer_Int.o)
                0x00001124                Timer_Int_Enable
 .text.Timer_Int_Disable
                0x00001130        0xc .\CortexM3\ARM_GCC_541\Debug\SAR Example.a(Timer_Int.o)
                0x00001130                Timer_Int_Disable
 .text.Timer_Int_StartEx
                0x0000113c       0x1c .\CortexM3\ARM_GCC_541\Debug\SAR Example.a(Timer_Int.o)
                0x0000113c                Timer_Int_StartEx
 .text.Timer_Enable
                0x00001158       0x28 .\CortexM3\ARM_GCC_541\Debug\SAR Example.a(Timer.o)
                0x00001158                Timer_Enable
 .text.Timer_SetInterruptMode
                0x00001180        0xc .\CortexM3\ARM_GCC_541\Debug\SAR Example.a(Timer.o)
                0x00001180                Timer_SetInterruptMode
 .text.Timer_WritePeriod
                0x0000118c        0xc .\CortexM3\ARM_GCC_541\Debug\SAR Example.a(Timer.o)
                0x0000118c                Timer_WritePeriod
 .text.Timer_WriteCounter
                0x00001198        0xc .\CortexM3\ARM_GCC_541\Debug\SAR Example.a(Timer.o)
                0x00001198                Timer_WriteCounter
 .text.Timer_Init
                0x000011a4       0x64 .\CortexM3\ARM_GCC_541\Debug\SAR Example.a(Timer.o)
                0x000011a4                Timer_Init
 .text.Timer_Start
                0x00001208       0x1c .\CortexM3\ARM_GCC_541\Debug\SAR Example.a(Timer.o)
                0x00001208                Timer_Start
 *fill*         0x00001224        0x4 
 .text          0x00001228       0x20 .\CortexM3\ARM_GCC_541\Debug\SAR Example.a(CyBootAsmGnu.o)
                0x00001228                CyDelayCycles
                0x00001238                CyEnterCriticalSection
                0x00001240                CyExitCriticalSection
 .text.powf     0x00001248      0x2fc c:/program files (x86)/cypress/psoc creator/4.2/psoc creator/import/gnu/arm/5.4.1/bin/../lib/gcc/arm-none-eabi/5.4.1/../../../../arm-none-eabi/lib/armv7-m\libm.a(lib_a-wf_pow.o)
                0x00001248                powf
 .text.__ieee754_powf
                0x00001544      0x70c c:/program files (x86)/cypress/psoc creator/4.2/psoc creator/import/gnu/arm/5.4.1/bin/../lib/gcc/arm-none-eabi/5.4.1/../../../../arm-none-eabi/lib/armv7-m\libm.a(lib_a-ef_pow.o)
                0x00001544                __ieee754_powf
 .text.__ieee754_sqrtf
                0x00001c50       0xa8 c:/program files (x86)/cypress/psoc creator/4.2/psoc creator/import/gnu/arm/5.4.1/bin/../lib/gcc/arm-none-eabi/5.4.1/../../../../arm-none-eabi/lib/armv7-m\libm.a(lib_a-ef_sqrt.o)
                0x00001c50                __ieee754_sqrtf
 .text.matherr  0x00001cf8        0x4 c:/program files (x86)/cypress/psoc creator/4.2/psoc creator/import/gnu/arm/5.4.1/bin/../lib/gcc/arm-none-eabi/5.4.1/../../../../arm-none-eabi/lib/armv7-m\libm.a(lib_a-s_matherr.o)
                0x00001cf8                matherr
 .text.rint     0x00001cfc      0x120 c:/program files (x86)/cypress/psoc creator/4.2/psoc creator/import/gnu/arm/5.4.1/bin/../lib/gcc/arm-none-eabi/5.4.1/../../../../arm-none-eabi/lib/armv7-m\libm.a(lib_a-s_rint.o)
                0x00001cfc                rint
 .text.fabsf    0x00001e1c        0x8 c:/program files (x86)/cypress/psoc creator/4.2/psoc creator/import/gnu/arm/5.4.1/bin/../lib/gcc/arm-none-eabi/5.4.1/../../../../arm-none-eabi/lib/armv7-m\libm.a(lib_a-sf_fabs.o)
                0x00001e1c                fabsf
 .text.finitef  0x00001e24       0x10 c:/program files (x86)/cypress/psoc creator/4.2/psoc creator/import/gnu/arm/5.4.1/bin/../lib/gcc/arm-none-eabi/5.4.1/../../../../arm-none-eabi/lib/armv7-m\libm.a(lib_a-sf_finite.o)
                0x00001e24                finitef
 .text.nanf     0x00001e34        0x8 c:/program files (x86)/cypress/psoc creator/4.2/psoc creator/import/gnu/arm/5.4.1/bin/../lib/gcc/arm-none-eabi/5.4.1/../../../../arm-none-eabi/lib/armv7-m\libm.a(lib_a-sf_nan.o)
                0x00001e34                nanf
 .text.scalbnf  0x00001e3c       0xb0 c:/program files (x86)/cypress/psoc creator/4.2/psoc creator/import/gnu/arm/5.4.1/bin/../lib/gcc/arm-none-eabi/5.4.1/../../../../arm-none-eabi/lib/armv7-m\libm.a(lib_a-sf_scalbn.o)
                0x00001e3c                scalbnf
 .text.copysignf
                0x00001eec        0xc c:/program files (x86)/cypress/psoc creator/4.2/psoc creator/import/gnu/arm/5.4.1/bin/../lib/gcc/arm-none-eabi/5.4.1/../../../../arm-none-eabi/lib/armv7-m\libm.a(lib_a-sf_copysign.o)
                0x00001eec                copysignf
 .text          0x00001ef8      0x370 c:/program files (x86)/cypress/psoc creator/4.2/psoc creator/import/gnu/arm/5.4.1/bin/../lib/gcc/arm-none-eabi/5.4.1/armv7-m\libgcc.a(_arm_addsubdf3.o)
                0x00001ef8                __aeabi_drsub
                0x00001f00                __aeabi_dsub
                0x00001f00                __subdf3
                0x00001f04                __aeabi_dadd
                0x00001f04                __adddf3
                0x0000217c                __floatunsidf
                0x0000217c                __aeabi_ui2d
                0x0000219c                __floatsidf
                0x0000219c                __aeabi_i2d
                0x000021c0                __aeabi_f2d
                0x000021c0                __extendsfdf2
                0x000021fc                __floatundidf
                0x000021fc                __aeabi_ul2d
                0x0000220c                __floatdidf
                0x0000220c                __aeabi_l2d
 .text          0x00002268      0x424 c:/program files (x86)/cypress/psoc creator/4.2/psoc creator/import/gnu/arm/5.4.1/bin/../lib/gcc/arm-none-eabi/5.4.1/armv7-m\libgcc.a(_arm_muldivdf3.o)
                0x00002268                __aeabi_dmul
                0x00002268                __muldf3
                0x000024bc                __divdf3
                0x000024bc                __aeabi_ddiv
 .text          0x0000268c      0x110 c:/program files (x86)/cypress/psoc creator/4.2/psoc creator/import/gnu/arm/5.4.1/bin/../lib/gcc/arm-none-eabi/5.4.1/armv7-m\libgcc.a(_arm_cmpdf2.o)
                0x0000268c                __gtdf2
                0x0000268c                __gedf2
                0x00002694                __ltdf2
                0x00002694                __ledf2
                0x0000269c                __nedf2
                0x0000269c                __eqdf2
                0x0000269c                __cmpdf2
                0x00002718                __aeabi_cdrcmple
                0x00002728                __aeabi_cdcmpeq
                0x00002728                __aeabi_cdcmple
                0x00002738                __aeabi_dcmpeq
                0x0000274c                __aeabi_dcmplt
                0x00002760                __aeabi_dcmple
                0x00002774                __aeabi_dcmpge
                0x00002788                __aeabi_dcmpgt
 .text          0x0000279c       0xa0 c:/program files (x86)/cypress/psoc creator/4.2/psoc creator/import/gnu/arm/5.4.1/bin/../lib/gcc/arm-none-eabi/5.4.1/armv7-m\libgcc.a(_arm_truncdfsf2.o)
                0x0000279c                __truncdfsf2
                0x0000279c                __aeabi_d2f
 .text          0x0000283c      0x21c c:/program files (x86)/cypress/psoc creator/4.2/psoc creator/import/gnu/arm/5.4.1/bin/../lib/gcc/arm-none-eabi/5.4.1/armv7-m\libgcc.a(_arm_addsubsf3.o)
                0x0000283c                __aeabi_frsub
                0x00002844                __subsf3
                0x00002844                __aeabi_fsub
                0x00002848                __aeabi_fadd
                0x00002848                __addsf3
                0x000029a8                __aeabi_ui2f
                0x000029a8                __floatunsisf
                0x000029b0                __aeabi_i2f
                0x000029b0                __floatsisf
                0x000029cc                __aeabi_ul2f
                0x000029cc                __floatundisf
                0x000029dc                __aeabi_l2f
                0x000029dc                __floatdisf
 .text          0x00002a58      0x2a0 c:/program files (x86)/cypress/psoc creator/4.2/psoc creator/import/gnu/arm/5.4.1/bin/../lib/gcc/arm-none-eabi/5.4.1/armv7-m\libgcc.a(_arm_muldivsf3.o)
                0x00002a58                __mulsf3
                0x00002a58                __aeabi_fmul
                0x00002bc0                __aeabi_fdiv
                0x00002bc0                __divsf3
 .text          0x00002cf8       0xec c:/program files (x86)/cypress/psoc creator/4.2/psoc creator/import/gnu/arm/5.4.1/bin/../lib/gcc/arm-none-eabi/5.4.1/armv7-m\libgcc.a(_arm_cmpsf2.o)
                0x00002cf8                __gesf2
                0x00002cf8                __gtsf2
                0x00002d00                __lesf2
                0x00002d00                __ltsf2
                0x00002d08                __nesf2
                0x00002d08                __eqsf2
                0x00002d08                __cmpsf2
                0x00002d68                __aeabi_cfrcmple
                0x00002d70                __aeabi_cfcmpeq
                0x00002d70                __aeabi_cfcmple
                0x00002d80                __aeabi_fcmpeq
                0x00002d94                __aeabi_fcmplt
                0x00002da8                __aeabi_fcmple
                0x00002dbc                __aeabi_fcmpge
                0x00002dd0                __aeabi_fcmpgt
 .text          0x00002de4       0x2c c:/program files (x86)/cypress/psoc creator/4.2/psoc creator/import/gnu/arm/5.4.1/bin/../lib/gcc/arm-none-eabi/5.4.1/armv7-m\libgcc.a(_arm_unordsf2.o)
                0x00002de4                __unordsf2
                0x00002de4                __aeabi_fcmpun
 .text          0x00002e10       0x4c c:/program files (x86)/cypress/psoc creator/4.2/psoc creator/import/gnu/arm/5.4.1/bin/../lib/gcc/arm-none-eabi/5.4.1/armv7-m\libgcc.a(_arm_fixsfsi.o)
                0x00002e10                __aeabi_f2iz
                0x00002e10                __fixsfsi
 .text          0x00002e5c      0x2ec c:/program files (x86)/cypress/psoc creator/4.2/psoc creator/import/gnu/arm/5.4.1/bin/../lib/gcc/arm-none-eabi/5.4.1/armv7-m\libgcc.a(_udivmoddi4.o)
                0x00002e5c                __udivmoddi4
 .text          0x00003148        0x4 c:/program files (x86)/cypress/psoc creator/4.2/psoc creator/import/gnu/arm/5.4.1/bin/../lib/gcc/arm-none-eabi/5.4.1/armv7-m\libgcc.a(_dvmd_tls.o)
                0x00003148                __aeabi_idiv0
                0x00003148                __aeabi_ldiv0
 .text.__errno  0x0000314c        0xc c:/program files (x86)/cypress/psoc creator/4.2/psoc creator/import/gnu/arm/5.4.1/bin/../lib/gcc/arm-none-eabi/5.4.1/../../../../arm-none-eabi/lib/armv7-m\libg.a(lib_a-errno.o)
                0x0000314c                __errno
 .text.__libc_init_array
                0x00003158       0x50 c:/program files (x86)/cypress/psoc creator/4.2/psoc creator/import/gnu/arm/5.4.1/bin/../lib/gcc/arm-none-eabi/5.4.1/../../../../arm-none-eabi/lib/armv7-m\libg.a(lib_a-init.o)
                0x00003158                __libc_init_array
 .text          0x000031a8       0xec c:/program files (x86)/cypress/psoc creator/4.2/psoc creator/import/gnu/arm/5.4.1/bin/../lib/gcc/arm-none-eabi/5.4.1/../../../../arm-none-eabi/lib/armv7-m\libg.a(lib_a-memcpy.o)
                0x000031a8                memcpy
 .text.memset   0x00003294       0x9c c:/program files (x86)/cypress/psoc creator/4.2/psoc creator/import/gnu/arm/5.4.1/bin/../lib/gcc/arm-none-eabi/5.4.1/../../../../arm-none-eabi/lib/armv7-m\libg.a(lib_a-memset.o)
                0x00003294                memset
 .text.sprintf  0x00003330       0x4c c:/program files (x86)/cypress/psoc creator/4.2/psoc creator/import/gnu/arm/5.4.1/bin/../lib/gcc/arm-none-eabi/5.4.1/../../../../arm-none-eabi/lib/armv7-m\libg.a(lib_a-sprintf.o)
                0x00003330                sprintf
 .text._svfprintf_r
                0x0000337c     0x175c c:/program files (x86)/cypress/psoc creator/4.2/psoc creator/import/gnu/arm/5.4.1/bin/../lib/gcc/arm-none-eabi/5.4.1/../../../../arm-none-eabi/lib/armv7-m\libg.a(lib_a-svfprintf.o)
                0x0000337c                _svfprintf_r
 .text.startup.register_fini
                0x00004ad8       0x14 c:/program files (x86)/cypress/psoc creator/4.2/psoc creator/import/gnu/arm/5.4.1/bin/../lib/gcc/arm-none-eabi/5.4.1/../../../../arm-none-eabi/lib/armv7-m\libg.a(lib_a-__call_atexit.o)
 .text.atexit   0x00004aec        0xc c:/program files (x86)/cypress/psoc creator/4.2/psoc creator/import/gnu/arm/5.4.1/bin/../lib/gcc/arm-none-eabi/5.4.1/../../../../arm-none-eabi/lib/armv7-m\libg.a(lib_a-atexit.o)
                0x00004aec                atexit
 .text.quorem   0x00004af8      0x12c c:/program files (x86)/cypress/psoc creator/4.2/psoc creator/import/gnu/arm/5.4.1/bin/../lib/gcc/arm-none-eabi/5.4.1/../../../../arm-none-eabi/lib/armv7-m\libg.a(lib_a-dtoa.o)
 *fill*         0x00004c24        0x4 
 .text._dtoa_r  0x00004c28      0xe4c c:/program files (x86)/cypress/psoc creator/4.2/psoc creator/import/gnu/arm/5.4.1/bin/../lib/gcc/arm-none-eabi/5.4.1/../../../../arm-none-eabi/lib/armv7-m\libg.a(lib_a-dtoa.o)
                0x00004c28                _dtoa_r
 .text.__libc_fini_array
                0x00005a74       0x28 c:/program files (x86)/cypress/psoc creator/4.2/psoc creator/import/gnu/arm/5.4.1/bin/../lib/gcc/arm-none-eabi/5.4.1/../../../../arm-none-eabi/lib/armv7-m\libg.a(lib_a-fini.o)
                0x00005a74                __libc_fini_array
 .text._localeconv_r
                0x00005a9c        0x8 c:/program files (x86)/cypress/psoc creator/4.2/psoc creator/import/gnu/arm/5.4.1/bin/../lib/gcc/arm-none-eabi/5.4.1/../../../../arm-none-eabi/lib/armv7-m\libg.a(lib_a-locale.o)
                0x00005a9c                _localeconv_r
 .text._malloc_r
                0x00005aa4      0x558 c:/program files (x86)/cypress/psoc creator/4.2/psoc creator/import/gnu/arm/5.4.1/bin/../lib/gcc/arm-none-eabi/5.4.1/../../../../arm-none-eabi/lib/armv7-m\libg.a(lib_a-mallocr.o)
                0x00005aa4                _malloc_r
 .text.memchr   0x00005ffc       0x8c c:/program files (x86)/cypress/psoc creator/4.2/psoc creator/import/gnu/arm/5.4.1/bin/../lib/gcc/arm-none-eabi/5.4.1/../../../../arm-none-eabi/lib/armv7-m\libg.a(lib_a-memchr-stub.o)
                0x00005ffc                memchr
 .text.__malloc_lock
                0x00006088        0x4 c:/program files (x86)/cypress/psoc creator/4.2/psoc creator/import/gnu/arm/5.4.1/bin/../lib/gcc/arm-none-eabi/5.4.1/../../../../arm-none-eabi/lib/armv7-m\libg.a(lib_a-mlock.o)
                0x00006088                __malloc_lock
 .text.__malloc_unlock
                0x0000608c        0x4 c:/program files (x86)/cypress/psoc creator/4.2/psoc creator/import/gnu/arm/5.4.1/bin/../lib/gcc/arm-none-eabi/5.4.1/../../../../arm-none-eabi/lib/armv7-m\libg.a(lib_a-mlock.o)
                0x0000608c                __malloc_unlock
 .text._Balloc  0x00006090       0x50 c:/program files (x86)/cypress/psoc creator/4.2/psoc creator/import/gnu/arm/5.4.1/bin/../lib/gcc/arm-none-eabi/5.4.1/../../../../arm-none-eabi/lib/armv7-m\libg.a(lib_a-mprec.o)
                0x00006090                _Balloc
 .text._Bfree   0x000060e0       0x14 c:/program files (x86)/cypress/psoc creator/4.2/psoc creator/import/gnu/arm/5.4.1/bin/../lib/gcc/arm-none-eabi/5.4.1/../../../../arm-none-eabi/lib/armv7-m\libg.a(lib_a-mprec.o)
                0x000060e0                _Bfree
 .text.__multadd
                0x000060f4       0x80 c:/program files (x86)/cypress/psoc creator/4.2/psoc creator/import/gnu/arm/5.4.1/bin/../lib/gcc/arm-none-eabi/5.4.1/../../../../arm-none-eabi/lib/armv7-m\libg.a(lib_a-mprec.o)
                0x000060f4                __multadd
 .text.__hi0bits
                0x00006174       0x40 c:/program files (x86)/cypress/psoc creator/4.2/psoc creator/import/gnu/arm/5.4.1/bin/../lib/gcc/arm-none-eabi/5.4.1/../../../../arm-none-eabi/lib/armv7-m\libg.a(lib_a-mprec.o)
                0x00006174                __hi0bits
 .text.__lo0bits
                0x000061b4       0x5c c:/program files (x86)/cypress/psoc creator/4.2/psoc creator/import/gnu/arm/5.4.1/bin/../lib/gcc/arm-none-eabi/5.4.1/../../../../arm-none-eabi/lib/armv7-m\libg.a(lib_a-mprec.o)
                0x000061b4                __lo0bits
 .text.__i2b    0x00006210       0x14 c:/program files (x86)/cypress/psoc creator/4.2/psoc creator/import/gnu/arm/5.4.1/bin/../lib/gcc/arm-none-eabi/5.4.1/../../../../arm-none-eabi/lib/armv7-m\libg.a(lib_a-mprec.o)
                0x00006210                __i2b
 .text.__multiply
                0x00006224      0x13c c:/program files (x86)/cypress/psoc creator/4.2/psoc creator/import/gnu/arm/5.4.1/bin/../lib/gcc/arm-none-eabi/5.4.1/../../../../arm-none-eabi/lib/armv7-m\libg.a(lib_a-mprec.o)
                0x00006224                __multiply
 .text.__pow5mult
                0x00006360       0xa0 c:/program files (x86)/cypress/psoc creator/4.2/psoc creator/import/gnu/arm/5.4.1/bin/../lib/gcc/arm-none-eabi/5.4.1/../../../../arm-none-eabi/lib/armv7-m\libg.a(lib_a-mprec.o)
                0x00006360                __pow5mult
 .text.__lshift
                0x00006400       0xac c:/program files (x86)/cypress/psoc creator/4.2/psoc creator/import/gnu/arm/5.4.1/bin/../lib/gcc/arm-none-eabi/5.4.1/../../../../arm-none-eabi/lib/armv7-m\libg.a(lib_a-mprec.o)
                0x00006400                __lshift
 .text.__mcmp   0x000064ac       0x40 c:/program files (x86)/cypress/psoc creator/4.2/psoc creator/import/gnu/arm/5.4.1/bin/../lib/gcc/arm-none-eabi/5.4.1/../../../../arm-none-eabi/lib/armv7-m\libg.a(lib_a-mprec.o)
                0x000064ac                __mcmp
 .text.__mdiff  0x000064ec      0x128 c:/program files (x86)/cypress/psoc creator/4.2/psoc creator/import/gnu/arm/5.4.1/bin/../lib/gcc/arm-none-eabi/5.4.1/../../../../arm-none-eabi/lib/armv7-m\libg.a(lib_a-mprec.o)
                0x000064ec                __mdiff
 .text.__d2b    0x00006614       0xa8 c:/program files (x86)/cypress/psoc creator/4.2/psoc creator/import/gnu/arm/5.4.1/bin/../lib/gcc/arm-none-eabi/5.4.1/../../../../arm-none-eabi/lib/armv7-m\libg.a(lib_a-mprec.o)
                0x00006614                __d2b
 .text._sbrk_r  0x000066bc       0x24 c:/program files (x86)/cypress/psoc creator/4.2/psoc creator/import/gnu/arm/5.4.1/bin/../lib/gcc/arm-none-eabi/5.4.1/../../../../arm-none-eabi/lib/armv7-m\libg.a(lib_a-sbrkr.o)
                0x000066bc                _sbrk_r
 .text.strlen   0x000066e0       0x5c c:/program files (x86)/cypress/psoc creator/4.2/psoc creator/import/gnu/arm/5.4.1/bin/../lib/gcc/arm-none-eabi/5.4.1/../../../../arm-none-eabi/lib/armv7-m\libg.a(lib_a-strlen-stub.o)
                0x000066e0                strlen
 .text.__ssprint_r
                0x0000673c      0x100 c:/program files (x86)/cypress/psoc creator/4.2/psoc creator/import/gnu/arm/5.4.1/bin/../lib/gcc/arm-none-eabi/5.4.1/../../../../arm-none-eabi/lib/armv7-m\libg.a(lib_a-svfiprintf.o)
                0x0000673c                __ssprint_r
 .text.__register_exitproc
                0x0000683c       0xa4 c:/program files (x86)/cypress/psoc creator/4.2/psoc creator/import/gnu/arm/5.4.1/bin/../lib/gcc/arm-none-eabi/5.4.1/../../../../arm-none-eabi/lib/armv7-m\libg.a(lib_a-__atexit.o)
                0x0000683c                __register_exitproc
 .text._calloc_r
                0x000068e0       0x60 c:/program files (x86)/cypress/psoc creator/4.2/psoc creator/import/gnu/arm/5.4.1/bin/../lib/gcc/arm-none-eabi/5.4.1/../../../../arm-none-eabi/lib/armv7-m\libg.a(lib_a-callocr.o)
                0x000068e0                _calloc_r
 .text._malloc_trim_r
                0x00006940       0x9c c:/program files (x86)/cypress/psoc creator/4.2/psoc creator/import/gnu/arm/5.4.1/bin/../lib/gcc/arm-none-eabi/5.4.1/../../../../arm-none-eabi/lib/armv7-m\libg.a(lib_a-freer.o)
                0x00006940                _malloc_trim_r
 .text._free_r  0x000069dc      0x1d0 c:/program files (x86)/cypress/psoc creator/4.2/psoc creator/import/gnu/arm/5.4.1/bin/../lib/gcc/arm-none-eabi/5.4.1/../../../../arm-none-eabi/lib/armv7-m\libg.a(lib_a-freer.o)
                0x000069dc                _free_r
 .text.memmove  0x00006bac       0xc8 c:/program files (x86)/cypress/psoc creator/4.2/psoc creator/import/gnu/arm/5.4.1/bin/../lib/gcc/arm-none-eabi/5.4.1/../../../../arm-none-eabi/lib/armv7-m\libg.a(lib_a-memmove.o)
                0x00006bac                memmove
 .text._realloc_r
                0x00006c74      0x3d4 c:/program files (x86)/cypress/psoc creator/4.2/psoc creator/import/gnu/arm/5.4.1/bin/../lib/gcc/arm-none-eabi/5.4.1/../../../../arm-none-eabi/lib/armv7-m\libg.a(lib_a-reallocr.o)
                0x00006c74                _realloc_r
 .text          0x00007048       0x2c c:/program files (x86)/cypress/psoc creator/4.2/psoc creator/import/gnu/arm/5.4.1/bin/../lib/gcc/arm-none-eabi/5.4.1/armv7-m\libgcc.a(_arm_unorddf2.o)
                0x00007048                __unorddf2
                0x00007048                __aeabi_dcmpun
 .text          0x00007074       0x50 c:/program files (x86)/cypress/psoc creator/4.2/psoc creator/import/gnu/arm/5.4.1/bin/../lib/gcc/arm-none-eabi/5.4.1/armv7-m\libgcc.a(_arm_fixdfsi.o)
                0x00007074                __aeabi_d2iz
                0x00007074                __fixdfsi
 .text          0x000070c4       0x30 c:/program files (x86)/cypress/psoc creator/4.2/psoc creator/import/gnu/arm/5.4.1/bin/../lib/gcc/arm-none-eabi/5.4.1/armv7-m\libgcc.a(_aeabi_uldivmod.o)
                0x000070c4                __aeabi_uldivmod
 *(.plt)
 *(.gnu.warning)
 *(.glue_7t)
 .glue_7t       0x000070f4        0x0 linker stubs
 *(.glue_7)
 .glue_7        0x000070f4        0x0 linker stubs
 *(.vfp11_veneer)
 .vfp11_veneer  0x000070f4        0x0 linker stubs
 *(.bootloader)
 *(.ARM.extab* .gnu.linkonce.armextab.*)
 *(.gcc_except_table)

.v4_bx          0x000070f4        0x0
 .v4_bx         0x000070f4        0x0 linker stubs

.iplt           0x000070f4        0x0
 .iplt          0x000070f4        0x0 c:/program files (x86)/cypress/psoc creator/4.2/psoc creator/import/gnu/arm/5.4.1/bin/../lib/gcc/arm-none-eabi/5.4.1/armv7-m/crtbegin.o

.eh_frame_hdr
 *(.eh_frame_hdr)

.eh_frame       0x000070f4        0x4
 *(.eh_frame)
 .eh_frame      0x000070f4        0x0 c:/program files (x86)/cypress/psoc creator/4.2/psoc creator/import/gnu/arm/5.4.1/bin/../lib/gcc/arm-none-eabi/5.4.1/armv7-m/crtbegin.o
 .eh_frame      0x000070f4        0x4 c:/program files (x86)/cypress/psoc creator/4.2/psoc creator/import/gnu/arm/5.4.1/bin/../lib/gcc/arm-none-eabi/5.4.1/armv7-m/crtend.o
                [!provide]                PROVIDE (__exidx_start, .)

.ARM.exidx      0x000070f8        0x8
 *(.ARM.exidx* .gnu.linkonce.armexidx.*)
 .ARM.exidx     0x000070f8        0x8 c:/program files (x86)/cypress/psoc creator/4.2/psoc creator/import/gnu/arm/5.4.1/bin/../lib/gcc/arm-none-eabi/5.4.1/armv7-m\libgcc.a(_udivmoddi4.o)
                0x00007100                __exidx_end = .

.rodata         0x00007100      0x6d0
 *(.rodata .rodata.* .gnu.linkonce.r.*)
 .rodata.str1.4
                0x00007100       0xb3 .\CortexM3\ARM_GCC_541\Debug\main.o
 *fill*         0x000071b3        0x1 
 .rodata        0x000071b4      0x2e4 .\CortexM3\ARM_GCC_541\Debug\cyfitter_cfg.o
                0x000071b4                AMux__addrTable
                0x000073cc                AMux__maskTable
 .rodata        0x00007498      0x160 .\CortexM3\ARM_GCC_541\Debug\SAR Example.a(CAN.o)
 .rodata.str1.4
                0x000075f8        0x5 c:/program files (x86)/cypress/psoc creator/4.2/psoc creator/import/gnu/arm/5.4.1/bin/../lib/gcc/arm-none-eabi/5.4.1/../../../../arm-none-eabi/lib/armv7-m\libm.a(lib_a-wf_pow.o)
 .rodata.str1.4
                0x000075fd        0x5 c:/program files (x86)/cypress/psoc creator/4.2/psoc creator/import/gnu/arm/5.4.1/bin/../lib/gcc/arm-none-eabi/5.4.1/../../../../arm-none-eabi/lib/armv7-m\libm.a(lib_a-ef_pow.o)
                                  0x1 (size before relaxing)
 *fill*         0x000075fd        0x3 
 .rodata.TWO52  0x00007600       0x10 c:/program files (x86)/cypress/psoc creator/4.2/psoc creator/import/gnu/arm/5.4.1/bin/../lib/gcc/arm-none-eabi/5.4.1/../../../../arm-none-eabi/lib/armv7-m\libm.a(lib_a-s_rint.o)
 .rodata.str1.4
                0x00007610        0x2 c:/program files (x86)/cypress/psoc creator/4.2/psoc creator/import/gnu/arm/5.4.1/bin/../lib/gcc/arm-none-eabi/5.4.1/../../../../arm-none-eabi/lib/armv7-m\libg.a(lib_a-impure.o)
 *fill*         0x00007612        0x2 
 .rodata._global_impure_ptr
                0x00007614        0x4 c:/program files (x86)/cypress/psoc creator/4.2/psoc creator/import/gnu/arm/5.4.1/bin/../lib/gcc/arm-none-eabi/5.4.1/../../../../arm-none-eabi/lib/armv7-m\libg.a(lib_a-impure.o)
                0x00007614                _global_impure_ptr
 .rodata.blanks.7055
                0x00007618       0x10 c:/program files (x86)/cypress/psoc creator/4.2/psoc creator/import/gnu/arm/5.4.1/bin/../lib/gcc/arm-none-eabi/5.4.1/../../../../arm-none-eabi/lib/armv7-m\libg.a(lib_a-svfprintf.o)
 .rodata.str1.4
                0x00007628       0x42 c:/program files (x86)/cypress/psoc creator/4.2/psoc creator/import/gnu/arm/5.4.1/bin/../lib/gcc/arm-none-eabi/5.4.1/../../../../arm-none-eabi/lib/armv7-m\libg.a(lib_a-svfprintf.o)
 *fill*         0x0000766a        0x2 
 .rodata.zeroes.7056
                0x0000766c       0x10 c:/program files (x86)/cypress/psoc creator/4.2/psoc creator/import/gnu/arm/5.4.1/bin/../lib/gcc/arm-none-eabi/5.4.1/../../../../arm-none-eabi/lib/armv7-m\libg.a(lib_a-svfprintf.o)
 .rodata.str1.4
                0x0000767c       0x10 c:/program files (x86)/cypress/psoc creator/4.2/psoc creator/import/gnu/arm/5.4.1/bin/../lib/gcc/arm-none-eabi/5.4.1/../../../../arm-none-eabi/lib/armv7-m\libg.a(lib_a-dtoa.o)
                                 0x12 (size before relaxing)
 .rodata.str1.4
                0x0000768c        0xc c:/program files (x86)/cypress/psoc creator/4.2/psoc creator/import/gnu/arm/5.4.1/bin/../lib/gcc/arm-none-eabi/5.4.1/../../../../arm-none-eabi/lib/armv7-m\libg.a(lib_a-locale.o)
                                 0x12 (size before relaxing)
 .rodata.__mprec_tens
                0x00007698       0xc8 c:/program files (x86)/cypress/psoc creator/4.2/psoc creator/import/gnu/arm/5.4.1/bin/../lib/gcc/arm-none-eabi/5.4.1/../../../../arm-none-eabi/lib/armv7-m\libg.a(lib_a-mprec.o)
                0x00007698                __mprec_tens
 .rodata.__mprec_bigtens
                0x00007760       0x28 c:/program files (x86)/cypress/psoc creator/4.2/psoc creator/import/gnu/arm/5.4.1/bin/../lib/gcc/arm-none-eabi/5.4.1/../../../../arm-none-eabi/lib/armv7-m\libg.a(lib_a-mprec.o)
                0x00007760                __mprec_bigtens
 .rodata.p05.5396
                0x00007788        0xc c:/program files (x86)/cypress/psoc creator/4.2/psoc creator/import/gnu/arm/5.4.1/bin/../lib/gcc/arm-none-eabi/5.4.1/../../../../arm-none-eabi/lib/armv7-m\libg.a(lib_a-mprec.o)
                0x00007794                . = ALIGN (0x4)
 *(.init)
 .init          0x00007794        0x4 c:/program files (x86)/cypress/psoc creator/4.2/psoc creator/import/gnu/arm/5.4.1/bin/../lib/gcc/arm-none-eabi/5.4.1/armv7-m/crti.o
                0x00007794                _init
 .init          0x00007798        0x8 c:/program files (x86)/cypress/psoc creator/4.2/psoc creator/import/gnu/arm/5.4.1/bin/../lib/gcc/arm-none-eabi/5.4.1/armv7-m/crtn.o
                0x000077a0                . = ALIGN (0x4)
                0x000077a0                __preinit_array_start = .
 *(.preinit_array)
                0x000077a0                __preinit_array_end = .
                0x000077a0                . = ALIGN (0x4)
                0x000077a0                __init_array_start = .
 *(SORT(.init_array.*))
 .init_array.00000
                0x000077a0        0x4 c:/program files (x86)/cypress/psoc creator/4.2/psoc creator/import/gnu/arm/5.4.1/bin/../lib/gcc/arm-none-eabi/5.4.1/../../../../arm-none-eabi/lib/armv7-m\libg.a(lib_a-__call_atexit.o)
 *(.init_array)
 .init_array    0x000077a4        0x4 c:/program files (x86)/cypress/psoc creator/4.2/psoc creator/import/gnu/arm/5.4.1/bin/../lib/gcc/arm-none-eabi/5.4.1/armv7-m/crtbegin.o
 .init_array    0x000077a8        0x4 .\CortexM3\ARM_GCC_541\Debug\Cm3Start.o
                0x000077ac                __init_array_end = .
                0x000077ac                . = ALIGN (0x4)
 *(.fini)
 .fini          0x000077ac        0x4 c:/program files (x86)/cypress/psoc creator/4.2/psoc creator/import/gnu/arm/5.4.1/bin/../lib/gcc/arm-none-eabi/5.4.1/armv7-m/crti.o
                0x000077ac                _fini
 .fini          0x000077b0        0x8 c:/program files (x86)/cypress/psoc creator/4.2/psoc creator/import/gnu/arm/5.4.1/bin/../lib/gcc/arm-none-eabi/5.4.1/armv7-m/crtn.o
                0x000077b8                . = ALIGN (0x4)
                0x000077b8                __fini_array_start = .
 *(.fini_array)
 .fini_array    0x000077b8        0x4 c:/program files (x86)/cypress/psoc creator/4.2/psoc creator/import/gnu/arm/5.4.1/bin/../lib/gcc/arm-none-eabi/5.4.1/armv7-m/crtbegin.o
 *(SORT(.fini_array.*))
                0x000077bc                __fini_array_end = .
                0x000077bc                . = ALIGN (0x4)
 *crtbegin.o(.ctors)
 *(EXCLUDE_FILE(*crtend.o) .ctors)
 *(SORT(.ctors.*))
 *crtend.o(.ctors)
                0x000077bc                . = ALIGN (0x4)
 *crtbegin.o(.dtors)
 *(EXCLUDE_FILE(*crtend.o) .dtors)
 *(SORT(.dtors.*))
 *crtend.o(.dtors)
                0x000077bc                . = ALIGN (0x4)
                0x000077bc                __cy_regions = .
                0x000077bc        0x4 LONG 0x77d0 __cy_region_init_ram
                0x000077c0        0x4 LONG 0x1fff80c8 __cy_region_start_data
                0x000077c4        0x4 LONG 0x8a0 __cy_region_init_size_ram
                0x000077c8        0x4 LONG 0xb0 __cy_region_zero_size_ram
                0x000077cc                __cy_regions_end = .
                0x000077d0                . = ALIGN (0x8)
 *fill*         0x000077cc        0x4 
                0x000077d0                _etext = .

.cy_checksum_exclude
                0x000077d0        0x0
 *(.cy_checksum_exclude)

.ramvectors     0x1fff8000       0xc0
                0x1fff8000                __cy_region_start_ram = .
 *(.ramvectors)
 .ramvectors    0x1fff8000       0xc0 .\CortexM3\ARM_GCC_541\Debug\Cm3Start.o
                0x1fff8000                CyRamVectors

.noinit         0x1fff80c0        0x1
 *(.noinit)
 .noinit        0x1fff80c0        0x1 .\CortexM3\ARM_GCC_541\Debug\SAR Example.a(CyLib.o)
                0x1fff80c0                CyResetStatus

.data           0x1fff80c8      0x8a0 load address 0x000077d0
                0x1fff80c8                __cy_region_start_data = .
 *(.jcr)
 .jcr           0x1fff80c8        0x0 c:/program files (x86)/cypress/psoc creator/4.2/psoc creator/import/gnu/arm/5.4.1/bin/../lib/gcc/arm-none-eabi/5.4.1/armv7-m/crtbegin.o
 .jcr           0x1fff80c8        0x4 c:/program files (x86)/cypress/psoc creator/4.2/psoc creator/import/gnu/arm/5.4.1/bin/../lib/gcc/arm-none-eabi/5.4.1/armv7-m/crtend.o
 *(.got.plt)
 *(.got)
 *(.shdata)
 *(.data .data.* .gnu.linkonce.d.*)
 .data          0x1fff80cc        0x5 .\CortexM3\ARM_GCC_541\Debug\main.o
                0x1fff80cc                min_temp
                0x1fff80d0                switchState
 *fill*         0x1fff80d1        0x3 
 .data          0x1fff80d4        0x4 .\CortexM3\ARM_GCC_541\Debug\Cm3Start.o
 .data          0x1fff80d8       0x10 .\CortexM3\ARM_GCC_541\Debug\SAR Example.a(CyLib.o)
                0x1fff80d8                cydelay_32k_ms
                0x1fff80dc                cydelay_freq_khz
                0x1fff80e0                cydelay_freq_mhz
                0x1fff80e4                cydelay_freq_hz
 .data          0x1fff80e8        0x1 .\CortexM3\ARM_GCC_541\Debug\SAR Example.a(AMux.o)
 .data.__fdlib_version
                0x1fff80e9        0x1 c:/program files (x86)/cypress/psoc creator/4.2/psoc creator/import/gnu/arm/5.4.1/bin/../lib/gcc/arm-none-eabi/5.4.1/../../../../arm-none-eabi/lib/armv7-m\libm.a(lib_a-s_lib_ver.o)
                0x1fff80e9                __fdlib_version
 *fill*         0x1fff80ea        0x6 
 .data.impure_data
                0x1fff80f0      0x428 c:/program files (x86)/cypress/psoc creator/4.2/psoc creator/import/gnu/arm/5.4.1/bin/../lib/gcc/arm-none-eabi/5.4.1/../../../../arm-none-eabi/lib/armv7-m\libg.a(lib_a-impure.o)
 .data._impure_ptr
                0x1fff8518        0x4 c:/program files (x86)/cypress/psoc creator/4.2/psoc creator/import/gnu/arm/5.4.1/bin/../lib/gcc/arm-none-eabi/5.4.1/../../../../arm-none-eabi/lib/armv7-m\libg.a(lib_a-impure.o)
                0x1fff8518                _impure_ptr
 .data.lconv    0x1fff851c       0x38 c:/program files (x86)/cypress/psoc creator/4.2/psoc creator/import/gnu/arm/5.4.1/bin/../lib/gcc/arm-none-eabi/5.4.1/../../../../arm-none-eabi/lib/armv7-m\libg.a(lib_a-locale.o)
 .data.__malloc_av_
                0x1fff8554      0x408 c:/program files (x86)/cypress/psoc creator/4.2/psoc creator/import/gnu/arm/5.4.1/bin/../lib/gcc/arm-none-eabi/5.4.1/../../../../arm-none-eabi/lib/armv7-m\libg.a(lib_a-mallocr.o)
                0x1fff8554                __malloc_av_
 .data.__malloc_trim_threshold
                0x1fff895c        0x4 c:/program files (x86)/cypress/psoc creator/4.2/psoc creator/import/gnu/arm/5.4.1/bin/../lib/gcc/arm-none-eabi/5.4.1/../../../../arm-none-eabi/lib/armv7-m\libg.a(lib_a-mallocr.o)
                0x1fff895c                __malloc_trim_threshold
 .data.__malloc_sbrk_base
                0x1fff8960        0x4 c:/program files (x86)/cypress/psoc creator/4.2/psoc creator/import/gnu/arm/5.4.1/bin/../lib/gcc/arm-none-eabi/5.4.1/../../../../arm-none-eabi/lib/armv7-m\libg.a(lib_a-mallocr.o)
                0x1fff8960                __malloc_sbrk_base
                0x1fff8968                . = ALIGN (0x8)
 *fill*         0x1fff8964        0x4 
 *(.ram)
                0x1fff8968                _edata = .

.igot.plt       0x1fff8968        0x0 load address 0x00008070
 .igot.plt      0x1fff8968        0x0 c:/program files (x86)/cypress/psoc creator/4.2/psoc creator/import/gnu/arm/5.4.1/bin/../lib/gcc/arm-none-eabi/5.4.1/armv7-m/crtbegin.o

.bss            0x1fff8968       0xb0 load address 0x00008070
                0x1fff8968                PROVIDE (__bss_start__, .)
 *(.shbss)
 *(.bss .bss.* .gnu.linkonce.b.*)
 .bss           0x1fff8968       0x1c c:/program files (x86)/cypress/psoc creator/4.2/psoc creator/import/gnu/arm/5.4.1/bin/../lib/gcc/arm-none-eabi/5.4.1/armv7-m/crtbegin.o
 .bss           0x1fff8984        0xc .\CortexM3\ARM_GCC_541\Debug\main.o
                0x1fff8984                isrFlag
                0x1fff8988                max_temp
                0x1fff898c                avg_temp
 .bss           0x1fff8990        0x2 .\CortexM3\ARM_GCC_541\Debug\SAR Example.a(UART_1.o)
                0x1fff8990                UART_1_initVar
 .bss           0x1fff8992        0x1 .\CortexM3\ARM_GCC_541\Debug\SAR Example.a(ADC_SAR_1.o)
                0x1fff8992                ADC_SAR_1_initVar
 .bss           0x1fff8993        0x1 .\CortexM3\ARM_GCC_541\Debug\SAR Example.a(CAN.o)
                0x1fff8993                CAN_initVar
 .bss           0x1fff8994        0x1 .\CortexM3\ARM_GCC_541\Debug\SAR Example.a(Timer.o)
                0x1fff8994                Timer_initVar
 *fill*         0x1fff8995        0x3 
 .bss.__malloc_max_total_mem
                0x1fff8998        0x4 c:/program files (x86)/cypress/psoc creator/4.2/psoc creator/import/gnu/arm/5.4.1/bin/../lib/gcc/arm-none-eabi/5.4.1/../../../../arm-none-eabi/lib/armv7-m\libg.a(lib_a-mallocr.o)
                0x1fff8998                __malloc_max_total_mem
 .bss.__malloc_max_sbrked_mem
                0x1fff899c        0x4 c:/program files (x86)/cypress/psoc creator/4.2/psoc creator/import/gnu/arm/5.4.1/bin/../lib/gcc/arm-none-eabi/5.4.1/../../../../arm-none-eabi/lib/armv7-m\libg.a(lib_a-mallocr.o)
                0x1fff899c                __malloc_max_sbrked_mem
 .bss.__malloc_top_pad
                0x1fff89a0        0x4 c:/program files (x86)/cypress/psoc creator/4.2/psoc creator/import/gnu/arm/5.4.1/bin/../lib/gcc/arm-none-eabi/5.4.1/../../../../arm-none-eabi/lib/armv7-m\libg.a(lib_a-mallocr.o)
                0x1fff89a0                __malloc_top_pad
 .bss.__malloc_current_mallinfo
                0x1fff89a4       0x28 c:/program files (x86)/cypress/psoc creator/4.2/psoc creator/import/gnu/arm/5.4.1/bin/../lib/gcc/arm-none-eabi/5.4.1/../../../../arm-none-eabi/lib/armv7-m\libg.a(lib_a-mallocr.o)
                0x1fff89a4                __malloc_current_mallinfo
 *(COMMON)
 COMMON         0x1fff89cc       0x36 .\CortexM3\ARM_GCC_541\Debug\main.o
                0x1fff89cc                Temperature
                0x1fff89d0                outputstring
 *fill*         0x1fff8a02        0x2 
 COMMON         0x1fff8a04        0xa .\CortexM3\ARM_GCC_541\Debug\SAR Example.a(ADC_SAR_1.o)
                0x1fff8a04                ADC_SAR_1_countsPerVolt
                0x1fff8a06                ADC_SAR_1_shift
                0x1fff8a08                ADC_SAR_1_countsPer10Volt
                0x1fff8a0c                ADC_SAR_1_offset
 *fill*         0x1fff8a0e        0x2 
 COMMON         0x1fff8a10        0x4 c:/program files (x86)/cypress/psoc creator/4.2/psoc creator/import/gnu/arm/5.4.1/bin/../lib/gcc/arm-none-eabi/5.4.1/../../../../arm-none-eabi/lib/armv7-m\libg.a(lib_a-reent.o)
                0x1fff8a10                errno
                0x1fff8a18                . = ALIGN (0x8)
 *fill*         0x1fff8a14        0x4 
 *(.ram.b)
                0x1fff8a18                _end = .
                0x1fff8a18                __end = .
                0x1fff8a18                PROVIDE (end, .)
                0x1fff8a18                PROVIDE (__bss_end__, .)
                0x000077d0                __cy_region_init_ram = LOADADDR (.data)
                0x000008a0                __cy_region_init_size_ram = (_edata - ADDR (.data))
                0x000000b0                __cy_region_zero_size_ram = (_end - _edata)

.heap           0x1fff8a18     0x1000 load address 0x00008070
                0x1fff8a18                . = _end
                0x1fff9a18                . = (. + 0x1000)
 *fill*         0x1fff8a18     0x1000 
                0x1fff9a18                __cy_heap_limit = .

.stack          0x20004000     0x4000
                0x20004000                __cy_stack_limit = .
                0x20008000                . = (. + 0x4000)
 *fill*         0x20004000     0x4000 
                0x00000001                ASSERT ((__cy_stack_limit >= __cy_heap_limit), region RAM overflowed with stack)
                0x00000000                cy_checksum_exclude_size = (CY_APPL_LOADABLE == 0x1)?SIZEOF (.cy_checksum_exclude):0x0
                0x00000001                ASSERT ((cy_checksum_exclude_size <= CY_CHECKSUM_EXCLUDE_SIZE), CY_BOOT: Section .cy_checksum_exclude size exceedes specified limit.)

.cyloadermeta
 *(.cyloadermeta)

.cyloadablemeta
 *(.cyloadablemeta)

.cyconfigecc    0x80000000      0x378
 *(.cyconfigecc)
 .cyconfigecc   0x80000000      0x378 .\CortexM3\ARM_GCC_541\Debug\cymetadata.o
                0x80000000                cy_meta_configecc

.cycustnvl      0x90000000        0x4
 *(.cycustnvl)
 .cycustnvl     0x90000000        0x4 .\CortexM3\ARM_GCC_541\Debug\cymetadata.o
                0x90000000                cy_meta_custnvl

.cywolatch      0x90100000        0x4
 *(.cywolatch)
 .cywolatch     0x90100000        0x4 .\CortexM3\ARM_GCC_541\Debug\cymetadata.o
                0x90100000                cy_meta_wonvl

.cyeeprom       0x90200000        0x0
 *(.cyeeprom)
                0x00000001                ASSERT ((. <= ((0x90200000 + ee_offset) + ee_size)), .cyeeprom data will not fit in EEPROM)

.cyflashprotect
                0x90400000      0x100
 *(.cyflashprotect)
 .cyflashprotect
                0x90400000      0x100 .\CortexM3\ARM_GCC_541\Debug\cymetadata.o
                0x90400000                cy_meta_flashprotect

.cymeta         0x90500000        0xc
 *(.cymeta)
 .cymeta        0x90500000        0xc .\CortexM3\ARM_GCC_541\Debug\cymetadata.o
                0x90500000                cy_metadata

.rel.dyn        0x00008070        0x0 load address 0x9050000c
 .rel.iplt      0x00008070        0x0 c:/program files (x86)/cypress/psoc creator/4.2/psoc creator/import/gnu/arm/5.4.1/bin/../lib/gcc/arm-none-eabi/5.4.1/armv7-m/crtbegin.o

.stab
 *(.stab)

.stabstr
 *(.stabstr)

.debug
 *(.debug)

.line
 *(.line)

.debug_srcinfo
 *(.debug_srcinfo)

.debug_sfnames
 *(.debug_sfnames)

.debug_aranges  0x00000000      0xa50
 *(.debug_aranges)
 .debug_aranges
                0x00000000       0x38 .\CortexM3\ARM_GCC_541\Debug\main.o
 .debug_aranges
                0x00000038       0x68 .\CortexM3\ARM_GCC_541\Debug\cyfitter_cfg.o
 .debug_aranges
                0x000000a0       0x18 .\CortexM3\ARM_GCC_541\Debug\cymetadata.o
 .debug_aranges
                0x000000b8       0x48 .\CortexM3\ARM_GCC_541\Debug\Cm3Start.o
 .debug_aranges
                0x00000100      0x298 .\CortexM3\ARM_GCC_541\Debug\SAR Example.a(CyLib.o)
 .debug_aranges
                0x00000398       0x98 .\CortexM3\ARM_GCC_541\Debug\SAR Example.a(cyPm.o)
 .debug_aranges
                0x00000430       0xf0 .\CortexM3\ARM_GCC_541\Debug\SAR Example.a(UART_1.o)
 .debug_aranges
                0x00000520       0x70 .\CortexM3\ARM_GCC_541\Debug\SAR Example.a(UART_1_IntClock.o)
 .debug_aranges
                0x00000590       0xa8 .\CortexM3\ARM_GCC_541\Debug\SAR Example.a(ADC_SAR_1.o)
 .debug_aranges
                0x00000638       0x20 .\CortexM3\ARM_GCC_541\Debug\SAR Example.a(ADC_SAR_1_INT.o)
 .debug_aranges
                0x00000658       0x80 .\CortexM3\ARM_GCC_541\Debug\SAR Example.a(ADC_SAR_1_theACLK.o)
 .debug_aranges
                0x000006d8       0xc8 .\CortexM3\ARM_GCC_541\Debug\SAR Example.a(CAN.o)
 .debug_aranges
                0x000007a0       0x20 .\CortexM3\ARM_GCC_541\Debug\SAR Example.a(CAN_INT.o)
 .debug_aranges
                0x000007c0       0x40 .\CortexM3\ARM_GCC_541\Debug\SAR Example.a(CAN_TX_RX_func.o)
 .debug_aranges
                0x00000800       0x30 .\CortexM3\ARM_GCC_541\Debug\SAR Example.a(AMux.o)
 .debug_aranges
                0x00000830       0x80 .\CortexM3\ARM_GCC_541\Debug\SAR Example.a(Timer_Int.o)
 .debug_aranges
                0x000008b0       0x88 .\CortexM3\ARM_GCC_541\Debug\SAR Example.a(Timer.o)
 .debug_aranges
                0x00000938       0x20 .\CortexM3\ARM_GCC_541\Debug\SAR Example.a(CyBootAsmGnu.o)
 .debug_aranges
                0x00000958       0x80 .\CortexM3\ARM_GCC_541\Debug\SAR Example.a(CyFlash.o)
 .debug_aranges
                0x000009d8       0x78 .\CortexM3\ARM_GCC_541\Debug\SAR Example.a(CySpc.o)

.debug_pubnames
 *(.debug_pubnames)

.debug_info     0x00000000     0x6235
 *(.debug_info .gnu.linkonce.wi.*)
 .debug_info    0x00000000      0x80a .\CortexM3\ARM_GCC_541\Debug\main.o
 .debug_info    0x0000080a      0x720 .\CortexM3\ARM_GCC_541\Debug\cyfitter_cfg.o
 .debug_info    0x00000f2a      0x135 .\CortexM3\ARM_GCC_541\Debug\cymetadata.o
 .debug_info    0x0000105f      0x3a5 .\CortexM3\ARM_GCC_541\Debug\Cm3Start.o
 .debug_info    0x00001404     0x135b .\CortexM3\ARM_GCC_541\Debug\SAR Example.a(CyLib.o)
 .debug_info    0x0000275f      0xa1b .\CortexM3\ARM_GCC_541\Debug\SAR Example.a(cyPm.o)
 .debug_info    0x0000317a      0x609 .\CortexM3\ARM_GCC_541\Debug\SAR Example.a(UART_1.o)
 .debug_info    0x00003783      0x281 .\CortexM3\ARM_GCC_541\Debug\SAR Example.a(UART_1_IntClock.o)
 .debug_info    0x00003a04      0x5b8 .\CortexM3\ARM_GCC_541\Debug\SAR Example.a(ADC_SAR_1.o)
 .debug_info    0x00003fbc       0x92 .\CortexM3\ARM_GCC_541\Debug\SAR Example.a(ADC_SAR_1_INT.o)
 .debug_info    0x0000404e      0x2c2 .\CortexM3\ARM_GCC_541\Debug\SAR Example.a(ADC_SAR_1_theACLK.o)
 .debug_info    0x00004310      0x8f8 .\CortexM3\ARM_GCC_541\Debug\SAR Example.a(CAN.o)
 .debug_info    0x00004c08       0xa0 .\CortexM3\ARM_GCC_541\Debug\SAR Example.a(CAN_INT.o)
 .debug_info    0x00004ca8      0x388 .\CortexM3\ARM_GCC_541\Debug\SAR Example.a(CAN_TX_RX_func.o)
 .debug_info    0x00005030      0x145 .\CortexM3\ARM_GCC_541\Debug\SAR Example.a(AMux.o)
 .debug_info    0x00005175      0x2d0 .\CortexM3\ARM_GCC_541\Debug\SAR Example.a(Timer_Int.o)
 .debug_info    0x00005445      0x291 .\CortexM3\ARM_GCC_541\Debug\SAR Example.a(Timer.o)
 .debug_info    0x000056d6       0xbb .\CortexM3\ARM_GCC_541\Debug\SAR Example.a(CyBootAsmGnu.o)
 .debug_info    0x00005791      0x5b8 .\CortexM3\ARM_GCC_541\Debug\SAR Example.a(CyFlash.o)
 .debug_info    0x00005d49      0x4ec .\CortexM3\ARM_GCC_541\Debug\SAR Example.a(CySpc.o)

.debug_abbrev   0x00000000     0x19e7
 *(.debug_abbrev)
 .debug_abbrev  0x00000000      0x19a .\CortexM3\ARM_GCC_541\Debug\main.o
 .debug_abbrev  0x0000019a      0x22d .\CortexM3\ARM_GCC_541\Debug\cyfitter_cfg.o
 .debug_abbrev  0x000003c7       0x66 .\CortexM3\ARM_GCC_541\Debug\cymetadata.o
 .debug_abbrev  0x0000042d      0x203 .\CortexM3\ARM_GCC_541\Debug\Cm3Start.o
 .debug_abbrev  0x00000630      0x254 .\CortexM3\ARM_GCC_541\Debug\SAR Example.a(CyLib.o)
 .debug_abbrev  0x00000884      0x1b8 .\CortexM3\ARM_GCC_541\Debug\SAR Example.a(cyPm.o)
 .debug_abbrev  0x00000a3c      0x182 .\CortexM3\ARM_GCC_541\Debug\SAR Example.a(UART_1.o)
 .debug_abbrev  0x00000bbe      0x146 .\CortexM3\ARM_GCC_541\Debug\SAR Example.a(UART_1_IntClock.o)
 .debug_abbrev  0x00000d04      0x1b9 .\CortexM3\ARM_GCC_541\Debug\SAR Example.a(ADC_SAR_1.o)
 .debug_abbrev  0x00000ebd       0x42 .\CortexM3\ARM_GCC_541\Debug\SAR Example.a(ADC_SAR_1_INT.o)
 .debug_abbrev  0x00000eff      0x12e .\CortexM3\ARM_GCC_541\Debug\SAR Example.a(ADC_SAR_1_theACLK.o)
 .debug_abbrev  0x0000102d      0x195 .\CortexM3\ARM_GCC_541\Debug\SAR Example.a(CAN.o)
 .debug_abbrev  0x000011c2       0x42 .\CortexM3\ARM_GCC_541\Debug\SAR Example.a(CAN_INT.o)
 .debug_abbrev  0x00001204      0x14d .\CortexM3\ARM_GCC_541\Debug\SAR Example.a(CAN_TX_RX_func.o)
 .debug_abbrev  0x00001351       0xb1 .\CortexM3\ARM_GCC_541\Debug\SAR Example.a(AMux.o)
 .debug_abbrev  0x00001402      0x180 .\CortexM3\ARM_GCC_541\Debug\SAR Example.a(Timer_Int.o)
 .debug_abbrev  0x00001582      0x127 .\CortexM3\ARM_GCC_541\Debug\SAR Example.a(Timer.o)
 .debug_abbrev  0x000016a9       0x14 .\CortexM3\ARM_GCC_541\Debug\SAR Example.a(CyBootAsmGnu.o)
 .debug_abbrev  0x000016bd      0x189 .\CortexM3\ARM_GCC_541\Debug\SAR Example.a(CyFlash.o)
 .debug_abbrev  0x00001846      0x1a1 .\CortexM3\ARM_GCC_541\Debug\SAR Example.a(CySpc.o)

.debug_line     0x00000000     0x2915
 *(.debug_line)
 .debug_line    0x00000000      0x2f9 .\CortexM3\ARM_GCC_541\Debug\main.o
 .debug_line    0x000002f9      0x238 .\CortexM3\ARM_GCC_541\Debug\cyfitter_cfg.o
 .debug_line    0x00000531      0x141 .\CortexM3\ARM_GCC_541\Debug\cymetadata.o
 .debug_line    0x00000672      0x234 .\CortexM3\ARM_GCC_541\Debug\Cm3Start.o
 .debug_line    0x000008a6      0x804 .\CortexM3\ARM_GCC_541\Debug\SAR Example.a(CyLib.o)
 .debug_line    0x000010aa      0x364 .\CortexM3\ARM_GCC_541\Debug\SAR Example.a(cyPm.o)
 .debug_line    0x0000140e      0x2c0 .\CortexM3\ARM_GCC_541\Debug\SAR Example.a(UART_1.o)
 .debug_line    0x000016ce      0x17e .\CortexM3\ARM_GCC_541\Debug\SAR Example.a(UART_1_IntClock.o)
 .debug_line    0x0000184c      0x220 .\CortexM3\ARM_GCC_541\Debug\SAR Example.a(ADC_SAR_1.o)
 .debug_line    0x00001a6c       0x56 .\CortexM3\ARM_GCC_541\Debug\SAR Example.a(ADC_SAR_1_INT.o)
 .debug_line    0x00001ac2      0x1a3 .\CortexM3\ARM_GCC_541\Debug\SAR Example.a(ADC_SAR_1_theACLK.o)
 .debug_line    0x00001c65      0x37e .\CortexM3\ARM_GCC_541\Debug\SAR Example.a(CAN.o)
 .debug_line    0x00001fe3       0x50 .\CortexM3\ARM_GCC_541\Debug\SAR Example.a(CAN_INT.o)
 .debug_line    0x00002033      0x126 .\CortexM3\ARM_GCC_541\Debug\SAR Example.a(CAN_TX_RX_func.o)
 .debug_line    0x00002159       0xa8 .\CortexM3\ARM_GCC_541\Debug\SAR Example.a(AMux.o)
 .debug_line    0x00002201      0x136 .\CortexM3\ARM_GCC_541\Debug\SAR Example.a(Timer_Int.o)
 .debug_line    0x00002337      0x153 .\CortexM3\ARM_GCC_541\Debug\SAR Example.a(Timer.o)
 .debug_line    0x0000248a       0x66 .\CortexM3\ARM_GCC_541\Debug\SAR Example.a(CyBootAsmGnu.o)
 .debug_line    0x000024f0      0x1e9 .\CortexM3\ARM_GCC_541\Debug\SAR Example.a(CyFlash.o)
 .debug_line    0x000026d9      0x23c .\CortexM3\ARM_GCC_541\Debug\SAR Example.a(CySpc.o)

.debug_frame    0x00000000     0x24cc
 *(.debug_frame)
 .debug_frame   0x00000000       0xa0 .\CortexM3\ARM_GCC_541\Debug\main.o
 .debug_frame   0x000000a0      0x134 .\CortexM3\ARM_GCC_541\Debug\cyfitter_cfg.o
 .debug_frame   0x000001d4       0xac .\CortexM3\ARM_GCC_541\Debug\Cm3Start.o
 .debug_frame   0x00000280      0x728 .\CortexM3\ARM_GCC_541\Debug\SAR Example.a(CyLib.o)
 .debug_frame   0x000009a8      0x1f8 .\CortexM3\ARM_GCC_541\Debug\SAR Example.a(cyPm.o)
 .debug_frame   0x00000ba0      0x250 .\CortexM3\ARM_GCC_541\Debug\SAR Example.a(UART_1.o)
 .debug_frame   0x00000df0       0xe0 .\CortexM3\ARM_GCC_541\Debug\SAR Example.a(UART_1_IntClock.o)
 .debug_frame   0x00000ed0      0x1b4 .\CortexM3\ARM_GCC_541\Debug\SAR Example.a(ADC_SAR_1.o)
 .debug_frame   0x00001084       0x20 .\CortexM3\ARM_GCC_541\Debug\SAR Example.a(ADC_SAR_1_INT.o)
 .debug_frame   0x000010a4      0x100 .\CortexM3\ARM_GCC_541\Debug\SAR Example.a(ADC_SAR_1_theACLK.o)
 .debug_frame   0x000011a4      0x1cc .\CortexM3\ARM_GCC_541\Debug\SAR Example.a(CAN.o)
 .debug_frame   0x00001370       0x20 .\CortexM3\ARM_GCC_541\Debug\SAR Example.a(CAN_INT.o)
 .debug_frame   0x00001390       0x74 .\CortexM3\ARM_GCC_541\Debug\SAR Example.a(CAN_TX_RX_func.o)
 .debug_frame   0x00001404       0x64 .\CortexM3\ARM_GCC_541\Debug\SAR Example.a(AMux.o)
 .debug_frame   0x00001468      0x104 .\CortexM3\ARM_GCC_541\Debug\SAR Example.a(Timer_Int.o)
 .debug_frame   0x0000156c      0x108 .\CortexM3\ARM_GCC_541\Debug\SAR Example.a(Timer.o)
 .debug_frame   0x00001674      0x174 .\CortexM3\ARM_GCC_541\Debug\SAR Example.a(CyFlash.o)
 .debug_frame   0x000017e8      0x160 .\CortexM3\ARM_GCC_541\Debug\SAR Example.a(CySpc.o)
 .debug_frame   0x00001948       0x4c c:/program files (x86)/cypress/psoc creator/4.2/psoc creator/import/gnu/arm/5.4.1/bin/../lib/gcc/arm-none-eabi/5.4.1/../../../../arm-none-eabi/lib/armv7-m\libm.a(lib_a-wf_pow.o)
 .debug_frame   0x00001994       0x64 c:/program files (x86)/cypress/psoc creator/4.2/psoc creator/import/gnu/arm/5.4.1/bin/../lib/gcc/arm-none-eabi/5.4.1/../../../../arm-none-eabi/lib/armv7-m\libm.a(lib_a-ef_pow.o)
 .debug_frame   0x000019f8       0x2c c:/program files (x86)/cypress/psoc creator/4.2/psoc creator/import/gnu/arm/5.4.1/bin/../lib/gcc/arm-none-eabi/5.4.1/../../../../arm-none-eabi/lib/armv7-m\libm.a(lib_a-ef_sqrt.o)
 .debug_frame   0x00001a24       0x20 c:/program files (x86)/cypress/psoc creator/4.2/psoc creator/import/gnu/arm/5.4.1/bin/../lib/gcc/arm-none-eabi/5.4.1/../../../../arm-none-eabi/lib/armv7-m\libm.a(lib_a-s_matherr.o)
 .debug_frame   0x00001a44       0x3c c:/program files (x86)/cypress/psoc creator/4.2/psoc creator/import/gnu/arm/5.4.1/bin/../lib/gcc/arm-none-eabi/5.4.1/../../../../arm-none-eabi/lib/armv7-m\libm.a(lib_a-s_rint.o)
 .debug_frame   0x00001a80       0x20 c:/program files (x86)/cypress/psoc creator/4.2/psoc creator/import/gnu/arm/5.4.1/bin/../lib/gcc/arm-none-eabi/5.4.1/../../../../arm-none-eabi/lib/armv7-m\libm.a(lib_a-sf_fabs.o)
 .debug_frame   0x00001aa0       0x20 c:/program files (x86)/cypress/psoc creator/4.2/psoc creator/import/gnu/arm/5.4.1/bin/../lib/gcc/arm-none-eabi/5.4.1/../../../../arm-none-eabi/lib/armv7-m\libm.a(lib_a-sf_finite.o)
 .debug_frame   0x00001ac0       0x20 c:/program files (x86)/cypress/psoc creator/4.2/psoc creator/import/gnu/arm/5.4.1/bin/../lib/gcc/arm-none-eabi/5.4.1/../../../../arm-none-eabi/lib/armv7-m\libm.a(lib_a-sf_nan.o)
 .debug_frame   0x00001ae0       0x2c c:/program files (x86)/cypress/psoc creator/4.2/psoc creator/import/gnu/arm/5.4.1/bin/../lib/gcc/arm-none-eabi/5.4.1/../../../../arm-none-eabi/lib/armv7-m\libm.a(lib_a-sf_scalbn.o)
 .debug_frame   0x00001b0c       0x20 c:/program files (x86)/cypress/psoc creator/4.2/psoc creator/import/gnu/arm/5.4.1/bin/../lib/gcc/arm-none-eabi/5.4.1/../../../../arm-none-eabi/lib/armv7-m\libm.a(lib_a-sf_copysign.o)
 .debug_frame   0x00001b2c       0x44 c:/program files (x86)/cypress/psoc creator/4.2/psoc creator/import/gnu/arm/5.4.1/bin/../lib/gcc/arm-none-eabi/5.4.1/armv7-m\libgcc.a(_aeabi_ldivmod.o)
 .debug_frame   0x00001b70       0x38 c:/program files (x86)/cypress/psoc creator/4.2/psoc creator/import/gnu/arm/5.4.1/bin/../lib/gcc/arm-none-eabi/5.4.1/armv7-m\libgcc.a(_udivmoddi4.o)
 .debug_frame   0x00001ba8       0x20 c:/program files (x86)/cypress/psoc creator/4.2/psoc creator/import/gnu/arm/5.4.1/bin/../lib/gcc/arm-none-eabi/5.4.1/../../../../arm-none-eabi/lib/armv7-m\libg.a(lib_a-errno.o)
 .debug_frame   0x00001bc8       0x28 c:/program files (x86)/cypress/psoc creator/4.2/psoc creator/import/gnu/arm/5.4.1/bin/../lib/gcc/arm-none-eabi/5.4.1/../../../../arm-none-eabi/lib/armv7-m\libg.a(lib_a-exit.o)
 .debug_frame   0x00001bf0       0x2c c:/program files (x86)/cypress/psoc creator/4.2/psoc creator/import/gnu/arm/5.4.1/bin/../lib/gcc/arm-none-eabi/5.4.1/../../../../arm-none-eabi/lib/armv7-m\libg.a(lib_a-init.o)
 .debug_frame   0x00001c1c       0x34 c:/program files (x86)/cypress/psoc creator/4.2/psoc creator/import/gnu/arm/5.4.1/bin/../lib/gcc/arm-none-eabi/5.4.1/../../../../arm-none-eabi/lib/armv7-m\libg.a(lib_a-memset.o)
 .debug_frame   0x00001c50       0x84 c:/program files (x86)/cypress/psoc creator/4.2/psoc creator/import/gnu/arm/5.4.1/bin/../lib/gcc/arm-none-eabi/5.4.1/../../../../arm-none-eabi/lib/armv7-m\libg.a(lib_a-sprintf.o)
 .debug_frame   0x00001cd4       0x44 c:/program files (x86)/cypress/psoc creator/4.2/psoc creator/import/gnu/arm/5.4.1/bin/../lib/gcc/arm-none-eabi/5.4.1/../../../../arm-none-eabi/lib/armv7-m\libg.a(lib_a-svfprintf.o)
 .debug_frame   0x00001d18       0x50 c:/program files (x86)/cypress/psoc creator/4.2/psoc creator/import/gnu/arm/5.4.1/bin/../lib/gcc/arm-none-eabi/5.4.1/../../../../arm-none-eabi/lib/armv7-m\libg.a(lib_a-__call_atexit.o)
 .debug_frame   0x00001d68       0x20 c:/program files (x86)/cypress/psoc creator/4.2/psoc creator/import/gnu/arm/5.4.1/bin/../lib/gcc/arm-none-eabi/5.4.1/../../../../arm-none-eabi/lib/armv7-m\libg.a(lib_a-atexit.o)
 .debug_frame   0x00001d88       0x84 c:/program files (x86)/cypress/psoc creator/4.2/psoc creator/import/gnu/arm/5.4.1/bin/../lib/gcc/arm-none-eabi/5.4.1/../../../../arm-none-eabi/lib/armv7-m\libg.a(lib_a-dtoa.o)
 .debug_frame   0x00001e0c       0x34 c:/program files (x86)/cypress/psoc creator/4.2/psoc creator/import/gnu/arm/5.4.1/bin/../lib/gcc/arm-none-eabi/5.4.1/../../../../arm-none-eabi/lib/armv7-m\libg.a(lib_a-fini.o)
 .debug_frame   0x00001e40       0x9c c:/program files (x86)/cypress/psoc creator/4.2/psoc creator/import/gnu/arm/5.4.1/bin/../lib/gcc/arm-none-eabi/5.4.1/../../../../arm-none-eabi/lib/armv7-m\libg.a(lib_a-locale.o)
 .debug_frame   0x00001edc       0x54 c:/program files (x86)/cypress/psoc creator/4.2/psoc creator/import/gnu/arm/5.4.1/bin/../lib/gcc/arm-none-eabi/5.4.1/../../../../arm-none-eabi/lib/armv7-m\libg.a(lib_a-mallocr.o)
 .debug_frame   0x00001f30       0x34 c:/program files (x86)/cypress/psoc creator/4.2/psoc creator/import/gnu/arm/5.4.1/bin/../lib/gcc/arm-none-eabi/5.4.1/../../../../arm-none-eabi/lib/armv7-m\libg.a(lib_a-memchr-stub.o)
 .debug_frame   0x00001f64       0x30 c:/program files (x86)/cypress/psoc creator/4.2/psoc creator/import/gnu/arm/5.4.1/bin/../lib/gcc/arm-none-eabi/5.4.1/../../../../arm-none-eabi/lib/armv7-m\libg.a(lib_a-mlock.o)
 .debug_frame   0x00001f94      0x264 c:/program files (x86)/cypress/psoc creator/4.2/psoc creator/import/gnu/arm/5.4.1/bin/../lib/gcc/arm-none-eabi/5.4.1/../../../../arm-none-eabi/lib/armv7-m\libg.a(lib_a-mprec.o)
 .debug_frame   0x000021f8       0x2c c:/program files (x86)/cypress/psoc creator/4.2/psoc creator/import/gnu/arm/5.4.1/bin/../lib/gcc/arm-none-eabi/5.4.1/../../../../arm-none-eabi/lib/armv7-m\libg.a(lib_a-sbrkr.o)
 .debug_frame   0x00002224       0x34 c:/program files (x86)/cypress/psoc creator/4.2/psoc creator/import/gnu/arm/5.4.1/bin/../lib/gcc/arm-none-eabi/5.4.1/../../../../arm-none-eabi/lib/armv7-m\libg.a(lib_a-strcmp.o)
 .debug_frame   0x00002258       0x20 c:/program files (x86)/cypress/psoc creator/4.2/psoc creator/import/gnu/arm/5.4.1/bin/../lib/gcc/arm-none-eabi/5.4.1/../../../../arm-none-eabi/lib/armv7-m\libg.a(lib_a-strlen-stub.o)
 .debug_frame   0x00002278       0x78 c:/program files (x86)/cypress/psoc creator/4.2/psoc creator/import/gnu/arm/5.4.1/bin/../lib/gcc/arm-none-eabi/5.4.1/../../../../arm-none-eabi/lib/armv7-m\libg.a(lib_a-svfiprintf.o)
 .debug_frame   0x000022f0       0x34 c:/program files (x86)/cypress/psoc creator/4.2/psoc creator/import/gnu/arm/5.4.1/bin/../lib/gcc/arm-none-eabi/5.4.1/../../../../arm-none-eabi/lib/armv7-m\libg.a(lib_a-__atexit.o)
 .debug_frame   0x00002324       0x28 c:/program files (x86)/cypress/psoc creator/4.2/psoc creator/import/gnu/arm/5.4.1/bin/../lib/gcc/arm-none-eabi/5.4.1/../../../../arm-none-eabi/lib/armv7-m\libg.a(lib_a-callocr.o)
 .debug_frame   0x0000234c       0x74 c:/program files (x86)/cypress/psoc creator/4.2/psoc creator/import/gnu/arm/5.4.1/bin/../lib/gcc/arm-none-eabi/5.4.1/../../../../arm-none-eabi/lib/armv7-m\libg.a(lib_a-freer.o)
 .debug_frame   0x000023c0       0x30 c:/program files (x86)/cypress/psoc creator/4.2/psoc creator/import/gnu/arm/5.4.1/bin/../lib/gcc/arm-none-eabi/5.4.1/../../../../arm-none-eabi/lib/armv7-m\libg.a(lib_a-memmove.o)
 .debug_frame   0x000023f0       0x58 c:/program files (x86)/cypress/psoc creator/4.2/psoc creator/import/gnu/arm/5.4.1/bin/../lib/gcc/arm-none-eabi/5.4.1/../../../../arm-none-eabi/lib/armv7-m\libg.a(lib_a-reallocr.o)
 .debug_frame   0x00002448       0x58 c:/program files (x86)/cypress/psoc creator/4.2/psoc creator/import/gnu/arm/5.4.1/bin/../lib/gcc/arm-none-eabi/5.4.1/../../../../arm-none-eabi/lib/armv7-m\libg.a(lib_a-reent.o)
 .debug_frame   0x000024a0       0x2c c:/program files (x86)/cypress/psoc creator/4.2/psoc creator/import/gnu/arm/5.4.1/bin/../lib/gcc/arm-none-eabi/5.4.1/armv7-m\libgcc.a(_aeabi_uldivmod.o)

.debug_str      0x00000000     0x233d
 *(.debug_str)
 .debug_str     0x00000000      0x3ef .\CortexM3\ARM_GCC_541\Debug\main.o
                                0x44f (size before relaxing)
 .debug_str     0x000003ef      0x1e3 .\CortexM3\ARM_GCC_541\Debug\cyfitter_cfg.o
                                0x3b5 (size before relaxing)
 .debug_str     0x000005d2       0x7f .\CortexM3\ARM_GCC_541\Debug\cymetadata.o
                                0x20f (size before relaxing)
 .debug_str     0x00000651      0x144 .\CortexM3\ARM_GCC_541\Debug\Cm3Start.o
                                0x335 (size before relaxing)
 .debug_str     0x00000795      0x816 .\CortexM3\ARM_GCC_541\Debug\SAR Example.a(CyLib.o)
                                0xa5a (size before relaxing)
 .debug_str     0x00000fab      0x359 .\CortexM3\ARM_GCC_541\Debug\SAR Example.a(cyPm.o)
                                0x752 (size before relaxing)
 .debug_str     0x00001304      0x2c0 .\CortexM3\ARM_GCC_541\Debug\SAR Example.a(UART_1.o)
                                0x4de (size before relaxing)
 .debug_str     0x000015c4      0x197 .\CortexM3\ARM_GCC_541\Debug\SAR Example.a(UART_1_IntClock.o)
                                0x379 (size before relaxing)
 .debug_str     0x0000175b      0x1e3 .\CortexM3\ARM_GCC_541\Debug\SAR Example.a(ADC_SAR_1.o)
                                0x4e8 (size before relaxing)
 .debug_str     0x0000193e       0x35 .\CortexM3\ARM_GCC_541\Debug\SAR Example.a(ADC_SAR_1_INT.o)
                                0x1c6 (size before relaxing)
 .debug_str     0x00001973      0x1bc .\CortexM3\ARM_GCC_541\Debug\SAR Example.a(ADC_SAR_1_theACLK.o)
                                0x3e0 (size before relaxing)
 .debug_str     0x00001b2f      0x24d .\CortexM3\ARM_GCC_541\Debug\SAR Example.a(CAN.o)
                                0x50c (size before relaxing)
 .debug_str     0x00001d7c       0x29 .\CortexM3\ARM_GCC_541\Debug\SAR Example.a(CAN_INT.o)
                                0x1cf (size before relaxing)
 .debug_str     0x00001da5       0xaf .\CortexM3\ARM_GCC_541\Debug\SAR Example.a(CAN_TX_RX_func.o)
                                0x306 (size before relaxing)
 .debug_str     0x00001e54       0x47 .\CortexM3\ARM_GCC_541\Debug\SAR Example.a(AMux.o)
                                0x215 (size before relaxing)
 .debug_str     0x00001e9b      0x10c .\CortexM3\ARM_GCC_541\Debug\SAR Example.a(Timer_Int.o)
                                0x309 (size before relaxing)
 .debug_str     0x00001fa7      0x14e .\CortexM3\ARM_GCC_541\Debug\SAR Example.a(Timer.o)
                                0x320 (size before relaxing)
 .debug_str     0x000020f5      0x19c .\CortexM3\ARM_GCC_541\Debug\SAR Example.a(CyFlash.o)
                                0x3cc (size before relaxing)
 .debug_str     0x00002291       0xac .\CortexM3\ARM_GCC_541\Debug\SAR Example.a(CySpc.o)
                                0x355 (size before relaxing)

.debug_loc      0x00000000     0x2f18
 *(.debug_loc)
 .debug_loc     0x00000000      0x20a .\CortexM3\ARM_GCC_541\Debug\main.o
 .debug_loc     0x0000020a      0x35d .\CortexM3\ARM_GCC_541\Debug\cyfitter_cfg.o
 .debug_loc     0x00000567      0x144 .\CortexM3\ARM_GCC_541\Debug\Cm3Start.o
 .debug_loc     0x000006ab      0xa11 .\CortexM3\ARM_GCC_541\Debug\SAR Example.a(CyLib.o)
 .debug_loc     0x000010bc      0x1e4 .\CortexM3\ARM_GCC_541\Debug\SAR Example.a(cyPm.o)
 .debug_loc     0x000012a0      0x258 .\CortexM3\ARM_GCC_541\Debug\SAR Example.a(UART_1.o)
 .debug_loc     0x000014f8      0x12c .\CortexM3\ARM_GCC_541\Debug\SAR Example.a(UART_1_IntClock.o)
 .debug_loc     0x00001624      0x295 .\CortexM3\ARM_GCC_541\Debug\SAR Example.a(ADC_SAR_1.o)
 .debug_loc     0x000018b9      0x14d .\CortexM3\ARM_GCC_541\Debug\SAR Example.a(ADC_SAR_1_theACLK.o)
 .debug_loc     0x00001a06      0x980 .\CortexM3\ARM_GCC_541\Debug\SAR Example.a(CAN.o)
 .debug_loc     0x00002386      0x1b2 .\CortexM3\ARM_GCC_541\Debug\SAR Example.a(CAN_TX_RX_func.o)
 .debug_loc     0x00002538       0x4b .\CortexM3\ARM_GCC_541\Debug\SAR Example.a(AMux.o)
 .debug_loc     0x00002583       0x56 .\CortexM3\ARM_GCC_541\Debug\SAR Example.a(Timer_Int.o)
 .debug_loc     0x000025d9      0x2f2 .\CortexM3\ARM_GCC_541\Debug\SAR Example.a(CyFlash.o)
 .debug_loc     0x000028cb      0x64d .\CortexM3\ARM_GCC_541\Debug\SAR Example.a(CySpc.o)

.debug_macinfo
 *(.debug_macinfo)

.debug_ranges   0x00000000      0x8f8
 *(.debug_ranges)
 .debug_ranges  0x00000000       0x28 .\CortexM3\ARM_GCC_541\Debug\main.o
 .debug_ranges  0x00000028       0x58 .\CortexM3\ARM_GCC_541\Debug\cyfitter_cfg.o
 .debug_ranges  0x00000080       0x38 .\CortexM3\ARM_GCC_541\Debug\Cm3Start.o
 .debug_ranges  0x000000b8      0x288 .\CortexM3\ARM_GCC_541\Debug\SAR Example.a(CyLib.o)
 .debug_ranges  0x00000340       0x88 .\CortexM3\ARM_GCC_541\Debug\SAR Example.a(cyPm.o)
 .debug_ranges  0x000003c8       0xe0 .\CortexM3\ARM_GCC_541\Debug\SAR Example.a(UART_1.o)
 .debug_ranges  0x000004a8       0x60 .\CortexM3\ARM_GCC_541\Debug\SAR Example.a(UART_1_IntClock.o)
 .debug_ranges  0x00000508       0x98 .\CortexM3\ARM_GCC_541\Debug\SAR Example.a(ADC_SAR_1.o)
 .debug_ranges  0x000005a0       0x10 .\CortexM3\ARM_GCC_541\Debug\SAR Example.a(ADC_SAR_1_INT.o)
 .debug_ranges  0x000005b0       0x70 .\CortexM3\ARM_GCC_541\Debug\SAR Example.a(ADC_SAR_1_theACLK.o)
 .debug_ranges  0x00000620       0xb8 .\CortexM3\ARM_GCC_541\Debug\SAR Example.a(CAN.o)
 .debug_ranges  0x000006d8       0x10 .\CortexM3\ARM_GCC_541\Debug\SAR Example.a(CAN_INT.o)
 .debug_ranges  0x000006e8       0x30 .\CortexM3\ARM_GCC_541\Debug\SAR Example.a(CAN_TX_RX_func.o)
 .debug_ranges  0x00000718       0x20 .\CortexM3\ARM_GCC_541\Debug\SAR Example.a(AMux.o)
 .debug_ranges  0x00000738       0x70 .\CortexM3\ARM_GCC_541\Debug\SAR Example.a(Timer_Int.o)
 .debug_ranges  0x000007a8       0x78 .\CortexM3\ARM_GCC_541\Debug\SAR Example.a(Timer.o)
 .debug_ranges  0x00000820       0x70 .\CortexM3\ARM_GCC_541\Debug\SAR Example.a(CyFlash.o)
 .debug_ranges  0x00000890       0x68 .\CortexM3\ARM_GCC_541\Debug\SAR Example.a(CySpc.o)

.comment        0x00000000       0x6e
 .comment       0x00000000       0x6e .\CortexM3\ARM_GCC_541\Debug\main.o
                                 0x6f (size before relaxing)
 .comment       0x0000006e       0x6f .\CortexM3\ARM_GCC_541\Debug\cyfitter_cfg.o
 .comment       0x0000006e       0x6f .\CortexM3\ARM_GCC_541\Debug\cymetadata.o
 .comment       0x0000006e       0x6f .\CortexM3\ARM_GCC_541\Debug\Cm3Start.o
 .comment       0x0000006e       0x6f .\CortexM3\ARM_GCC_541\Debug\SAR Example.a(CyLib.o)
 .comment       0x0000006e       0x6f .\CortexM3\ARM_GCC_541\Debug\SAR Example.a(cyPm.o)
 .comment       0x0000006e       0x6f .\CortexM3\ARM_GCC_541\Debug\SAR Example.a(UART_1.o)
 .comment       0x0000006e       0x6f .\CortexM3\ARM_GCC_541\Debug\SAR Example.a(UART_1_IntClock.o)
 .comment       0x0000006e       0x6f .\CortexM3\ARM_GCC_541\Debug\SAR Example.a(ADC_SAR_1.o)
 .comment       0x0000006e       0x6f .\CortexM3\ARM_GCC_541\Debug\SAR Example.a(ADC_SAR_1_INT.o)
 .comment       0x0000006e       0x6f .\CortexM3\ARM_GCC_541\Debug\SAR Example.a(ADC_SAR_1_theACLK.o)
 .comment       0x0000006e       0x6f .\CortexM3\ARM_GCC_541\Debug\SAR Example.a(CAN.o)
 .comment       0x0000006e       0x6f .\CortexM3\ARM_GCC_541\Debug\SAR Example.a(CAN_INT.o)
 .comment       0x0000006e       0x6f .\CortexM3\ARM_GCC_541\Debug\SAR Example.a(CAN_TX_RX_func.o)
 .comment       0x0000006e       0x6f .\CortexM3\ARM_GCC_541\Debug\SAR Example.a(AMux.o)
 .comment       0x0000006e       0x6f .\CortexM3\ARM_GCC_541\Debug\SAR Example.a(Timer_Int.o)
 .comment       0x0000006e       0x6f .\CortexM3\ARM_GCC_541\Debug\SAR Example.a(Timer.o)
 .comment       0x0000006e       0x6f .\CortexM3\ARM_GCC_541\Debug\SAR Example.a(CyFlash.o)
 .comment       0x0000006e       0x6f .\CortexM3\ARM_GCC_541\Debug\SAR Example.a(CySpc.o)

.debug_weaknames
 *(.debug_weaknames)

.debug_funcnames
 *(.debug_funcnames)

.debug_typenames
 *(.debug_typenames)

.debug_varnames
 *(.debug_varnames)

.note.gnu.arm.ident
 *(.note.gnu.arm.ident)

.ARM.attributes
                0x00000000       0x29
 *(.ARM.attributes)
 .ARM.attributes
                0x00000000       0x1d c:/program files (x86)/cypress/psoc creator/4.2/psoc creator/import/gnu/arm/5.4.1/bin/../lib/gcc/arm-none-eabi/5.4.1/armv7-m/crti.o
 .ARM.attributes
                0x0000001d       0x2d c:/program files (x86)/cypress/psoc creator/4.2/psoc creator/import/gnu/arm/5.4.1/bin/../lib/gcc/arm-none-eabi/5.4.1/armv7-m/crtbegin.o
 .ARM.attributes
                0x0000004a       0x1b c:/program files (x86)/cypress/psoc creator/4.2/psoc creator/import/gnu/arm/5.4.1/bin/../lib/gcc/arm-none-eabi/5.4.1/../../../../arm-none-eabi/lib/armv7-m/crt0.o
 .ARM.attributes
                0x00000065       0x33 .\CortexM3\ARM_GCC_541\Debug\main.o
 .ARM.attributes
                0x00000098       0x33 .\CortexM3\ARM_GCC_541\Debug\cyfitter_cfg.o
 .ARM.attributes
                0x000000cb       0x33 .\CortexM3\ARM_GCC_541\Debug\cymetadata.o
 .ARM.attributes
                0x000000fe       0x33 .\CortexM3\ARM_GCC_541\Debug\Cm3Start.o
 .ARM.attributes
                0x00000131       0x33 .\CortexM3\ARM_GCC_541\Debug\SAR Example.a(CyLib.o)
 .ARM.attributes
                0x00000164       0x33 .\CortexM3\ARM_GCC_541\Debug\SAR Example.a(cyPm.o)
 .ARM.attributes
                0x00000197       0x33 .\CortexM3\ARM_GCC_541\Debug\SAR Example.a(UART_1.o)
 .ARM.attributes
                0x000001ca       0x33 .\CortexM3\ARM_GCC_541\Debug\SAR Example.a(UART_1_IntClock.o)
 .ARM.attributes
                0x000001fd       0x33 .\CortexM3\ARM_GCC_541\Debug\SAR Example.a(ADC_SAR_1.o)
 .ARM.attributes
                0x00000230       0x33 .\CortexM3\ARM_GCC_541\Debug\SAR Example.a(ADC_SAR_1_INT.o)
 .ARM.attributes
                0x00000263       0x33 .\CortexM3\ARM_GCC_541\Debug\SAR Example.a(ADC_SAR_1_theACLK.o)
 .ARM.attributes
                0x00000296       0x33 .\CortexM3\ARM_GCC_541\Debug\SAR Example.a(CAN.o)
 .ARM.attributes
                0x000002c9       0x33 .\CortexM3\ARM_GCC_541\Debug\SAR Example.a(CAN_INT.o)
 .ARM.attributes
                0x000002fc       0x33 .\CortexM3\ARM_GCC_541\Debug\SAR Example.a(CAN_TX_RX_func.o)
 .ARM.attributes
                0x0000032f       0x33 .\CortexM3\ARM_GCC_541\Debug\SAR Example.a(AMux.o)
 .ARM.attributes
                0x00000362       0x33 .\CortexM3\ARM_GCC_541\Debug\SAR Example.a(Timer_Int.o)
 .ARM.attributes
                0x00000395       0x33 .\CortexM3\ARM_GCC_541\Debug\SAR Example.a(Timer.o)
 .ARM.attributes
                0x000003c8       0x21 .\CortexM3\ARM_GCC_541\Debug\SAR Example.a(CyBootAsmGnu.o)
 .ARM.attributes
                0x000003e9       0x33 .\CortexM3\ARM_GCC_541\Debug\SAR Example.a(CyFlash.o)
 .ARM.attributes
                0x0000041c       0x33 .\CortexM3\ARM_GCC_541\Debug\SAR Example.a(CySpc.o)
 .ARM.attributes
                0x0000044f       0x2d c:/program files (x86)/cypress/psoc creator/4.2/psoc creator/import/gnu/arm/5.4.1/bin/../lib/gcc/arm-none-eabi/5.4.1/../../../../arm-none-eabi/lib/armv7-m\libm.a(lib_a-wf_pow.o)
 .ARM.attributes
                0x0000047c       0x2d c:/program files (x86)/cypress/psoc creator/4.2/psoc creator/import/gnu/arm/5.4.1/bin/../lib/gcc/arm-none-eabi/5.4.1/../../../../arm-none-eabi/lib/armv7-m\libm.a(lib_a-ef_pow.o)
 .ARM.attributes
                0x000004a9       0x2d c:/program files (x86)/cypress/psoc creator/4.2/psoc creator/import/gnu/arm/5.4.1/bin/../lib/gcc/arm-none-eabi/5.4.1/../../../../arm-none-eabi/lib/armv7-m\libm.a(lib_a-ef_sqrt.o)
 .ARM.attributes
                0x000004d6       0x2d c:/program files (x86)/cypress/psoc creator/4.2/psoc creator/import/gnu/arm/5.4.1/bin/../lib/gcc/arm-none-eabi/5.4.1/../../../../arm-none-eabi/lib/armv7-m\libm.a(lib_a-s_lib_ver.o)
 .ARM.attributes
                0x00000503       0x2d c:/program files (x86)/cypress/psoc creator/4.2/psoc creator/import/gnu/arm/5.4.1/bin/../lib/gcc/arm-none-eabi/5.4.1/../../../../arm-none-eabi/lib/armv7-m\libm.a(lib_a-s_matherr.o)
 .ARM.attributes
                0x00000530       0x2d c:/program files (x86)/cypress/psoc creator/4.2/psoc creator/import/gnu/arm/5.4.1/bin/../lib/gcc/arm-none-eabi/5.4.1/../../../../arm-none-eabi/lib/armv7-m\libm.a(lib_a-s_rint.o)
 .ARM.attributes
                0x0000055d       0x2d c:/program files (x86)/cypress/psoc creator/4.2/psoc creator/import/gnu/arm/5.4.1/bin/../lib/gcc/arm-none-eabi/5.4.1/../../../../arm-none-eabi/lib/armv7-m\libm.a(lib_a-sf_fabs.o)
 .ARM.attributes
                0x0000058a       0x2d c:/program files (x86)/cypress/psoc creator/4.2/psoc creator/import/gnu/arm/5.4.1/bin/../lib/gcc/arm-none-eabi/5.4.1/../../../../arm-none-eabi/lib/armv7-m\libm.a(lib_a-sf_finite.o)
 .ARM.attributes
                0x000005b7       0x2d c:/program files (x86)/cypress/psoc creator/4.2/psoc creator/import/gnu/arm/5.4.1/bin/../lib/gcc/arm-none-eabi/5.4.1/../../../../arm-none-eabi/lib/armv7-m\libm.a(lib_a-sf_nan.o)
 .ARM.attributes
                0x000005e4       0x2d c:/program files (x86)/cypress/psoc creator/4.2/psoc creator/import/gnu/arm/5.4.1/bin/../lib/gcc/arm-none-eabi/5.4.1/../../../../arm-none-eabi/lib/armv7-m\libm.a(lib_a-sf_scalbn.o)
 .ARM.attributes
                0x00000611       0x2d c:/program files (x86)/cypress/psoc creator/4.2/psoc creator/import/gnu/arm/5.4.1/bin/../lib/gcc/arm-none-eabi/5.4.1/../../../../arm-none-eabi/lib/armv7-m\libm.a(lib_a-sf_copysign.o)
 .ARM.attributes
                0x0000063e       0x1d c:/program files (x86)/cypress/psoc creator/4.2/psoc creator/import/gnu/arm/5.4.1/bin/../lib/gcc/arm-none-eabi/5.4.1/armv7-m\libgcc.a(_arm_addsubdf3.o)
 .ARM.attributes
                0x0000065b       0x1d c:/program files (x86)/cypress/psoc creator/4.2/psoc creator/import/gnu/arm/5.4.1/bin/../lib/gcc/arm-none-eabi/5.4.1/armv7-m\libgcc.a(_arm_muldivdf3.o)
 .ARM.attributes
                0x00000678       0x1d c:/program files (x86)/cypress/psoc creator/4.2/psoc creator/import/gnu/arm/5.4.1/bin/../lib/gcc/arm-none-eabi/5.4.1/armv7-m\libgcc.a(_arm_cmpdf2.o)
 .ARM.attributes
                0x00000695       0x1d c:/program files (x86)/cypress/psoc creator/4.2/psoc creator/import/gnu/arm/5.4.1/bin/../lib/gcc/arm-none-eabi/5.4.1/armv7-m\libgcc.a(_arm_truncdfsf2.o)
 .ARM.attributes
                0x000006b2       0x1d c:/program files (x86)/cypress/psoc creator/4.2/psoc creator/import/gnu/arm/5.4.1/bin/../lib/gcc/arm-none-eabi/5.4.1/armv7-m\libgcc.a(_arm_addsubsf3.o)
 .ARM.attributes
                0x000006cf       0x1d c:/program files (x86)/cypress/psoc creator/4.2/psoc creator/import/gnu/arm/5.4.1/bin/../lib/gcc/arm-none-eabi/5.4.1/armv7-m\libgcc.a(_arm_muldivsf3.o)
 .ARM.attributes
                0x000006ec       0x1d c:/program files (x86)/cypress/psoc creator/4.2/psoc creator/import/gnu/arm/5.4.1/bin/../lib/gcc/arm-none-eabi/5.4.1/armv7-m\libgcc.a(_arm_cmpsf2.o)
 .ARM.attributes
                0x00000709       0x1d c:/program files (x86)/cypress/psoc creator/4.2/psoc creator/import/gnu/arm/5.4.1/bin/../lib/gcc/arm-none-eabi/5.4.1/armv7-m\libgcc.a(_arm_unordsf2.o)
 .ARM.attributes
                0x00000726       0x1d c:/program files (x86)/cypress/psoc creator/4.2/psoc creator/import/gnu/arm/5.4.1/bin/../lib/gcc/arm-none-eabi/5.4.1/armv7-m\libgcc.a(_arm_fixsfsi.o)
 .ARM.attributes
                0x00000743       0x1d c:/program files (x86)/cypress/psoc creator/4.2/psoc creator/import/gnu/arm/5.4.1/bin/../lib/gcc/arm-none-eabi/5.4.1/armv7-m\libgcc.a(_aeabi_ldivmod.o)
 .ARM.attributes
                0x00000760       0x2d c:/program files (x86)/cypress/psoc creator/4.2/psoc creator/import/gnu/arm/5.4.1/bin/../lib/gcc/arm-none-eabi/5.4.1/armv7-m\libgcc.a(_udivmoddi4.o)
 .ARM.attributes
                0x0000078d       0x1d c:/program files (x86)/cypress/psoc creator/4.2/psoc creator/import/gnu/arm/5.4.1/bin/../lib/gcc/arm-none-eabi/5.4.1/armv7-m\libgcc.a(_dvmd_tls.o)
 .ARM.attributes
                0x000007aa       0x2d c:/program files (x86)/cypress/psoc creator/4.2/psoc creator/import/gnu/arm/5.4.1/bin/../lib/gcc/arm-none-eabi/5.4.1/../../../../arm-none-eabi/lib/armv7-m\libg.a(lib_a-errno.o)
 .ARM.attributes
                0x000007d7       0x2d c:/program files (x86)/cypress/psoc creator/4.2/psoc creator/import/gnu/arm/5.4.1/bin/../lib/gcc/arm-none-eabi/5.4.1/../../../../arm-none-eabi/lib/armv7-m\libg.a(lib_a-exit.o)
 .ARM.attributes
                0x00000804       0x2d c:/program files (x86)/cypress/psoc creator/4.2/psoc creator/import/gnu/arm/5.4.1/bin/../lib/gcc/arm-none-eabi/5.4.1/../../../../arm-none-eabi/lib/armv7-m\libg.a(lib_a-impure.o)
 .ARM.attributes
                0x00000831       0x2d c:/program files (x86)/cypress/psoc creator/4.2/psoc creator/import/gnu/arm/5.4.1/bin/../lib/gcc/arm-none-eabi/5.4.1/../../../../arm-none-eabi/lib/armv7-m\libg.a(lib_a-init.o)
 .ARM.attributes
                0x0000085e       0x1b c:/program files (x86)/cypress/psoc creator/4.2/psoc creator/import/gnu/arm/5.4.1/bin/../lib/gcc/arm-none-eabi/5.4.1/../../../../arm-none-eabi/lib/armv7-m\libg.a(lib_a-memcpy.o)
 .ARM.attributes
                0x00000879       0x2d c:/program files (x86)/cypress/psoc creator/4.2/psoc creator/import/gnu/arm/5.4.1/bin/../lib/gcc/arm-none-eabi/5.4.1/../../../../arm-none-eabi/lib/armv7-m\libg.a(lib_a-memset.o)
 .ARM.attributes
                0x000008a6       0x2d c:/program files (x86)/cypress/psoc creator/4.2/psoc creator/import/gnu/arm/5.4.1/bin/../lib/gcc/arm-none-eabi/5.4.1/../../../../arm-none-eabi/lib/armv7-m\libg.a(lib_a-sprintf.o)
 .ARM.attributes
                0x000008d3       0x2d c:/program files (x86)/cypress/psoc creator/4.2/psoc creator/import/gnu/arm/5.4.1/bin/../lib/gcc/arm-none-eabi/5.4.1/../../../../arm-none-eabi/lib/armv7-m\libg.a(lib_a-svfprintf.o)
 .ARM.attributes
                0x00000900       0x2d c:/program files (x86)/cypress/psoc creator/4.2/psoc creator/import/gnu/arm/5.4.1/bin/../lib/gcc/arm-none-eabi/5.4.1/../../../../arm-none-eabi/lib/armv7-m\libg.a(lib_a-__call_atexit.o)
 .ARM.attributes
                0x0000092d       0x2d c:/program files (x86)/cypress/psoc creator/4.2/psoc creator/import/gnu/arm/5.4.1/bin/../lib/gcc/arm-none-eabi/5.4.1/../../../../arm-none-eabi/lib/armv7-m\libg.a(lib_a-atexit.o)
 .ARM.attributes
                0x0000095a       0x2d c:/program files (x86)/cypress/psoc creator/4.2/psoc creator/import/gnu/arm/5.4.1/bin/../lib/gcc/arm-none-eabi/5.4.1/../../../../arm-none-eabi/lib/armv7-m\libg.a(lib_a-dtoa.o)
 .ARM.attributes
                0x00000987       0x2d c:/program files (x86)/cypress/psoc creator/4.2/psoc creator/import/gnu/arm/5.4.1/bin/../lib/gcc/arm-none-eabi/5.4.1/../../../../arm-none-eabi/lib/armv7-m\libg.a(lib_a-fini.o)
 .ARM.attributes
                0x000009b4       0x2d c:/program files (x86)/cypress/psoc creator/4.2/psoc creator/import/gnu/arm/5.4.1/bin/../lib/gcc/arm-none-eabi/5.4.1/../../../../arm-none-eabi/lib/armv7-m\libg.a(lib_a-locale.o)
 .ARM.attributes
                0x000009e1       0x2d c:/program files (x86)/cypress/psoc creator/4.2/psoc creator/import/gnu/arm/5.4.1/bin/../lib/gcc/arm-none-eabi/5.4.1/../../../../arm-none-eabi/lib/armv7-m\libg.a(lib_a-mallocr.o)
 .ARM.attributes
                0x00000a0e       0x2d c:/program files (x86)/cypress/psoc creator/4.2/psoc creator/import/gnu/arm/5.4.1/bin/../lib/gcc/arm-none-eabi/5.4.1/../../../../arm-none-eabi/lib/armv7-m\libg.a(lib_a-memchr-stub.o)
 .ARM.attributes
                0x00000a3b       0x2d c:/program files (x86)/cypress/psoc creator/4.2/psoc creator/import/gnu/arm/5.4.1/bin/../lib/gcc/arm-none-eabi/5.4.1/../../../../arm-none-eabi/lib/armv7-m\libg.a(lib_a-mlock.o)
 .ARM.attributes
                0x00000a68       0x2d c:/program files (x86)/cypress/psoc creator/4.2/psoc creator/import/gnu/arm/5.4.1/bin/../lib/gcc/arm-none-eabi/5.4.1/../../../../arm-none-eabi/lib/armv7-m\libg.a(lib_a-mprec.o)
 .ARM.attributes
                0x00000a95       0x2d c:/program files (x86)/cypress/psoc creator/4.2/psoc creator/import/gnu/arm/5.4.1/bin/../lib/gcc/arm-none-eabi/5.4.1/../../../../arm-none-eabi/lib/armv7-m\libg.a(lib_a-sbrkr.o)
 .ARM.attributes
                0x00000ac2       0x1b c:/program files (x86)/cypress/psoc creator/4.2/psoc creator/import/gnu/arm/5.4.1/bin/../lib/gcc/arm-none-eabi/5.4.1/../../../../arm-none-eabi/lib/armv7-m\libg.a(lib_a-strcmp.o)
 .ARM.attributes
                0x00000add       0x2d c:/program files (x86)/cypress/psoc creator/4.2/psoc creator/import/gnu/arm/5.4.1/bin/../lib/gcc/arm-none-eabi/5.4.1/../../../../arm-none-eabi/lib/armv7-m\libg.a(lib_a-strlen-stub.o)
 .ARM.attributes
                0x00000b0a       0x2d c:/program files (x86)/cypress/psoc creator/4.2/psoc creator/import/gnu/arm/5.4.1/bin/../lib/gcc/arm-none-eabi/5.4.1/../../../../arm-none-eabi/lib/armv7-m\libg.a(lib_a-svfiprintf.o)
 .ARM.attributes