ARM GAS  C:\Users\shiyu\AppData\Local\Temp\ccvxoH0h.s 			page 1


   1              		.syntax unified
   2              		.cpu cortex-m3
   3              		.fpu softvfp
   4              		.eabi_attribute 20, 1
   5              		.eabi_attribute 21, 1
   6              		.eabi_attribute 23, 3
   7              		.eabi_attribute 24, 1
   8              		.eabi_attribute 25, 1
   9              		.eabi_attribute 26, 1
  10              		.eabi_attribute 30, 1
  11              		.eabi_attribute 34, 1
  12              		.eabi_attribute 18, 4
  13              		.thumb
  14              		.syntax unified
  15              		.file	"Timer_Int.c"
  16              		.text
  17              	.Ltext0:
  18              		.cfi_sections	.debug_frame
  19              		.section	.text.Timer_Int_Interrupt,"ax",%progbits
  20              		.align	2
  21              		.global	Timer_Int_Interrupt
  22              		.thumb
  23              		.thumb_func
  24              		.type	Timer_Int_Interrupt, %function
  25              	Timer_Int_Interrupt:
  26              	.LFB3:
  27              		.file 1 "Generated_Source\\PSoC5\\Timer_Int.c"
   1:Generated_Source\PSoC5/Timer_Int.c **** /*******************************************************************************
   2:Generated_Source\PSoC5/Timer_Int.c **** * File Name: Timer_Int.c  
   3:Generated_Source\PSoC5/Timer_Int.c **** * Version 1.70
   4:Generated_Source\PSoC5/Timer_Int.c **** *
   5:Generated_Source\PSoC5/Timer_Int.c **** *  Description:
   6:Generated_Source\PSoC5/Timer_Int.c **** *   API for controlling the state of an interrupt.
   7:Generated_Source\PSoC5/Timer_Int.c **** *
   8:Generated_Source\PSoC5/Timer_Int.c **** *
   9:Generated_Source\PSoC5/Timer_Int.c **** *  Note:
  10:Generated_Source\PSoC5/Timer_Int.c **** *
  11:Generated_Source\PSoC5/Timer_Int.c **** ********************************************************************************
  12:Generated_Source\PSoC5/Timer_Int.c **** * Copyright 2008-2015, Cypress Semiconductor Corporation.  All rights reserved.
  13:Generated_Source\PSoC5/Timer_Int.c **** * You may use this file only in accordance with the license, terms, conditions, 
  14:Generated_Source\PSoC5/Timer_Int.c **** * disclaimers, and limitations in the end user license agreement accompanying 
  15:Generated_Source\PSoC5/Timer_Int.c **** * the software package with which this file was provided.
  16:Generated_Source\PSoC5/Timer_Int.c **** *******************************************************************************/
  17:Generated_Source\PSoC5/Timer_Int.c **** 
  18:Generated_Source\PSoC5/Timer_Int.c **** 
  19:Generated_Source\PSoC5/Timer_Int.c **** #include <cydevice_trm.h>
  20:Generated_Source\PSoC5/Timer_Int.c **** #include <CyLib.h>
  21:Generated_Source\PSoC5/Timer_Int.c **** #include <Timer_Int.h>
  22:Generated_Source\PSoC5/Timer_Int.c **** 
  23:Generated_Source\PSoC5/Timer_Int.c **** 
  24:Generated_Source\PSoC5/Timer_Int.c **** #if !defined(Timer_Int__REMOVED) /* Check for removal by optimization */
  25:Generated_Source\PSoC5/Timer_Int.c **** 
  26:Generated_Source\PSoC5/Timer_Int.c **** /*******************************************************************************
  27:Generated_Source\PSoC5/Timer_Int.c **** *  Place your includes, defines and code here 
  28:Generated_Source\PSoC5/Timer_Int.c **** ********************************************************************************/
  29:Generated_Source\PSoC5/Timer_Int.c **** /* `#START Timer_Int_intc` */
  30:Generated_Source\PSoC5/Timer_Int.c **** 
ARM GAS  C:\Users\shiyu\AppData\Local\Temp\ccvxoH0h.s 			page 2


  31:Generated_Source\PSoC5/Timer_Int.c **** /* `#END` */
  32:Generated_Source\PSoC5/Timer_Int.c **** 
  33:Generated_Source\PSoC5/Timer_Int.c **** #ifndef CYINT_IRQ_BASE
  34:Generated_Source\PSoC5/Timer_Int.c **** #define CYINT_IRQ_BASE      16
  35:Generated_Source\PSoC5/Timer_Int.c **** #endif /* CYINT_IRQ_BASE */
  36:Generated_Source\PSoC5/Timer_Int.c **** #ifndef CYINT_VECT_TABLE
  37:Generated_Source\PSoC5/Timer_Int.c **** #define CYINT_VECT_TABLE    ((cyisraddress **) CYREG_NVIC_VECT_OFFSET)
  38:Generated_Source\PSoC5/Timer_Int.c **** #endif /* CYINT_VECT_TABLE */
  39:Generated_Source\PSoC5/Timer_Int.c **** 
  40:Generated_Source\PSoC5/Timer_Int.c **** /* Declared in startup, used to set unused interrupts to. */
  41:Generated_Source\PSoC5/Timer_Int.c **** CY_ISR_PROTO(IntDefaultHandler);
  42:Generated_Source\PSoC5/Timer_Int.c **** 
  43:Generated_Source\PSoC5/Timer_Int.c **** 
  44:Generated_Source\PSoC5/Timer_Int.c **** /*******************************************************************************
  45:Generated_Source\PSoC5/Timer_Int.c **** * Function Name: Timer_Int_Start
  46:Generated_Source\PSoC5/Timer_Int.c **** ********************************************************************************
  47:Generated_Source\PSoC5/Timer_Int.c **** *
  48:Generated_Source\PSoC5/Timer_Int.c **** * Summary:
  49:Generated_Source\PSoC5/Timer_Int.c **** *  Set up the interrupt and enable it. This function disables the interrupt, 
  50:Generated_Source\PSoC5/Timer_Int.c **** *  sets the default interrupt vector, sets the priority from the value in the
  51:Generated_Source\PSoC5/Timer_Int.c **** *  Design Wide Resources Interrupt Editor, then enables the interrupt to the 
  52:Generated_Source\PSoC5/Timer_Int.c **** *  interrupt controller.
  53:Generated_Source\PSoC5/Timer_Int.c **** *
  54:Generated_Source\PSoC5/Timer_Int.c **** * Parameters:  
  55:Generated_Source\PSoC5/Timer_Int.c **** *   None
  56:Generated_Source\PSoC5/Timer_Int.c **** *
  57:Generated_Source\PSoC5/Timer_Int.c **** * Return:
  58:Generated_Source\PSoC5/Timer_Int.c **** *   None
  59:Generated_Source\PSoC5/Timer_Int.c **** *
  60:Generated_Source\PSoC5/Timer_Int.c **** *******************************************************************************/
  61:Generated_Source\PSoC5/Timer_Int.c **** void Timer_Int_Start(void)
  62:Generated_Source\PSoC5/Timer_Int.c **** {
  63:Generated_Source\PSoC5/Timer_Int.c ****     /* For all we know the interrupt is active. */
  64:Generated_Source\PSoC5/Timer_Int.c ****     Timer_Int_Disable();
  65:Generated_Source\PSoC5/Timer_Int.c **** 
  66:Generated_Source\PSoC5/Timer_Int.c ****     /* Set the ISR to point to the Timer_Int Interrupt. */
  67:Generated_Source\PSoC5/Timer_Int.c ****     Timer_Int_SetVector(&Timer_Int_Interrupt);
  68:Generated_Source\PSoC5/Timer_Int.c **** 
  69:Generated_Source\PSoC5/Timer_Int.c ****     /* Set the priority. */
  70:Generated_Source\PSoC5/Timer_Int.c ****     Timer_Int_SetPriority((uint8)Timer_Int_INTC_PRIOR_NUMBER);
  71:Generated_Source\PSoC5/Timer_Int.c **** 
  72:Generated_Source\PSoC5/Timer_Int.c ****     /* Enable it. */
  73:Generated_Source\PSoC5/Timer_Int.c ****     Timer_Int_Enable();
  74:Generated_Source\PSoC5/Timer_Int.c **** }
  75:Generated_Source\PSoC5/Timer_Int.c **** 
  76:Generated_Source\PSoC5/Timer_Int.c **** 
  77:Generated_Source\PSoC5/Timer_Int.c **** /*******************************************************************************
  78:Generated_Source\PSoC5/Timer_Int.c **** * Function Name: Timer_Int_StartEx
  79:Generated_Source\PSoC5/Timer_Int.c **** ********************************************************************************
  80:Generated_Source\PSoC5/Timer_Int.c **** *
  81:Generated_Source\PSoC5/Timer_Int.c **** * Summary:
  82:Generated_Source\PSoC5/Timer_Int.c **** *  Sets up the interrupt and enables it. This function disables the interrupt,
  83:Generated_Source\PSoC5/Timer_Int.c **** *  sets the interrupt vector based on the address passed in, sets the priority 
  84:Generated_Source\PSoC5/Timer_Int.c **** *  from the value in the Design Wide Resources Interrupt Editor, then enables 
  85:Generated_Source\PSoC5/Timer_Int.c **** *  the interrupt to the interrupt controller.
  86:Generated_Source\PSoC5/Timer_Int.c **** *  
  87:Generated_Source\PSoC5/Timer_Int.c **** *  When defining ISR functions, the CY_ISR and CY_ISR_PROTO macros should be 
ARM GAS  C:\Users\shiyu\AppData\Local\Temp\ccvxoH0h.s 			page 3


  88:Generated_Source\PSoC5/Timer_Int.c **** *  used to provide consistent definition across compilers:
  89:Generated_Source\PSoC5/Timer_Int.c **** *  
  90:Generated_Source\PSoC5/Timer_Int.c **** *  Function definition example:
  91:Generated_Source\PSoC5/Timer_Int.c **** *   CY_ISR(MyISR)
  92:Generated_Source\PSoC5/Timer_Int.c **** *   {
  93:Generated_Source\PSoC5/Timer_Int.c **** *   }
  94:Generated_Source\PSoC5/Timer_Int.c **** *   Function prototype example:
  95:Generated_Source\PSoC5/Timer_Int.c **** *   CY_ISR_PROTO(MyISR);
  96:Generated_Source\PSoC5/Timer_Int.c **** *
  97:Generated_Source\PSoC5/Timer_Int.c **** * Parameters:  
  98:Generated_Source\PSoC5/Timer_Int.c **** *   address: Address of the ISR to set in the interrupt vector table.
  99:Generated_Source\PSoC5/Timer_Int.c **** *
 100:Generated_Source\PSoC5/Timer_Int.c **** * Return:
 101:Generated_Source\PSoC5/Timer_Int.c **** *   None
 102:Generated_Source\PSoC5/Timer_Int.c **** *
 103:Generated_Source\PSoC5/Timer_Int.c **** *******************************************************************************/
 104:Generated_Source\PSoC5/Timer_Int.c **** void Timer_Int_StartEx(cyisraddress address)
 105:Generated_Source\PSoC5/Timer_Int.c **** {
 106:Generated_Source\PSoC5/Timer_Int.c ****     /* For all we know the interrupt is active. */
 107:Generated_Source\PSoC5/Timer_Int.c ****     Timer_Int_Disable();
 108:Generated_Source\PSoC5/Timer_Int.c **** 
 109:Generated_Source\PSoC5/Timer_Int.c ****     /* Set the ISR to point to the Timer_Int Interrupt. */
 110:Generated_Source\PSoC5/Timer_Int.c ****     Timer_Int_SetVector(address);
 111:Generated_Source\PSoC5/Timer_Int.c **** 
 112:Generated_Source\PSoC5/Timer_Int.c ****     /* Set the priority. */
 113:Generated_Source\PSoC5/Timer_Int.c ****     Timer_Int_SetPriority((uint8)Timer_Int_INTC_PRIOR_NUMBER);
 114:Generated_Source\PSoC5/Timer_Int.c **** 
 115:Generated_Source\PSoC5/Timer_Int.c ****     /* Enable it. */
 116:Generated_Source\PSoC5/Timer_Int.c ****     Timer_Int_Enable();
 117:Generated_Source\PSoC5/Timer_Int.c **** }
 118:Generated_Source\PSoC5/Timer_Int.c **** 
 119:Generated_Source\PSoC5/Timer_Int.c **** 
 120:Generated_Source\PSoC5/Timer_Int.c **** /*******************************************************************************
 121:Generated_Source\PSoC5/Timer_Int.c **** * Function Name: Timer_Int_Stop
 122:Generated_Source\PSoC5/Timer_Int.c **** ********************************************************************************
 123:Generated_Source\PSoC5/Timer_Int.c **** *
 124:Generated_Source\PSoC5/Timer_Int.c **** * Summary:
 125:Generated_Source\PSoC5/Timer_Int.c **** *   Disables and removes the interrupt.
 126:Generated_Source\PSoC5/Timer_Int.c **** *
 127:Generated_Source\PSoC5/Timer_Int.c **** * Parameters:  
 128:Generated_Source\PSoC5/Timer_Int.c **** *   None
 129:Generated_Source\PSoC5/Timer_Int.c **** *
 130:Generated_Source\PSoC5/Timer_Int.c **** * Return:
 131:Generated_Source\PSoC5/Timer_Int.c **** *   None
 132:Generated_Source\PSoC5/Timer_Int.c **** *
 133:Generated_Source\PSoC5/Timer_Int.c **** *******************************************************************************/
 134:Generated_Source\PSoC5/Timer_Int.c **** void Timer_Int_Stop(void)
 135:Generated_Source\PSoC5/Timer_Int.c **** {
 136:Generated_Source\PSoC5/Timer_Int.c ****     /* Disable this interrupt. */
 137:Generated_Source\PSoC5/Timer_Int.c ****     Timer_Int_Disable();
 138:Generated_Source\PSoC5/Timer_Int.c **** 
 139:Generated_Source\PSoC5/Timer_Int.c ****     /* Set the ISR to point to the passive one. */
 140:Generated_Source\PSoC5/Timer_Int.c ****     Timer_Int_SetVector(&IntDefaultHandler);
 141:Generated_Source\PSoC5/Timer_Int.c **** }
 142:Generated_Source\PSoC5/Timer_Int.c **** 
 143:Generated_Source\PSoC5/Timer_Int.c **** 
 144:Generated_Source\PSoC5/Timer_Int.c **** /*******************************************************************************
ARM GAS  C:\Users\shiyu\AppData\Local\Temp\ccvxoH0h.s 			page 4


 145:Generated_Source\PSoC5/Timer_Int.c **** * Function Name: Timer_Int_Interrupt
 146:Generated_Source\PSoC5/Timer_Int.c **** ********************************************************************************
 147:Generated_Source\PSoC5/Timer_Int.c **** *
 148:Generated_Source\PSoC5/Timer_Int.c **** * Summary:
 149:Generated_Source\PSoC5/Timer_Int.c **** *   The default Interrupt Service Routine for Timer_Int.
 150:Generated_Source\PSoC5/Timer_Int.c **** *
 151:Generated_Source\PSoC5/Timer_Int.c **** *   Add custom code between the coments to keep the next version of this file
 152:Generated_Source\PSoC5/Timer_Int.c **** *   from over writting your code.
 153:Generated_Source\PSoC5/Timer_Int.c **** *
 154:Generated_Source\PSoC5/Timer_Int.c **** * Parameters:  
 155:Generated_Source\PSoC5/Timer_Int.c **** *
 156:Generated_Source\PSoC5/Timer_Int.c **** * Return:
 157:Generated_Source\PSoC5/Timer_Int.c **** *   None
 158:Generated_Source\PSoC5/Timer_Int.c **** *
 159:Generated_Source\PSoC5/Timer_Int.c **** *******************************************************************************/
 160:Generated_Source\PSoC5/Timer_Int.c **** CY_ISR(Timer_Int_Interrupt)
 161:Generated_Source\PSoC5/Timer_Int.c **** {
  28              		.loc 1 161 0
  29              		.cfi_startproc
  30              		@ args = 0, pretend = 0, frame = 0
  31              		@ frame_needed = 0, uses_anonymous_args = 0
  32              		@ link register save eliminated.
  33 0000 7047     		bx	lr
  34              		.cfi_endproc
  35              	.LFE3:
  36              		.size	Timer_Int_Interrupt, .-Timer_Int_Interrupt
  37 0002 00BF     		.section	.text.Timer_Int_SetVector,"ax",%progbits
  38              		.align	2
  39              		.global	Timer_Int_SetVector
  40              		.thumb
  41              		.thumb_func
  42              		.type	Timer_Int_SetVector, %function
  43              	Timer_Int_SetVector:
  44              	.LFB4:
 162:Generated_Source\PSoC5/Timer_Int.c ****     #ifdef Timer_Int_INTERRUPT_INTERRUPT_CALLBACK
 163:Generated_Source\PSoC5/Timer_Int.c ****         Timer_Int_Interrupt_InterruptCallback();
 164:Generated_Source\PSoC5/Timer_Int.c ****     #endif /* Timer_Int_INTERRUPT_INTERRUPT_CALLBACK */ 
 165:Generated_Source\PSoC5/Timer_Int.c **** 
 166:Generated_Source\PSoC5/Timer_Int.c ****     /*  Place your Interrupt code here. */
 167:Generated_Source\PSoC5/Timer_Int.c ****     /* `#START Timer_Int_Interrupt` */
 168:Generated_Source\PSoC5/Timer_Int.c **** 
 169:Generated_Source\PSoC5/Timer_Int.c ****     /* `#END` */
 170:Generated_Source\PSoC5/Timer_Int.c **** }
 171:Generated_Source\PSoC5/Timer_Int.c **** 
 172:Generated_Source\PSoC5/Timer_Int.c **** 
 173:Generated_Source\PSoC5/Timer_Int.c **** /*******************************************************************************
 174:Generated_Source\PSoC5/Timer_Int.c **** * Function Name: Timer_Int_SetVector
 175:Generated_Source\PSoC5/Timer_Int.c **** ********************************************************************************
 176:Generated_Source\PSoC5/Timer_Int.c **** *
 177:Generated_Source\PSoC5/Timer_Int.c **** * Summary:
 178:Generated_Source\PSoC5/Timer_Int.c **** *   Change the ISR vector for the Interrupt. Note calling Timer_Int_Start
 179:Generated_Source\PSoC5/Timer_Int.c **** *   will override any effect this method would have had. To set the vector 
 180:Generated_Source\PSoC5/Timer_Int.c **** *   before the component has been started use Timer_Int_StartEx instead.
 181:Generated_Source\PSoC5/Timer_Int.c **** * 
 182:Generated_Source\PSoC5/Timer_Int.c **** *   When defining ISR functions, the CY_ISR and CY_ISR_PROTO macros should be 
 183:Generated_Source\PSoC5/Timer_Int.c **** *   used to provide consistent definition across compilers:
 184:Generated_Source\PSoC5/Timer_Int.c **** *
ARM GAS  C:\Users\shiyu\AppData\Local\Temp\ccvxoH0h.s 			page 5


 185:Generated_Source\PSoC5/Timer_Int.c **** *   Function definition example:
 186:Generated_Source\PSoC5/Timer_Int.c **** *   CY_ISR(MyISR)
 187:Generated_Source\PSoC5/Timer_Int.c **** *   {
 188:Generated_Source\PSoC5/Timer_Int.c **** *   }
 189:Generated_Source\PSoC5/Timer_Int.c **** *
 190:Generated_Source\PSoC5/Timer_Int.c **** *   Function prototype example:
 191:Generated_Source\PSoC5/Timer_Int.c **** *     CY_ISR_PROTO(MyISR);
 192:Generated_Source\PSoC5/Timer_Int.c **** *
 193:Generated_Source\PSoC5/Timer_Int.c **** * Parameters:
 194:Generated_Source\PSoC5/Timer_Int.c **** *   address: Address of the ISR to set in the interrupt vector table.
 195:Generated_Source\PSoC5/Timer_Int.c **** *
 196:Generated_Source\PSoC5/Timer_Int.c **** * Return:
 197:Generated_Source\PSoC5/Timer_Int.c **** *   None
 198:Generated_Source\PSoC5/Timer_Int.c **** *
 199:Generated_Source\PSoC5/Timer_Int.c **** *******************************************************************************/
 200:Generated_Source\PSoC5/Timer_Int.c **** void Timer_Int_SetVector(cyisraddress address)
 201:Generated_Source\PSoC5/Timer_Int.c **** {
  45              		.loc 1 201 0
  46              		.cfi_startproc
  47              		@ args = 0, pretend = 0, frame = 0
  48              		@ frame_needed = 0, uses_anonymous_args = 0
  49              		@ link register save eliminated.
  50              	.LVL0:
 202:Generated_Source\PSoC5/Timer_Int.c ****     cyisraddress * ramVectorTable;
 203:Generated_Source\PSoC5/Timer_Int.c **** 
 204:Generated_Source\PSoC5/Timer_Int.c ****     ramVectorTable = (cyisraddress *) *CYINT_VECT_TABLE;
  51              		.loc 1 204 0
  52 0000 014B     		ldr	r3, .L3
  53 0002 1B68     		ldr	r3, [r3]
  54              	.LVL1:
 205:Generated_Source\PSoC5/Timer_Int.c **** 
 206:Generated_Source\PSoC5/Timer_Int.c ****     ramVectorTable[CYINT_IRQ_BASE + (uint32)Timer_Int__INTC_NUMBER] = address;
  55              		.loc 1 206 0
  56 0004 1864     		str	r0, [r3, #64]
  57 0006 7047     		bx	lr
  58              	.L4:
  59              		.align	2
  60              	.L3:
  61 0008 08ED00E0 		.word	-536810232
  62              		.cfi_endproc
  63              	.LFE4:
  64              		.size	Timer_Int_SetVector, .-Timer_Int_SetVector
  65              		.section	.text.Timer_Int_GetVector,"ax",%progbits
  66              		.align	2
  67              		.global	Timer_Int_GetVector
  68              		.thumb
  69              		.thumb_func
  70              		.type	Timer_Int_GetVector, %function
  71              	Timer_Int_GetVector:
  72              	.LFB5:
 207:Generated_Source\PSoC5/Timer_Int.c **** }
 208:Generated_Source\PSoC5/Timer_Int.c **** 
 209:Generated_Source\PSoC5/Timer_Int.c **** 
 210:Generated_Source\PSoC5/Timer_Int.c **** /*******************************************************************************
 211:Generated_Source\PSoC5/Timer_Int.c **** * Function Name: Timer_Int_GetVector
 212:Generated_Source\PSoC5/Timer_Int.c **** ********************************************************************************
 213:Generated_Source\PSoC5/Timer_Int.c **** *
ARM GAS  C:\Users\shiyu\AppData\Local\Temp\ccvxoH0h.s 			page 6


 214:Generated_Source\PSoC5/Timer_Int.c **** * Summary:
 215:Generated_Source\PSoC5/Timer_Int.c **** *   Gets the "address" of the current ISR vector for the Interrupt.
 216:Generated_Source\PSoC5/Timer_Int.c **** *
 217:Generated_Source\PSoC5/Timer_Int.c **** * Parameters:
 218:Generated_Source\PSoC5/Timer_Int.c **** *   None
 219:Generated_Source\PSoC5/Timer_Int.c **** *
 220:Generated_Source\PSoC5/Timer_Int.c **** * Return:
 221:Generated_Source\PSoC5/Timer_Int.c **** *   Address of the ISR in the interrupt vector table.
 222:Generated_Source\PSoC5/Timer_Int.c **** *
 223:Generated_Source\PSoC5/Timer_Int.c **** *******************************************************************************/
 224:Generated_Source\PSoC5/Timer_Int.c **** cyisraddress Timer_Int_GetVector(void)
 225:Generated_Source\PSoC5/Timer_Int.c **** {
  73              		.loc 1 225 0
  74              		.cfi_startproc
  75              		@ args = 0, pretend = 0, frame = 0
  76              		@ frame_needed = 0, uses_anonymous_args = 0
  77              		@ link register save eliminated.
 226:Generated_Source\PSoC5/Timer_Int.c ****     cyisraddress * ramVectorTable;
 227:Generated_Source\PSoC5/Timer_Int.c **** 
 228:Generated_Source\PSoC5/Timer_Int.c ****     ramVectorTable = (cyisraddress *) *CYINT_VECT_TABLE;
  78              		.loc 1 228 0
  79 0000 014B     		ldr	r3, .L6
  80 0002 1B68     		ldr	r3, [r3]
  81              	.LVL2:
 229:Generated_Source\PSoC5/Timer_Int.c **** 
 230:Generated_Source\PSoC5/Timer_Int.c ****     return ramVectorTable[CYINT_IRQ_BASE + (uint32)Timer_Int__INTC_NUMBER];
 231:Generated_Source\PSoC5/Timer_Int.c **** }
  82              		.loc 1 231 0
  83 0004 186C     		ldr	r0, [r3, #64]
  84 0006 7047     		bx	lr
  85              	.L7:
  86              		.align	2
  87              	.L6:
  88 0008 08ED00E0 		.word	-536810232
  89              		.cfi_endproc
  90              	.LFE5:
  91              		.size	Timer_Int_GetVector, .-Timer_Int_GetVector
  92              		.section	.text.Timer_Int_SetPriority,"ax",%progbits
  93              		.align	2
  94              		.global	Timer_Int_SetPriority
  95              		.thumb
  96              		.thumb_func
  97              		.type	Timer_Int_SetPriority, %function
  98              	Timer_Int_SetPriority:
  99              	.LFB6:
 232:Generated_Source\PSoC5/Timer_Int.c **** 
 233:Generated_Source\PSoC5/Timer_Int.c **** 
 234:Generated_Source\PSoC5/Timer_Int.c **** /*******************************************************************************
 235:Generated_Source\PSoC5/Timer_Int.c **** * Function Name: Timer_Int_SetPriority
 236:Generated_Source\PSoC5/Timer_Int.c **** ********************************************************************************
 237:Generated_Source\PSoC5/Timer_Int.c **** *
 238:Generated_Source\PSoC5/Timer_Int.c **** * Summary:
 239:Generated_Source\PSoC5/Timer_Int.c **** *   Sets the Priority of the Interrupt. 
 240:Generated_Source\PSoC5/Timer_Int.c **** *
 241:Generated_Source\PSoC5/Timer_Int.c **** *   Note calling Timer_Int_Start or Timer_Int_StartEx will 
 242:Generated_Source\PSoC5/Timer_Int.c **** *   override any effect this API would have had. This API should only be called
 243:Generated_Source\PSoC5/Timer_Int.c **** *   after Timer_Int_Start or Timer_Int_StartEx has been called. 
ARM GAS  C:\Users\shiyu\AppData\Local\Temp\ccvxoH0h.s 			page 7


 244:Generated_Source\PSoC5/Timer_Int.c **** *   To set the initial priority for the component, use the Design-Wide Resources
 245:Generated_Source\PSoC5/Timer_Int.c **** *   Interrupt Editor.
 246:Generated_Source\PSoC5/Timer_Int.c **** *
 247:Generated_Source\PSoC5/Timer_Int.c **** *   Note This API has no effect on Non-maskable interrupt NMI).
 248:Generated_Source\PSoC5/Timer_Int.c **** *
 249:Generated_Source\PSoC5/Timer_Int.c **** * Parameters:
 250:Generated_Source\PSoC5/Timer_Int.c **** *   priority: Priority of the interrupt, 0 being the highest priority
 251:Generated_Source\PSoC5/Timer_Int.c **** *             PSoC 3 and PSoC 5LP: Priority is from 0 to 7.
 252:Generated_Source\PSoC5/Timer_Int.c **** *             PSoC 4: Priority is from 0 to 3.
 253:Generated_Source\PSoC5/Timer_Int.c **** *
 254:Generated_Source\PSoC5/Timer_Int.c **** * Return:
 255:Generated_Source\PSoC5/Timer_Int.c **** *   None
 256:Generated_Source\PSoC5/Timer_Int.c **** *
 257:Generated_Source\PSoC5/Timer_Int.c **** *******************************************************************************/
 258:Generated_Source\PSoC5/Timer_Int.c **** void Timer_Int_SetPriority(uint8 priority)
 259:Generated_Source\PSoC5/Timer_Int.c **** {
 100              		.loc 1 259 0
 101              		.cfi_startproc
 102              		@ args = 0, pretend = 0, frame = 0
 103              		@ frame_needed = 0, uses_anonymous_args = 0
 104              		@ link register save eliminated.
 105              	.LVL3:
 260:Generated_Source\PSoC5/Timer_Int.c ****     *Timer_Int_INTC_PRIOR = priority << 5;
 106              		.loc 1 260 0
 107 0000 4001     		lsls	r0, r0, #5
 108              	.LVL4:
 109 0002 C0B2     		uxtb	r0, r0
 110 0004 014B     		ldr	r3, .L9
 111 0006 1870     		strb	r0, [r3]
 112 0008 7047     		bx	lr
 113              	.L10:
 114 000a 00BF     		.align	2
 115              	.L9:
 116 000c 00E400E0 		.word	-536812544
 117              		.cfi_endproc
 118              	.LFE6:
 119              		.size	Timer_Int_SetPriority, .-Timer_Int_SetPriority
 120              		.section	.text.Timer_Int_GetPriority,"ax",%progbits
 121              		.align	2
 122              		.global	Timer_Int_GetPriority
 123              		.thumb
 124              		.thumb_func
 125              		.type	Timer_Int_GetPriority, %function
 126              	Timer_Int_GetPriority:
 127              	.LFB7:
 261:Generated_Source\PSoC5/Timer_Int.c **** }
 262:Generated_Source\PSoC5/Timer_Int.c **** 
 263:Generated_Source\PSoC5/Timer_Int.c **** 
 264:Generated_Source\PSoC5/Timer_Int.c **** /*******************************************************************************
 265:Generated_Source\PSoC5/Timer_Int.c **** * Function Name: Timer_Int_GetPriority
 266:Generated_Source\PSoC5/Timer_Int.c **** ********************************************************************************
 267:Generated_Source\PSoC5/Timer_Int.c **** *
 268:Generated_Source\PSoC5/Timer_Int.c **** * Summary:
 269:Generated_Source\PSoC5/Timer_Int.c **** *   Gets the Priority of the Interrupt.
 270:Generated_Source\PSoC5/Timer_Int.c **** *
 271:Generated_Source\PSoC5/Timer_Int.c **** * Parameters:
 272:Generated_Source\PSoC5/Timer_Int.c **** *   None
ARM GAS  C:\Users\shiyu\AppData\Local\Temp\ccvxoH0h.s 			page 8


 273:Generated_Source\PSoC5/Timer_Int.c **** *
 274:Generated_Source\PSoC5/Timer_Int.c **** * Return:
 275:Generated_Source\PSoC5/Timer_Int.c **** *   Priority of the interrupt, 0 being the highest priority
 276:Generated_Source\PSoC5/Timer_Int.c **** *    PSoC 3 and PSoC 5LP: Priority is from 0 to 7.
 277:Generated_Source\PSoC5/Timer_Int.c **** *    PSoC 4: Priority is from 0 to 3.
 278:Generated_Source\PSoC5/Timer_Int.c **** *
 279:Generated_Source\PSoC5/Timer_Int.c **** *******************************************************************************/
 280:Generated_Source\PSoC5/Timer_Int.c **** uint8 Timer_Int_GetPriority(void)
 281:Generated_Source\PSoC5/Timer_Int.c **** {
 128              		.loc 1 281 0
 129              		.cfi_startproc
 130              		@ args = 0, pretend = 0, frame = 0
 131              		@ frame_needed = 0, uses_anonymous_args = 0
 132              		@ link register save eliminated.
 282:Generated_Source\PSoC5/Timer_Int.c ****     uint8 priority;
 283:Generated_Source\PSoC5/Timer_Int.c **** 
 284:Generated_Source\PSoC5/Timer_Int.c **** 
 285:Generated_Source\PSoC5/Timer_Int.c ****     priority = *Timer_Int_INTC_PRIOR >> 5;
 133              		.loc 1 285 0
 134 0000 014B     		ldr	r3, .L12
 135 0002 1878     		ldrb	r0, [r3]	@ zero_extendqisi2
 136              	.LVL5:
 286:Generated_Source\PSoC5/Timer_Int.c **** 
 287:Generated_Source\PSoC5/Timer_Int.c ****     return priority;
 288:Generated_Source\PSoC5/Timer_Int.c **** }
 137              		.loc 1 288 0
 138 0004 4009     		lsrs	r0, r0, #5
 139              	.LVL6:
 140 0006 7047     		bx	lr
 141              	.L13:
 142              		.align	2
 143              	.L12:
 144 0008 00E400E0 		.word	-536812544
 145              		.cfi_endproc
 146              	.LFE7:
 147              		.size	Timer_Int_GetPriority, .-Timer_Int_GetPriority
 148              		.section	.text.Timer_Int_Enable,"ax",%progbits
 149              		.align	2
 150              		.global	Timer_Int_Enable
 151              		.thumb
 152              		.thumb_func
 153              		.type	Timer_Int_Enable, %function
 154              	Timer_Int_Enable:
 155              	.LFB8:
 289:Generated_Source\PSoC5/Timer_Int.c **** 
 290:Generated_Source\PSoC5/Timer_Int.c **** 
 291:Generated_Source\PSoC5/Timer_Int.c **** /*******************************************************************************
 292:Generated_Source\PSoC5/Timer_Int.c **** * Function Name: Timer_Int_Enable
 293:Generated_Source\PSoC5/Timer_Int.c **** ********************************************************************************
 294:Generated_Source\PSoC5/Timer_Int.c **** *
 295:Generated_Source\PSoC5/Timer_Int.c **** * Summary:
 296:Generated_Source\PSoC5/Timer_Int.c **** *   Enables the interrupt to the interrupt controller. Do not call this function
 297:Generated_Source\PSoC5/Timer_Int.c **** *   unless ISR_Start() has been called or the functionality of the ISR_Start() 
 298:Generated_Source\PSoC5/Timer_Int.c **** *   function, which sets the vector and the priority, has been called.
 299:Generated_Source\PSoC5/Timer_Int.c **** *
 300:Generated_Source\PSoC5/Timer_Int.c **** * Parameters:
 301:Generated_Source\PSoC5/Timer_Int.c **** *   None
ARM GAS  C:\Users\shiyu\AppData\Local\Temp\ccvxoH0h.s 			page 9


 302:Generated_Source\PSoC5/Timer_Int.c **** *
 303:Generated_Source\PSoC5/Timer_Int.c **** * Return:
 304:Generated_Source\PSoC5/Timer_Int.c **** *   None
 305:Generated_Source\PSoC5/Timer_Int.c **** *
 306:Generated_Source\PSoC5/Timer_Int.c **** *******************************************************************************/
 307:Generated_Source\PSoC5/Timer_Int.c **** void Timer_Int_Enable(void)
 308:Generated_Source\PSoC5/Timer_Int.c **** {
 156              		.loc 1 308 0
 157              		.cfi_startproc
 158              		@ args = 0, pretend = 0, frame = 0
 159              		@ frame_needed = 0, uses_anonymous_args = 0
 160              		@ link register save eliminated.
 309:Generated_Source\PSoC5/Timer_Int.c ****     /* Enable the general interrupt. */
 310:Generated_Source\PSoC5/Timer_Int.c ****     *Timer_Int_INTC_SET_EN = Timer_Int__INTC_MASK;
 161              		.loc 1 310 0
 162 0000 0122     		movs	r2, #1
 163 0002 014B     		ldr	r3, .L15
 164 0004 1A60     		str	r2, [r3]
 165 0006 7047     		bx	lr
 166              	.L16:
 167              		.align	2
 168              	.L15:
 169 0008 00E100E0 		.word	-536813312
 170              		.cfi_endproc
 171              	.LFE8:
 172              		.size	Timer_Int_Enable, .-Timer_Int_Enable
 173              		.section	.text.Timer_Int_GetState,"ax",%progbits
 174              		.align	2
 175              		.global	Timer_Int_GetState
 176              		.thumb
 177              		.thumb_func
 178              		.type	Timer_Int_GetState, %function
 179              	Timer_Int_GetState:
 180              	.LFB9:
 311:Generated_Source\PSoC5/Timer_Int.c **** }
 312:Generated_Source\PSoC5/Timer_Int.c **** 
 313:Generated_Source\PSoC5/Timer_Int.c **** 
 314:Generated_Source\PSoC5/Timer_Int.c **** /*******************************************************************************
 315:Generated_Source\PSoC5/Timer_Int.c **** * Function Name: Timer_Int_GetState
 316:Generated_Source\PSoC5/Timer_Int.c **** ********************************************************************************
 317:Generated_Source\PSoC5/Timer_Int.c **** *
 318:Generated_Source\PSoC5/Timer_Int.c **** * Summary:
 319:Generated_Source\PSoC5/Timer_Int.c **** *   Gets the state (enabled, disabled) of the Interrupt.
 320:Generated_Source\PSoC5/Timer_Int.c **** *
 321:Generated_Source\PSoC5/Timer_Int.c **** * Parameters:
 322:Generated_Source\PSoC5/Timer_Int.c **** *   None
 323:Generated_Source\PSoC5/Timer_Int.c **** *
 324:Generated_Source\PSoC5/Timer_Int.c **** * Return:
 325:Generated_Source\PSoC5/Timer_Int.c **** *   1 if enabled, 0 if disabled.
 326:Generated_Source\PSoC5/Timer_Int.c **** *
 327:Generated_Source\PSoC5/Timer_Int.c **** *******************************************************************************/
 328:Generated_Source\PSoC5/Timer_Int.c **** uint8 Timer_Int_GetState(void)
 329:Generated_Source\PSoC5/Timer_Int.c **** {
 181              		.loc 1 329 0
 182              		.cfi_startproc
 183              		@ args = 0, pretend = 0, frame = 0
 184              		@ frame_needed = 0, uses_anonymous_args = 0
ARM GAS  C:\Users\shiyu\AppData\Local\Temp\ccvxoH0h.s 			page 10


 185              		@ link register save eliminated.
 330:Generated_Source\PSoC5/Timer_Int.c ****     /* Get the state of the general interrupt. */
 331:Generated_Source\PSoC5/Timer_Int.c ****     return ((*Timer_Int_INTC_SET_EN & (uint32)Timer_Int__INTC_MASK) != 0u) ? 1u:0u;
 186              		.loc 1 331 0
 187 0000 024B     		ldr	r3, .L18
 188 0002 1868     		ldr	r0, [r3]
 332:Generated_Source\PSoC5/Timer_Int.c **** }
 189              		.loc 1 332 0
 190 0004 00F00100 		and	r0, r0, #1
 191 0008 7047     		bx	lr
 192              	.L19:
 193 000a 00BF     		.align	2
 194              	.L18:
 195 000c 00E100E0 		.word	-536813312
 196              		.cfi_endproc
 197              	.LFE9:
 198              		.size	Timer_Int_GetState, .-Timer_Int_GetState
 199              		.section	.text.Timer_Int_Disable,"ax",%progbits
 200              		.align	2
 201              		.global	Timer_Int_Disable
 202              		.thumb
 203              		.thumb_func
 204              		.type	Timer_Int_Disable, %function
 205              	Timer_Int_Disable:
 206              	.LFB10:
 333:Generated_Source\PSoC5/Timer_Int.c **** 
 334:Generated_Source\PSoC5/Timer_Int.c **** 
 335:Generated_Source\PSoC5/Timer_Int.c **** /*******************************************************************************
 336:Generated_Source\PSoC5/Timer_Int.c **** * Function Name: Timer_Int_Disable
 337:Generated_Source\PSoC5/Timer_Int.c **** ********************************************************************************
 338:Generated_Source\PSoC5/Timer_Int.c **** *
 339:Generated_Source\PSoC5/Timer_Int.c **** * Summary:
 340:Generated_Source\PSoC5/Timer_Int.c **** *   Disables the Interrupt in the interrupt controller.
 341:Generated_Source\PSoC5/Timer_Int.c **** *
 342:Generated_Source\PSoC5/Timer_Int.c **** * Parameters:
 343:Generated_Source\PSoC5/Timer_Int.c **** *   None
 344:Generated_Source\PSoC5/Timer_Int.c **** *
 345:Generated_Source\PSoC5/Timer_Int.c **** * Return:
 346:Generated_Source\PSoC5/Timer_Int.c **** *   None
 347:Generated_Source\PSoC5/Timer_Int.c **** *
 348:Generated_Source\PSoC5/Timer_Int.c **** *******************************************************************************/
 349:Generated_Source\PSoC5/Timer_Int.c **** void Timer_Int_Disable(void)
 350:Generated_Source\PSoC5/Timer_Int.c **** {
 207              		.loc 1 350 0
 208              		.cfi_startproc
 209              		@ args = 0, pretend = 0, frame = 0
 210              		@ frame_needed = 0, uses_anonymous_args = 0
 211              		@ link register save eliminated.
 351:Generated_Source\PSoC5/Timer_Int.c ****     /* Disable the general interrupt. */
 352:Generated_Source\PSoC5/Timer_Int.c ****     *Timer_Int_INTC_CLR_EN = Timer_Int__INTC_MASK;
 212              		.loc 1 352 0
 213 0000 0122     		movs	r2, #1
 214 0002 014B     		ldr	r3, .L21
 215 0004 1A60     		str	r2, [r3]
 216 0006 7047     		bx	lr
 217              	.L22:
 218              		.align	2
ARM GAS  C:\Users\shiyu\AppData\Local\Temp\ccvxoH0h.s 			page 11


 219              	.L21:
 220 0008 80E100E0 		.word	-536813184
 221              		.cfi_endproc
 222              	.LFE10:
 223              		.size	Timer_Int_Disable, .-Timer_Int_Disable
 224              		.section	.text.Timer_Int_Start,"ax",%progbits
 225              		.align	2
 226              		.global	Timer_Int_Start
 227              		.thumb
 228              		.thumb_func
 229              		.type	Timer_Int_Start, %function
 230              	Timer_Int_Start:
 231              	.LFB0:
  62:Generated_Source\PSoC5/Timer_Int.c ****     /* For all we know the interrupt is active. */
 232              		.loc 1 62 0
 233              		.cfi_startproc
 234              		@ args = 0, pretend = 0, frame = 0
 235              		@ frame_needed = 0, uses_anonymous_args = 0
 236 0000 08B5     		push	{r3, lr}
 237              		.cfi_def_cfa_offset 8
 238              		.cfi_offset 3, -8
 239              		.cfi_offset 14, -4
  64:Generated_Source\PSoC5/Timer_Int.c **** 
 240              		.loc 1 64 0
 241 0002 FFF7FEFF 		bl	Timer_Int_Disable
 242              	.LVL7:
  67:Generated_Source\PSoC5/Timer_Int.c **** 
 243              		.loc 1 67 0
 244 0006 0448     		ldr	r0, .L25
 245 0008 FFF7FEFF 		bl	Timer_Int_SetVector
 246              	.LVL8:
  70:Generated_Source\PSoC5/Timer_Int.c **** 
 247              		.loc 1 70 0
 248 000c 0720     		movs	r0, #7
 249 000e FFF7FEFF 		bl	Timer_Int_SetPriority
 250              	.LVL9:
  73:Generated_Source\PSoC5/Timer_Int.c **** }
 251              		.loc 1 73 0
 252 0012 FFF7FEFF 		bl	Timer_Int_Enable
 253              	.LVL10:
 254 0016 08BD     		pop	{r3, pc}
 255              	.L26:
 256              		.align	2
 257              	.L25:
 258 0018 00000000 		.word	Timer_Int_Interrupt
 259              		.cfi_endproc
 260              	.LFE0:
 261              		.size	Timer_Int_Start, .-Timer_Int_Start
 262              		.section	.text.Timer_Int_StartEx,"ax",%progbits
 263              		.align	2
 264              		.global	Timer_Int_StartEx
 265              		.thumb
 266              		.thumb_func
 267              		.type	Timer_Int_StartEx, %function
 268              	Timer_Int_StartEx:
 269              	.LFB1:
 105:Generated_Source\PSoC5/Timer_Int.c ****     /* For all we know the interrupt is active. */
ARM GAS  C:\Users\shiyu\AppData\Local\Temp\ccvxoH0h.s 			page 12


 270              		.loc 1 105 0
 271              		.cfi_startproc
 272              		@ args = 0, pretend = 0, frame = 0
 273              		@ frame_needed = 0, uses_anonymous_args = 0
 274              	.LVL11:
 275 0000 10B5     		push	{r4, lr}
 276              		.cfi_def_cfa_offset 8
 277              		.cfi_offset 4, -8
 278              		.cfi_offset 14, -4
 279 0002 0446     		mov	r4, r0
 107:Generated_Source\PSoC5/Timer_Int.c **** 
 280              		.loc 1 107 0
 281 0004 FFF7FEFF 		bl	Timer_Int_Disable
 282              	.LVL12:
 110:Generated_Source\PSoC5/Timer_Int.c **** 
 283              		.loc 1 110 0
 284 0008 2046     		mov	r0, r4
 285 000a FFF7FEFF 		bl	Timer_Int_SetVector
 286              	.LVL13:
 113:Generated_Source\PSoC5/Timer_Int.c **** 
 287              		.loc 1 113 0
 288 000e 0720     		movs	r0, #7
 289 0010 FFF7FEFF 		bl	Timer_Int_SetPriority
 290              	.LVL14:
 116:Generated_Source\PSoC5/Timer_Int.c **** }
 291              		.loc 1 116 0
 292 0014 FFF7FEFF 		bl	Timer_Int_Enable
 293              	.LVL15:
 294 0018 10BD     		pop	{r4, pc}
 295              		.cfi_endproc
 296              	.LFE1:
 297              		.size	Timer_Int_StartEx, .-Timer_Int_StartEx
 298 001a 00BF     		.section	.text.Timer_Int_Stop,"ax",%progbits
 299              		.align	2
 300              		.global	Timer_Int_Stop
 301              		.thumb
 302              		.thumb_func
 303              		.type	Timer_Int_Stop, %function
 304              	Timer_Int_Stop:
 305              	.LFB2:
 135:Generated_Source\PSoC5/Timer_Int.c ****     /* Disable this interrupt. */
 306              		.loc 1 135 0
 307              		.cfi_startproc
 308              		@ args = 0, pretend = 0, frame = 0
 309              		@ frame_needed = 0, uses_anonymous_args = 0
 310 0000 08B5     		push	{r3, lr}
 311              		.cfi_def_cfa_offset 8
 312              		.cfi_offset 3, -8
 313              		.cfi_offset 14, -4
 137:Generated_Source\PSoC5/Timer_Int.c **** 
 314              		.loc 1 137 0
 315 0002 FFF7FEFF 		bl	Timer_Int_Disable
 316              	.LVL16:
 140:Generated_Source\PSoC5/Timer_Int.c **** }
 317              		.loc 1 140 0
 318 0006 0248     		ldr	r0, .L31
 319 0008 FFF7FEFF 		bl	Timer_Int_SetVector
ARM GAS  C:\Users\shiyu\AppData\Local\Temp\ccvxoH0h.s 			page 13


 320              	.LVL17:
 321 000c 08BD     		pop	{r3, pc}
 322              	.L32:
 323 000e 00BF     		.align	2
 324              	.L31:
 325 0010 00000000 		.word	IntDefaultHandler
 326              		.cfi_endproc
 327              	.LFE2:
 328              		.size	Timer_Int_Stop, .-Timer_Int_Stop
 329              		.section	.text.Timer_Int_SetPending,"ax",%progbits
 330              		.align	2
 331              		.global	Timer_Int_SetPending
 332              		.thumb
 333              		.thumb_func
 334              		.type	Timer_Int_SetPending, %function
 335              	Timer_Int_SetPending:
 336              	.LFB11:
 353:Generated_Source\PSoC5/Timer_Int.c **** }
 354:Generated_Source\PSoC5/Timer_Int.c **** 
 355:Generated_Source\PSoC5/Timer_Int.c **** 
 356:Generated_Source\PSoC5/Timer_Int.c **** /*******************************************************************************
 357:Generated_Source\PSoC5/Timer_Int.c **** * Function Name: Timer_Int_SetPending
 358:Generated_Source\PSoC5/Timer_Int.c **** ********************************************************************************
 359:Generated_Source\PSoC5/Timer_Int.c **** *
 360:Generated_Source\PSoC5/Timer_Int.c **** * Summary:
 361:Generated_Source\PSoC5/Timer_Int.c **** *   Causes the Interrupt to enter the pending state, a software method of
 362:Generated_Source\PSoC5/Timer_Int.c **** *   generating the interrupt.
 363:Generated_Source\PSoC5/Timer_Int.c **** *
 364:Generated_Source\PSoC5/Timer_Int.c **** * Parameters:
 365:Generated_Source\PSoC5/Timer_Int.c **** *   None
 366:Generated_Source\PSoC5/Timer_Int.c **** *
 367:Generated_Source\PSoC5/Timer_Int.c **** * Return:
 368:Generated_Source\PSoC5/Timer_Int.c **** *   None
 369:Generated_Source\PSoC5/Timer_Int.c **** *
 370:Generated_Source\PSoC5/Timer_Int.c **** * Side Effects:
 371:Generated_Source\PSoC5/Timer_Int.c **** *   If interrupts are enabled and the interrupt is set up properly, the ISR is
 372:Generated_Source\PSoC5/Timer_Int.c **** *   entered (depending on the priority of this interrupt and other pending 
 373:Generated_Source\PSoC5/Timer_Int.c **** *   interrupts).
 374:Generated_Source\PSoC5/Timer_Int.c **** *
 375:Generated_Source\PSoC5/Timer_Int.c **** *******************************************************************************/
 376:Generated_Source\PSoC5/Timer_Int.c **** void Timer_Int_SetPending(void)
 377:Generated_Source\PSoC5/Timer_Int.c **** {
 337              		.loc 1 377 0
 338              		.cfi_startproc
 339              		@ args = 0, pretend = 0, frame = 0
 340              		@ frame_needed = 0, uses_anonymous_args = 0
 341              		@ link register save eliminated.
 378:Generated_Source\PSoC5/Timer_Int.c ****     *Timer_Int_INTC_SET_PD = Timer_Int__INTC_MASK;
 342              		.loc 1 378 0
 343 0000 0122     		movs	r2, #1
 344 0002 014B     		ldr	r3, .L34
 345 0004 1A60     		str	r2, [r3]
 346 0006 7047     		bx	lr
 347              	.L35:
 348              		.align	2
 349              	.L34:
 350 0008 00E200E0 		.word	-536813056
ARM GAS  C:\Users\shiyu\AppData\Local\Temp\ccvxoH0h.s 			page 14


 351              		.cfi_endproc
 352              	.LFE11:
 353              		.size	Timer_Int_SetPending, .-Timer_Int_SetPending
 354              		.section	.text.Timer_Int_ClearPending,"ax",%progbits
 355              		.align	2
 356              		.global	Timer_Int_ClearPending
 357              		.thumb
 358              		.thumb_func
 359              		.type	Timer_Int_ClearPending, %function
 360              	Timer_Int_ClearPending:
 361              	.LFB12:
 379:Generated_Source\PSoC5/Timer_Int.c **** }
 380:Generated_Source\PSoC5/Timer_Int.c **** 
 381:Generated_Source\PSoC5/Timer_Int.c **** 
 382:Generated_Source\PSoC5/Timer_Int.c **** /*******************************************************************************
 383:Generated_Source\PSoC5/Timer_Int.c **** * Function Name: Timer_Int_ClearPending
 384:Generated_Source\PSoC5/Timer_Int.c **** ********************************************************************************
 385:Generated_Source\PSoC5/Timer_Int.c **** *
 386:Generated_Source\PSoC5/Timer_Int.c **** * Summary:
 387:Generated_Source\PSoC5/Timer_Int.c **** *   Clears a pending interrupt in the interrupt controller.
 388:Generated_Source\PSoC5/Timer_Int.c **** *
 389:Generated_Source\PSoC5/Timer_Int.c **** *   Note Some interrupt sources are clear-on-read and require the block 
 390:Generated_Source\PSoC5/Timer_Int.c **** *   interrupt/status register to be read/cleared with the appropriate block API 
 391:Generated_Source\PSoC5/Timer_Int.c **** *   (GPIO, UART, and so on). Otherwise the ISR will continue to remain in 
 392:Generated_Source\PSoC5/Timer_Int.c **** *   pending state even though the interrupt itself is cleared using this API.
 393:Generated_Source\PSoC5/Timer_Int.c **** *
 394:Generated_Source\PSoC5/Timer_Int.c **** * Parameters:
 395:Generated_Source\PSoC5/Timer_Int.c **** *   None
 396:Generated_Source\PSoC5/Timer_Int.c **** *
 397:Generated_Source\PSoC5/Timer_Int.c **** * Return:
 398:Generated_Source\PSoC5/Timer_Int.c **** *   None
 399:Generated_Source\PSoC5/Timer_Int.c **** *
 400:Generated_Source\PSoC5/Timer_Int.c **** *******************************************************************************/
 401:Generated_Source\PSoC5/Timer_Int.c **** void Timer_Int_ClearPending(void)
 402:Generated_Source\PSoC5/Timer_Int.c **** {
 362              		.loc 1 402 0
 363              		.cfi_startproc
 364              		@ args = 0, pretend = 0, frame = 0
 365              		@ frame_needed = 0, uses_anonymous_args = 0
 366              		@ link register save eliminated.
 403:Generated_Source\PSoC5/Timer_Int.c ****     *Timer_Int_INTC_CLR_PD = Timer_Int__INTC_MASK;
 367              		.loc 1 403 0
 368 0000 0122     		movs	r2, #1
 369 0002 014B     		ldr	r3, .L37
 370 0004 1A60     		str	r2, [r3]
 371 0006 7047     		bx	lr
 372              	.L38:
 373              		.align	2
 374              	.L37:
 375 0008 80E200E0 		.word	-536812928
 376              		.cfi_endproc
 377              	.LFE12:
 378              		.size	Timer_Int_ClearPending, .-Timer_Int_ClearPending
 379              		.text
 380              	.Letext0:
 381              		.file 2 "Generated_Source\\PSoC5/cytypes.h"
 382              		.section	.debug_info,"",%progbits
ARM GAS  C:\Users\shiyu\AppData\Local\Temp\ccvxoH0h.s 			page 15


 383              	.Ldebug_info0:
 384 0000 CC020000 		.4byte	0x2cc
 385 0004 0400     		.2byte	0x4
 386 0006 00000000 		.4byte	.Ldebug_abbrev0
 387 000a 04       		.byte	0x4
 388 000b 01       		.uleb128 0x1
 389 000c 7B000000 		.4byte	.LASF34
 390 0010 0C       		.byte	0xc
 391 0011 0E010000 		.4byte	.LASF35
 392 0015 3B020000 		.4byte	.LASF36
 393 0019 00000000 		.4byte	.Ldebug_ranges0+0
 394 001d 00000000 		.4byte	0
 395 0021 00000000 		.4byte	.Ldebug_line0
 396 0025 02       		.uleb128 0x2
 397 0026 04       		.byte	0x4
 398 0027 05       		.byte	0x5
 399 0028 696E7400 		.ascii	"int\000"
 400 002c 03       		.uleb128 0x3
 401 002d 04       		.byte	0x4
 402 002e 07       		.byte	0x7
 403 002f B5010000 		.4byte	.LASF0
 404 0033 03       		.uleb128 0x3
 405 0034 08       		.byte	0x8
 406 0035 05       		.byte	0x5
 407 0036 19020000 		.4byte	.LASF1
 408 003a 03       		.uleb128 0x3
 409 003b 08       		.byte	0x8
 410 003c 04       		.byte	0x4
 411 003d D0020000 		.4byte	.LASF2
 412 0041 03       		.uleb128 0x3
 413 0042 01       		.byte	0x1
 414 0043 06       		.byte	0x6
 415 0044 EC020000 		.4byte	.LASF3
 416 0048 03       		.uleb128 0x3
 417 0049 01       		.byte	0x1
 418 004a 08       		.byte	0x8
 419 004b 6D000000 		.4byte	.LASF4
 420 004f 03       		.uleb128 0x3
 421 0050 02       		.byte	0x2
 422 0051 05       		.byte	0x5
 423 0052 A8020000 		.4byte	.LASF5
 424 0056 03       		.uleb128 0x3
 425 0057 02       		.byte	0x2
 426 0058 07       		.byte	0x7
 427 0059 42000000 		.4byte	.LASF6
 428 005d 03       		.uleb128 0x3
 429 005e 04       		.byte	0x4
 430 005f 05       		.byte	0x5
 431 0060 C7020000 		.4byte	.LASF7
 432 0064 03       		.uleb128 0x3
 433 0065 04       		.byte	0x4
 434 0066 07       		.byte	0x7
 435 0067 31010000 		.4byte	.LASF8
 436 006b 03       		.uleb128 0x3
 437 006c 08       		.byte	0x8
 438 006d 07       		.byte	0x7
 439 006e CA010000 		.4byte	.LASF9
ARM GAS  C:\Users\shiyu\AppData\Local\Temp\ccvxoH0h.s 			page 16


 440 0072 03       		.uleb128 0x3
 441 0073 04       		.byte	0x4
 442 0074 07       		.byte	0x7
 443 0075 10020000 		.4byte	.LASF10
 444 0079 03       		.uleb128 0x3
 445 007a 01       		.byte	0x1
 446 007b 08       		.byte	0x8
 447 007c 27020000 		.4byte	.LASF11
 448 0080 04       		.uleb128 0x4
 449 0081 04       		.byte	0x4
 450 0082 86000000 		.4byte	0x86
 451 0086 05       		.uleb128 0x5
 452 0087 06       		.uleb128 0x6
 453 0088 43010000 		.4byte	.LASF12
 454 008c 02       		.byte	0x2
 455 008d C2       		.byte	0xc2
 456 008e 48000000 		.4byte	0x48
 457 0092 06       		.uleb128 0x6
 458 0093 97010000 		.4byte	.LASF13
 459 0097 02       		.byte	0x2
 460 0098 C4       		.byte	0xc4
 461 0099 64000000 		.4byte	0x64
 462 009d 03       		.uleb128 0x3
 463 009e 04       		.byte	0x4
 464 009f 04       		.byte	0x4
 465 00a0 67000000 		.4byte	.LASF14
 466 00a4 03       		.uleb128 0x3
 467 00a5 08       		.byte	0x8
 468 00a6 04       		.byte	0x4
 469 00a7 7C010000 		.4byte	.LASF15
 470 00ab 07       		.uleb128 0x7
 471 00ac 09010000 		.4byte	.LASF16
 472 00b0 02       		.byte	0x2
 473 00b1 6C01     		.2byte	0x16c
 474 00b3 B7000000 		.4byte	0xb7
 475 00b7 08       		.uleb128 0x8
 476 00b8 87000000 		.4byte	0x87
 477 00bc 07       		.uleb128 0x7
 478 00bd 00000000 		.4byte	.LASF17
 479 00c1 02       		.byte	0x2
 480 00c2 6E01     		.2byte	0x16e
 481 00c4 C8000000 		.4byte	0xc8
 482 00c8 08       		.uleb128 0x8
 483 00c9 92000000 		.4byte	0x92
 484 00cd 07       		.uleb128 0x7
 485 00ce 03020000 		.4byte	.LASF18
 486 00d2 02       		.byte	0x2
 487 00d3 7E01     		.2byte	0x17e
 488 00d5 80000000 		.4byte	0x80
 489 00d9 09       		.uleb128 0x9
 490 00da 83010000 		.4byte	.LASF26
 491 00de 01       		.byte	0x1
 492 00df A0       		.byte	0xa0
 493 00e0 00000000 		.4byte	.LFB3
 494 00e4 02000000 		.4byte	.LFE3-.LFB3
 495 00e8 01       		.uleb128 0x1
 496 00e9 9C       		.byte	0x9c
ARM GAS  C:\Users\shiyu\AppData\Local\Temp\ccvxoH0h.s 			page 17


 497 00ea 0A       		.uleb128 0xa
 498 00eb 18000000 		.4byte	.LASF20
 499 00ef 01       		.byte	0x1
 500 00f0 C8       		.byte	0xc8
 501 00f1 00000000 		.4byte	.LFB4
 502 00f5 0C000000 		.4byte	.LFE4-.LFB4
 503 00f9 01       		.uleb128 0x1
 504 00fa 9C       		.byte	0x9c
 505 00fb 1A010000 		.4byte	0x11a
 506 00ff 0B       		.uleb128 0xb
 507 0100 C2010000 		.4byte	.LASF22
 508 0104 01       		.byte	0x1
 509 0105 C8       		.byte	0xc8
 510 0106 CD000000 		.4byte	0xcd
 511 010a 01       		.uleb128 0x1
 512 010b 50       		.byte	0x50
 513 010c 0C       		.uleb128 0xc
 514 010d 2C020000 		.4byte	.LASF19
 515 0111 01       		.byte	0x1
 516 0112 CA       		.byte	0xca
 517 0113 1A010000 		.4byte	0x11a
 518 0117 01       		.uleb128 0x1
 519 0118 53       		.byte	0x53
 520 0119 00       		.byte	0
 521 011a 04       		.uleb128 0x4
 522 011b 04       		.byte	0x4
 523 011c CD000000 		.4byte	0xcd
 524 0120 0D       		.uleb128 0xd
 525 0121 68010000 		.4byte	.LASF24
 526 0125 01       		.byte	0x1
 527 0126 E0       		.byte	0xe0
 528 0127 CD000000 		.4byte	0xcd
 529 012b 00000000 		.4byte	.LFB5
 530 012f 0C000000 		.4byte	.LFE5-.LFB5
 531 0133 01       		.uleb128 0x1
 532 0134 9C       		.byte	0x9c
 533 0135 47010000 		.4byte	0x147
 534 0139 0C       		.uleb128 0xc
 535 013a 2C020000 		.4byte	.LASF19
 536 013e 01       		.byte	0x1
 537 013f E2       		.byte	0xe2
 538 0140 1A010000 		.4byte	0x11a
 539 0144 01       		.uleb128 0x1
 540 0145 53       		.byte	0x53
 541 0146 00       		.byte	0
 542 0147 0E       		.uleb128 0xe
 543 0148 49010000 		.4byte	.LASF21
 544 014c 01       		.byte	0x1
 545 014d 0201     		.2byte	0x102
 546 014f 00000000 		.4byte	.LFB6
 547 0153 10000000 		.4byte	.LFE6-.LFB6
 548 0157 01       		.uleb128 0x1
 549 0158 9C       		.byte	0x9c
 550 0159 6E010000 		.4byte	0x16e
 551 015d 0F       		.uleb128 0xf
 552 015e 5F010000 		.4byte	.LASF23
 553 0162 01       		.byte	0x1
ARM GAS  C:\Users\shiyu\AppData\Local\Temp\ccvxoH0h.s 			page 18


 554 0163 0201     		.2byte	0x102
 555 0165 87000000 		.4byte	0x87
 556 0169 00000000 		.4byte	.LLST0
 557 016d 00       		.byte	0
 558 016e 10       		.uleb128 0x10
 559 016f 2C000000 		.4byte	.LASF25
 560 0173 01       		.byte	0x1
 561 0174 1801     		.2byte	0x118
 562 0176 87000000 		.4byte	0x87
 563 017a 00000000 		.4byte	.LFB7
 564 017e 0C000000 		.4byte	.LFE7-.LFB7
 565 0182 01       		.uleb128 0x1
 566 0183 9C       		.byte	0x9c
 567 0184 99010000 		.4byte	0x199
 568 0188 11       		.uleb128 0x11
 569 0189 5F010000 		.4byte	.LASF23
 570 018d 01       		.byte	0x1
 571 018e 1A01     		.2byte	0x11a
 572 0190 87000000 		.4byte	0x87
 573 0194 21000000 		.4byte	.LLST1
 574 0198 00       		.byte	0
 575 0199 12       		.uleb128 0x12
 576 019a F8020000 		.4byte	.LASF27
 577 019e 01       		.byte	0x1
 578 019f 3301     		.2byte	0x133
 579 01a1 00000000 		.4byte	.LFB8
 580 01a5 0C000000 		.4byte	.LFE8-.LFB8
 581 01a9 01       		.uleb128 0x1
 582 01aa 9C       		.byte	0x9c
 583 01ab 13       		.uleb128 0x13
 584 01ac E1010000 		.4byte	.LASF37
 585 01b0 01       		.byte	0x1
 586 01b1 4801     		.2byte	0x148
 587 01b3 87000000 		.4byte	0x87
 588 01b7 00000000 		.4byte	.LFB9
 589 01bb 10000000 		.4byte	.LFE9-.LFB9
 590 01bf 01       		.uleb128 0x1
 591 01c0 9C       		.byte	0x9c
 592 01c1 12       		.uleb128 0x12
 593 01c2 55000000 		.4byte	.LASF28
 594 01c6 01       		.byte	0x1
 595 01c7 5D01     		.2byte	0x15d
 596 01c9 00000000 		.4byte	.LFB10
 597 01cd 0C000000 		.4byte	.LFE10-.LFB10
 598 01d1 01       		.uleb128 0x1
 599 01d2 9C       		.byte	0x9c
 600 01d3 0A       		.uleb128 0xa
 601 01d4 DC020000 		.4byte	.LASF29
 602 01d8 01       		.byte	0x1
 603 01d9 3D       		.byte	0x3d
 604 01da 00000000 		.4byte	.LFB0
 605 01de 1C000000 		.4byte	.LFE0-.LFB0
 606 01e2 01       		.uleb128 0x1
 607 01e3 9C       		.byte	0x9c
 608 01e4 25020000 		.4byte	0x225
 609 01e8 14       		.uleb128 0x14
 610 01e9 06000000 		.4byte	.LVL7
ARM GAS  C:\Users\shiyu\AppData\Local\Temp\ccvxoH0h.s 			page 19


 611 01ed C1010000 		.4byte	0x1c1
 612 01f1 15       		.uleb128 0x15
 613 01f2 0C000000 		.4byte	.LVL8
 614 01f6 EA000000 		.4byte	0xea
 615 01fa 08020000 		.4byte	0x208
 616 01fe 16       		.uleb128 0x16
 617 01ff 01       		.uleb128 0x1
 618 0200 50       		.byte	0x50
 619 0201 05       		.uleb128 0x5
 620 0202 03       		.byte	0x3
 621 0203 00000000 		.4byte	Timer_Int_Interrupt
 622 0207 00       		.byte	0
 623 0208 15       		.uleb128 0x15
 624 0209 12000000 		.4byte	.LVL9
 625 020d 47010000 		.4byte	0x147
 626 0211 1B020000 		.4byte	0x21b
 627 0215 16       		.uleb128 0x16
 628 0216 01       		.uleb128 0x1
 629 0217 50       		.byte	0x50
 630 0218 01       		.uleb128 0x1
 631 0219 37       		.byte	0x37
 632 021a 00       		.byte	0
 633 021b 14       		.uleb128 0x14
 634 021c 16000000 		.4byte	.LVL10
 635 0220 99010000 		.4byte	0x199
 636 0224 00       		.byte	0
 637 0225 0A       		.uleb128 0xa
 638 0226 06000000 		.4byte	.LASF30
 639 022a 01       		.byte	0x1
 640 022b 68       		.byte	0x68
 641 022c 00000000 		.4byte	.LFB1
 642 0230 1A000000 		.4byte	.LFE1-.LFB1
 643 0234 01       		.uleb128 0x1
 644 0235 9C       		.byte	0x9c
 645 0236 83020000 		.4byte	0x283
 646 023a 17       		.uleb128 0x17
 647 023b C2010000 		.4byte	.LASF22
 648 023f 01       		.byte	0x1
 649 0240 68       		.byte	0x68
 650 0241 CD000000 		.4byte	0xcd
 651 0245 38000000 		.4byte	.LLST2
 652 0249 14       		.uleb128 0x14
 653 024a 08000000 		.4byte	.LVL12
 654 024e C1010000 		.4byte	0x1c1
 655 0252 15       		.uleb128 0x15
 656 0253 0E000000 		.4byte	.LVL13
 657 0257 EA000000 		.4byte	0xea
 658 025b 66020000 		.4byte	0x266
 659 025f 16       		.uleb128 0x16
 660 0260 01       		.uleb128 0x1
 661 0261 50       		.byte	0x50
 662 0262 02       		.uleb128 0x2
 663 0263 74       		.byte	0x74
 664 0264 00       		.sleb128 0
 665 0265 00       		.byte	0
 666 0266 15       		.uleb128 0x15
 667 0267 14000000 		.4byte	.LVL14
ARM GAS  C:\Users\shiyu\AppData\Local\Temp\ccvxoH0h.s 			page 20


 668 026b 47010000 		.4byte	0x147
 669 026f 79020000 		.4byte	0x279
 670 0273 16       		.uleb128 0x16
 671 0274 01       		.uleb128 0x1
 672 0275 50       		.byte	0x50
 673 0276 01       		.uleb128 0x1
 674 0277 37       		.byte	0x37
 675 0278 00       		.byte	0
 676 0279 14       		.uleb128 0x14
 677 027a 18000000 		.4byte	.LVL15
 678 027e 99010000 		.4byte	0x199
 679 0282 00       		.byte	0
 680 0283 0A       		.uleb128 0xa
 681 0284 F4010000 		.4byte	.LASF31
 682 0288 01       		.byte	0x1
 683 0289 86       		.byte	0x86
 684 028a 00000000 		.4byte	.LFB2
 685 028e 14000000 		.4byte	.LFE2-.LFB2
 686 0292 01       		.uleb128 0x1
 687 0293 9C       		.byte	0x9c
 688 0294 AB020000 		.4byte	0x2ab
 689 0298 14       		.uleb128 0x14
 690 0299 06000000 		.4byte	.LVL16
 691 029d C1010000 		.4byte	0x1c1
 692 02a1 14       		.uleb128 0x14
 693 02a2 0C000000 		.4byte	.LVL17
 694 02a6 EA000000 		.4byte	0xea
 695 02aa 00       		.byte	0
 696 02ab 12       		.uleb128 0x12
 697 02ac B2020000 		.4byte	.LASF32
 698 02b0 01       		.byte	0x1
 699 02b1 7801     		.2byte	0x178
 700 02b3 00000000 		.4byte	.LFB11
 701 02b7 0C000000 		.4byte	.LFE11-.LFB11
 702 02bb 01       		.uleb128 0x1
 703 02bc 9C       		.byte	0x9c
 704 02bd 12       		.uleb128 0x12
 705 02be 9E010000 		.4byte	.LASF33
 706 02c2 01       		.byte	0x1
 707 02c3 9101     		.2byte	0x191
 708 02c5 00000000 		.4byte	.LFB12
 709 02c9 0C000000 		.4byte	.LFE12-.LFB12
 710 02cd 01       		.uleb128 0x1
 711 02ce 9C       		.byte	0x9c
 712 02cf 00       		.byte	0
 713              		.section	.debug_abbrev,"",%progbits
 714              	.Ldebug_abbrev0:
 715 0000 01       		.uleb128 0x1
 716 0001 11       		.uleb128 0x11
 717 0002 01       		.byte	0x1
 718 0003 25       		.uleb128 0x25
 719 0004 0E       		.uleb128 0xe
 720 0005 13       		.uleb128 0x13
 721 0006 0B       		.uleb128 0xb
 722 0007 03       		.uleb128 0x3
 723 0008 0E       		.uleb128 0xe
 724 0009 1B       		.uleb128 0x1b
ARM GAS  C:\Users\shiyu\AppData\Local\Temp\ccvxoH0h.s 			page 21


 725 000a 0E       		.uleb128 0xe
 726 000b 55       		.uleb128 0x55
 727 000c 17       		.uleb128 0x17
 728 000d 11       		.uleb128 0x11
 729 000e 01       		.uleb128 0x1
 730 000f 10       		.uleb128 0x10
 731 0010 17       		.uleb128 0x17
 732 0011 00       		.byte	0
 733 0012 00       		.byte	0
 734 0013 02       		.uleb128 0x2
 735 0014 24       		.uleb128 0x24
 736 0015 00       		.byte	0
 737 0016 0B       		.uleb128 0xb
 738 0017 0B       		.uleb128 0xb
 739 0018 3E       		.uleb128 0x3e
 740 0019 0B       		.uleb128 0xb
 741 001a 03       		.uleb128 0x3
 742 001b 08       		.uleb128 0x8
 743 001c 00       		.byte	0
 744 001d 00       		.byte	0
 745 001e 03       		.uleb128 0x3
 746 001f 24       		.uleb128 0x24
 747 0020 00       		.byte	0
 748 0021 0B       		.uleb128 0xb
 749 0022 0B       		.uleb128 0xb
 750 0023 3E       		.uleb128 0x3e
 751 0024 0B       		.uleb128 0xb
 752 0025 03       		.uleb128 0x3
 753 0026 0E       		.uleb128 0xe
 754 0027 00       		.byte	0
 755 0028 00       		.byte	0
 756 0029 04       		.uleb128 0x4
 757 002a 0F       		.uleb128 0xf
 758 002b 00       		.byte	0
 759 002c 0B       		.uleb128 0xb
 760 002d 0B       		.uleb128 0xb
 761 002e 49       		.uleb128 0x49
 762 002f 13       		.uleb128 0x13
 763 0030 00       		.byte	0
 764 0031 00       		.byte	0
 765 0032 05       		.uleb128 0x5
 766 0033 15       		.uleb128 0x15
 767 0034 00       		.byte	0
 768 0035 27       		.uleb128 0x27
 769 0036 19       		.uleb128 0x19
 770 0037 00       		.byte	0
 771 0038 00       		.byte	0
 772 0039 06       		.uleb128 0x6
 773 003a 16       		.uleb128 0x16
 774 003b 00       		.byte	0
 775 003c 03       		.uleb128 0x3
 776 003d 0E       		.uleb128 0xe
 777 003e 3A       		.uleb128 0x3a
 778 003f 0B       		.uleb128 0xb
 779 0040 3B       		.uleb128 0x3b
 780 0041 0B       		.uleb128 0xb
 781 0042 49       		.uleb128 0x49
ARM GAS  C:\Users\shiyu\AppData\Local\Temp\ccvxoH0h.s 			page 22


 782 0043 13       		.uleb128 0x13
 783 0044 00       		.byte	0
 784 0045 00       		.byte	0
 785 0046 07       		.uleb128 0x7
 786 0047 16       		.uleb128 0x16
 787 0048 00       		.byte	0
 788 0049 03       		.uleb128 0x3
 789 004a 0E       		.uleb128 0xe
 790 004b 3A       		.uleb128 0x3a
 791 004c 0B       		.uleb128 0xb
 792 004d 3B       		.uleb128 0x3b
 793 004e 05       		.uleb128 0x5
 794 004f 49       		.uleb128 0x49
 795 0050 13       		.uleb128 0x13
 796 0051 00       		.byte	0
 797 0052 00       		.byte	0
 798 0053 08       		.uleb128 0x8
 799 0054 35       		.uleb128 0x35
 800 0055 00       		.byte	0
 801 0056 49       		.uleb128 0x49
 802 0057 13       		.uleb128 0x13
 803 0058 00       		.byte	0
 804 0059 00       		.byte	0
 805 005a 09       		.uleb128 0x9
 806 005b 2E       		.uleb128 0x2e
 807 005c 00       		.byte	0
 808 005d 3F       		.uleb128 0x3f
 809 005e 19       		.uleb128 0x19
 810 005f 03       		.uleb128 0x3
 811 0060 0E       		.uleb128 0xe
 812 0061 3A       		.uleb128 0x3a
 813 0062 0B       		.uleb128 0xb
 814 0063 3B       		.uleb128 0x3b
 815 0064 0B       		.uleb128 0xb
 816 0065 27       		.uleb128 0x27
 817 0066 19       		.uleb128 0x19
 818 0067 11       		.uleb128 0x11
 819 0068 01       		.uleb128 0x1
 820 0069 12       		.uleb128 0x12
 821 006a 06       		.uleb128 0x6
 822 006b 40       		.uleb128 0x40
 823 006c 18       		.uleb128 0x18
 824 006d 9742     		.uleb128 0x2117
 825 006f 19       		.uleb128 0x19
 826 0070 00       		.byte	0
 827 0071 00       		.byte	0
 828 0072 0A       		.uleb128 0xa
 829 0073 2E       		.uleb128 0x2e
 830 0074 01       		.byte	0x1
 831 0075 3F       		.uleb128 0x3f
 832 0076 19       		.uleb128 0x19
 833 0077 03       		.uleb128 0x3
 834 0078 0E       		.uleb128 0xe
 835 0079 3A       		.uleb128 0x3a
 836 007a 0B       		.uleb128 0xb
 837 007b 3B       		.uleb128 0x3b
 838 007c 0B       		.uleb128 0xb
ARM GAS  C:\Users\shiyu\AppData\Local\Temp\ccvxoH0h.s 			page 23


 839 007d 27       		.uleb128 0x27
 840 007e 19       		.uleb128 0x19
 841 007f 11       		.uleb128 0x11
 842 0080 01       		.uleb128 0x1
 843 0081 12       		.uleb128 0x12
 844 0082 06       		.uleb128 0x6
 845 0083 40       		.uleb128 0x40
 846 0084 18       		.uleb128 0x18
 847 0085 9742     		.uleb128 0x2117
 848 0087 19       		.uleb128 0x19
 849 0088 01       		.uleb128 0x1
 850 0089 13       		.uleb128 0x13
 851 008a 00       		.byte	0
 852 008b 00       		.byte	0
 853 008c 0B       		.uleb128 0xb
 854 008d 05       		.uleb128 0x5
 855 008e 00       		.byte	0
 856 008f 03       		.uleb128 0x3
 857 0090 0E       		.uleb128 0xe
 858 0091 3A       		.uleb128 0x3a
 859 0092 0B       		.uleb128 0xb
 860 0093 3B       		.uleb128 0x3b
 861 0094 0B       		.uleb128 0xb
 862 0095 49       		.uleb128 0x49
 863 0096 13       		.uleb128 0x13
 864 0097 02       		.uleb128 0x2
 865 0098 18       		.uleb128 0x18
 866 0099 00       		.byte	0
 867 009a 00       		.byte	0
 868 009b 0C       		.uleb128 0xc
 869 009c 34       		.uleb128 0x34
 870 009d 00       		.byte	0
 871 009e 03       		.uleb128 0x3
 872 009f 0E       		.uleb128 0xe
 873 00a0 3A       		.uleb128 0x3a
 874 00a1 0B       		.uleb128 0xb
 875 00a2 3B       		.uleb128 0x3b
 876 00a3 0B       		.uleb128 0xb
 877 00a4 49       		.uleb128 0x49
 878 00a5 13       		.uleb128 0x13
 879 00a6 02       		.uleb128 0x2
 880 00a7 18       		.uleb128 0x18
 881 00a8 00       		.byte	0
 882 00a9 00       		.byte	0
 883 00aa 0D       		.uleb128 0xd
 884 00ab 2E       		.uleb128 0x2e
 885 00ac 01       		.byte	0x1
 886 00ad 3F       		.uleb128 0x3f
 887 00ae 19       		.uleb128 0x19
 888 00af 03       		.uleb128 0x3
 889 00b0 0E       		.uleb128 0xe
 890 00b1 3A       		.uleb128 0x3a
 891 00b2 0B       		.uleb128 0xb
 892 00b3 3B       		.uleb128 0x3b
 893 00b4 0B       		.uleb128 0xb
 894 00b5 27       		.uleb128 0x27
 895 00b6 19       		.uleb128 0x19
ARM GAS  C:\Users\shiyu\AppData\Local\Temp\ccvxoH0h.s 			page 24


 896 00b7 49       		.uleb128 0x49
 897 00b8 13       		.uleb128 0x13
 898 00b9 11       		.uleb128 0x11
 899 00ba 01       		.uleb128 0x1
 900 00bb 12       		.uleb128 0x12
 901 00bc 06       		.uleb128 0x6
 902 00bd 40       		.uleb128 0x40
 903 00be 18       		.uleb128 0x18
 904 00bf 9742     		.uleb128 0x2117
 905 00c1 19       		.uleb128 0x19
 906 00c2 01       		.uleb128 0x1
 907 00c3 13       		.uleb128 0x13
 908 00c4 00       		.byte	0
 909 00c5 00       		.byte	0
 910 00c6 0E       		.uleb128 0xe
 911 00c7 2E       		.uleb128 0x2e
 912 00c8 01       		.byte	0x1
 913 00c9 3F       		.uleb128 0x3f
 914 00ca 19       		.uleb128 0x19
 915 00cb 03       		.uleb128 0x3
 916 00cc 0E       		.uleb128 0xe
 917 00cd 3A       		.uleb128 0x3a
 918 00ce 0B       		.uleb128 0xb
 919 00cf 3B       		.uleb128 0x3b
 920 00d0 05       		.uleb128 0x5
 921 00d1 27       		.uleb128 0x27
 922 00d2 19       		.uleb128 0x19
 923 00d3 11       		.uleb128 0x11
 924 00d4 01       		.uleb128 0x1
 925 00d5 12       		.uleb128 0x12
 926 00d6 06       		.uleb128 0x6
 927 00d7 40       		.uleb128 0x40
 928 00d8 18       		.uleb128 0x18
 929 00d9 9742     		.uleb128 0x2117
 930 00db 19       		.uleb128 0x19
 931 00dc 01       		.uleb128 0x1
 932 00dd 13       		.uleb128 0x13
 933 00de 00       		.byte	0
 934 00df 00       		.byte	0
 935 00e0 0F       		.uleb128 0xf
 936 00e1 05       		.uleb128 0x5
 937 00e2 00       		.byte	0
 938 00e3 03       		.uleb128 0x3
 939 00e4 0E       		.uleb128 0xe
 940 00e5 3A       		.uleb128 0x3a
 941 00e6 0B       		.uleb128 0xb
 942 00e7 3B       		.uleb128 0x3b
 943 00e8 05       		.uleb128 0x5
 944 00e9 49       		.uleb128 0x49
 945 00ea 13       		.uleb128 0x13
 946 00eb 02       		.uleb128 0x2
 947 00ec 17       		.uleb128 0x17
 948 00ed 00       		.byte	0
 949 00ee 00       		.byte	0
 950 00ef 10       		.uleb128 0x10
 951 00f0 2E       		.uleb128 0x2e
 952 00f1 01       		.byte	0x1
ARM GAS  C:\Users\shiyu\AppData\Local\Temp\ccvxoH0h.s 			page 25


 953 00f2 3F       		.uleb128 0x3f
 954 00f3 19       		.uleb128 0x19
 955 00f4 03       		.uleb128 0x3
 956 00f5 0E       		.uleb128 0xe
 957 00f6 3A       		.uleb128 0x3a
 958 00f7 0B       		.uleb128 0xb
 959 00f8 3B       		.uleb128 0x3b
 960 00f9 05       		.uleb128 0x5
 961 00fa 27       		.uleb128 0x27
 962 00fb 19       		.uleb128 0x19
 963 00fc 49       		.uleb128 0x49
 964 00fd 13       		.uleb128 0x13
 965 00fe 11       		.uleb128 0x11
 966 00ff 01       		.uleb128 0x1
 967 0100 12       		.uleb128 0x12
 968 0101 06       		.uleb128 0x6
 969 0102 40       		.uleb128 0x40
 970 0103 18       		.uleb128 0x18
 971 0104 9742     		.uleb128 0x2117
 972 0106 19       		.uleb128 0x19
 973 0107 01       		.uleb128 0x1
 974 0108 13       		.uleb128 0x13
 975 0109 00       		.byte	0
 976 010a 00       		.byte	0
 977 010b 11       		.uleb128 0x11
 978 010c 34       		.uleb128 0x34
 979 010d 00       		.byte	0
 980 010e 03       		.uleb128 0x3
 981 010f 0E       		.uleb128 0xe
 982 0110 3A       		.uleb128 0x3a
 983 0111 0B       		.uleb128 0xb
 984 0112 3B       		.uleb128 0x3b
 985 0113 05       		.uleb128 0x5
 986 0114 49       		.uleb128 0x49
 987 0115 13       		.uleb128 0x13
 988 0116 02       		.uleb128 0x2
 989 0117 17       		.uleb128 0x17
 990 0118 00       		.byte	0
 991 0119 00       		.byte	0
 992 011a 12       		.uleb128 0x12
 993 011b 2E       		.uleb128 0x2e
 994 011c 00       		.byte	0
 995 011d 3F       		.uleb128 0x3f
 996 011e 19       		.uleb128 0x19
 997 011f 03       		.uleb128 0x3
 998 0120 0E       		.uleb128 0xe
 999 0121 3A       		.uleb128 0x3a
 1000 0122 0B       		.uleb128 0xb
 1001 0123 3B       		.uleb128 0x3b
 1002 0124 05       		.uleb128 0x5
 1003 0125 27       		.uleb128 0x27
 1004 0126 19       		.uleb128 0x19
 1005 0127 11       		.uleb128 0x11
 1006 0128 01       		.uleb128 0x1
 1007 0129 12       		.uleb128 0x12
 1008 012a 06       		.uleb128 0x6
 1009 012b 40       		.uleb128 0x40
ARM GAS  C:\Users\shiyu\AppData\Local\Temp\ccvxoH0h.s 			page 26


 1010 012c 18       		.uleb128 0x18
 1011 012d 9742     		.uleb128 0x2117
 1012 012f 19       		.uleb128 0x19
 1013 0130 00       		.byte	0
 1014 0131 00       		.byte	0
 1015 0132 13       		.uleb128 0x13
 1016 0133 2E       		.uleb128 0x2e
 1017 0134 00       		.byte	0
 1018 0135 3F       		.uleb128 0x3f
 1019 0136 19       		.uleb128 0x19
 1020 0137 03       		.uleb128 0x3
 1021 0138 0E       		.uleb128 0xe
 1022 0139 3A       		.uleb128 0x3a
 1023 013a 0B       		.uleb128 0xb
 1024 013b 3B       		.uleb128 0x3b
 1025 013c 05       		.uleb128 0x5
 1026 013d 27       		.uleb128 0x27
 1027 013e 19       		.uleb128 0x19
 1028 013f 49       		.uleb128 0x49
 1029 0140 13       		.uleb128 0x13
 1030 0141 11       		.uleb128 0x11
 1031 0142 01       		.uleb128 0x1
 1032 0143 12       		.uleb128 0x12
 1033 0144 06       		.uleb128 0x6
 1034 0145 40       		.uleb128 0x40
 1035 0146 18       		.uleb128 0x18
 1036 0147 9742     		.uleb128 0x2117
 1037 0149 19       		.uleb128 0x19
 1038 014a 00       		.byte	0
 1039 014b 00       		.byte	0
 1040 014c 14       		.uleb128 0x14
 1041 014d 898201   		.uleb128 0x4109
 1042 0150 00       		.byte	0
 1043 0151 11       		.uleb128 0x11
 1044 0152 01       		.uleb128 0x1
 1045 0153 31       		.uleb128 0x31
 1046 0154 13       		.uleb128 0x13
 1047 0155 00       		.byte	0
 1048 0156 00       		.byte	0
 1049 0157 15       		.uleb128 0x15
 1050 0158 898201   		.uleb128 0x4109
 1051 015b 01       		.byte	0x1
 1052 015c 11       		.uleb128 0x11
 1053 015d 01       		.uleb128 0x1
 1054 015e 31       		.uleb128 0x31
 1055 015f 13       		.uleb128 0x13
 1056 0160 01       		.uleb128 0x1
 1057 0161 13       		.uleb128 0x13
 1058 0162 00       		.byte	0
 1059 0163 00       		.byte	0
 1060 0164 16       		.uleb128 0x16
 1061 0165 8A8201   		.uleb128 0x410a
 1062 0168 00       		.byte	0
 1063 0169 02       		.uleb128 0x2
 1064 016a 18       		.uleb128 0x18
 1065 016b 9142     		.uleb128 0x2111
 1066 016d 18       		.uleb128 0x18
ARM GAS  C:\Users\shiyu\AppData\Local\Temp\ccvxoH0h.s 			page 27


 1067 016e 00       		.byte	0
 1068 016f 00       		.byte	0
 1069 0170 17       		.uleb128 0x17
 1070 0171 05       		.uleb128 0x5
 1071 0172 00       		.byte	0
 1072 0173 03       		.uleb128 0x3
 1073 0174 0E       		.uleb128 0xe
 1074 0175 3A       		.uleb128 0x3a
 1075 0176 0B       		.uleb128 0xb
 1076 0177 3B       		.uleb128 0x3b
 1077 0178 0B       		.uleb128 0xb
 1078 0179 49       		.uleb128 0x49
 1079 017a 13       		.uleb128 0x13
 1080 017b 02       		.uleb128 0x2
 1081 017c 17       		.uleb128 0x17
 1082 017d 00       		.byte	0
 1083 017e 00       		.byte	0
 1084 017f 00       		.byte	0
 1085              		.section	.debug_loc,"",%progbits
 1086              	.Ldebug_loc0:
 1087              	.LLST0:
 1088 0000 00000000 		.4byte	.LVL3
 1089 0004 02000000 		.4byte	.LVL4
 1090 0008 0100     		.2byte	0x1
 1091 000a 50       		.byte	0x50
 1092 000b 02000000 		.4byte	.LVL4
 1093 000f 10000000 		.4byte	.LFE6
 1094 0013 0400     		.2byte	0x4
 1095 0015 F3       		.byte	0xf3
 1096 0016 01       		.uleb128 0x1
 1097 0017 50       		.byte	0x50
 1098 0018 9F       		.byte	0x9f
 1099 0019 00000000 		.4byte	0
 1100 001d 00000000 		.4byte	0
 1101              	.LLST1:
 1102 0021 04000000 		.4byte	.LVL5
 1103 0025 06000000 		.4byte	.LVL6
 1104 0029 0500     		.2byte	0x5
 1105 002b 70       		.byte	0x70
 1106 002c 00       		.sleb128 0
 1107 002d 35       		.byte	0x35
 1108 002e 25       		.byte	0x25
 1109 002f 9F       		.byte	0x9f
 1110 0030 00000000 		.4byte	0
 1111 0034 00000000 		.4byte	0
 1112              	.LLST2:
 1113 0038 00000000 		.4byte	.LVL11
 1114 003c 07000000 		.4byte	.LVL12-1
 1115 0040 0100     		.2byte	0x1
 1116 0042 50       		.byte	0x50
 1117 0043 07000000 		.4byte	.LVL12-1
 1118 0047 1A000000 		.4byte	.LFE1
 1119 004b 0100     		.2byte	0x1
 1120 004d 54       		.byte	0x54
 1121 004e 00000000 		.4byte	0
 1122 0052 00000000 		.4byte	0
 1123              		.section	.debug_aranges,"",%progbits
ARM GAS  C:\Users\shiyu\AppData\Local\Temp\ccvxoH0h.s 			page 28


 1124 0000 7C000000 		.4byte	0x7c
 1125 0004 0200     		.2byte	0x2
 1126 0006 00000000 		.4byte	.Ldebug_info0
 1127 000a 04       		.byte	0x4
 1128 000b 00       		.byte	0
 1129 000c 0000     		.2byte	0
 1130 000e 0000     		.2byte	0
 1131 0010 00000000 		.4byte	.LFB3
 1132 0014 02000000 		.4byte	.LFE3-.LFB3
 1133 0018 00000000 		.4byte	.LFB4
 1134 001c 0C000000 		.4byte	.LFE4-.LFB4
 1135 0020 00000000 		.4byte	.LFB5
 1136 0024 0C000000 		.4byte	.LFE5-.LFB5
 1137 0028 00000000 		.4byte	.LFB6
 1138 002c 10000000 		.4byte	.LFE6-.LFB6
 1139 0030 00000000 		.4byte	.LFB7
 1140 0034 0C000000 		.4byte	.LFE7-.LFB7
 1141 0038 00000000 		.4byte	.LFB8
 1142 003c 0C000000 		.4byte	.LFE8-.LFB8
 1143 0040 00000000 		.4byte	.LFB9
 1144 0044 10000000 		.4byte	.LFE9-.LFB9
 1145 0048 00000000 		.4byte	.LFB10
 1146 004c 0C000000 		.4byte	.LFE10-.LFB10
 1147 0050 00000000 		.4byte	.LFB0
 1148 0054 1C000000 		.4byte	.LFE0-.LFB0
 1149 0058 00000000 		.4byte	.LFB1
 1150 005c 1A000000 		.4byte	.LFE1-.LFB1
 1151 0060 00000000 		.4byte	.LFB2
 1152 0064 14000000 		.4byte	.LFE2-.LFB2
 1153 0068 00000000 		.4byte	.LFB11
 1154 006c 0C000000 		.4byte	.LFE11-.LFB11
 1155 0070 00000000 		.4byte	.LFB12
 1156 0074 0C000000 		.4byte	.LFE12-.LFB12
 1157 0078 00000000 		.4byte	0
 1158 007c 00000000 		.4byte	0
 1159              		.section	.debug_ranges,"",%progbits
 1160              	.Ldebug_ranges0:
 1161 0000 00000000 		.4byte	.LFB3
 1162 0004 02000000 		.4byte	.LFE3
 1163 0008 00000000 		.4byte	.LFB4
 1164 000c 0C000000 		.4byte	.LFE4
 1165 0010 00000000 		.4byte	.LFB5
 1166 0014 0C000000 		.4byte	.LFE5
 1167 0018 00000000 		.4byte	.LFB6
 1168 001c 10000000 		.4byte	.LFE6
 1169 0020 00000000 		.4byte	.LFB7
 1170 0024 0C000000 		.4byte	.LFE7
 1171 0028 00000000 		.4byte	.LFB8
 1172 002c 0C000000 		.4byte	.LFE8
 1173 0030 00000000 		.4byte	.LFB9
 1174 0034 10000000 		.4byte	.LFE9
 1175 0038 00000000 		.4byte	.LFB10
 1176 003c 0C000000 		.4byte	.LFE10
 1177 0040 00000000 		.4byte	.LFB0
 1178 0044 1C000000 		.4byte	.LFE0
 1179 0048 00000000 		.4byte	.LFB1
 1180 004c 1A000000 		.4byte	.LFE1
ARM GAS  C:\Users\shiyu\AppData\Local\Temp\ccvxoH0h.s 			page 29


 1181 0050 00000000 		.4byte	.LFB2
 1182 0054 14000000 		.4byte	.LFE2
 1183 0058 00000000 		.4byte	.LFB11
 1184 005c 0C000000 		.4byte	.LFE11
 1185 0060 00000000 		.4byte	.LFB12
 1186 0064 0C000000 		.4byte	.LFE12
 1187 0068 00000000 		.4byte	0
 1188 006c 00000000 		.4byte	0
 1189              		.section	.debug_line,"",%progbits
 1190              	.Ldebug_line0:
 1191 0000 32010000 		.section	.debug_str,"MS",%progbits,1
 1191      02004600 
 1191      00000201 
 1191      FB0E0D00 
 1191      01010101 
 1192              	.LASF17:
 1193 0000 72656733 		.ascii	"reg32\000"
 1193      3200
 1194              	.LASF30:
 1195 0006 54696D65 		.ascii	"Timer_Int_StartEx\000"
 1195      725F496E 
 1195      745F5374 
 1195      61727445 
 1195      7800
 1196              	.LASF20:
 1197 0018 54696D65 		.ascii	"Timer_Int_SetVector\000"
 1197      725F496E 
 1197      745F5365 
 1197      74566563 
 1197      746F7200 
 1198              	.LASF25:
 1199 002c 54696D65 		.ascii	"Timer_Int_GetPriority\000"
 1199      725F496E 
 1199      745F4765 
 1199      74507269 
 1199      6F726974 
 1200              	.LASF6:
 1201 0042 73686F72 		.ascii	"short unsigned int\000"
 1201      7420756E 
 1201      7369676E 
 1201      65642069 
 1201      6E7400
 1202              	.LASF28:
 1203 0055 54696D65 		.ascii	"Timer_Int_Disable\000"
 1203      725F496E 
 1203      745F4469 
 1203      7361626C 
 1203      6500
 1204              	.LASF14:
 1205 0067 666C6F61 		.ascii	"float\000"
 1205      7400
 1206              	.LASF4:
 1207 006d 756E7369 		.ascii	"unsigned char\000"
 1207      676E6564 
 1207      20636861 
 1207      7200
 1208              	.LASF34:
ARM GAS  C:\Users\shiyu\AppData\Local\Temp\ccvxoH0h.s 			page 30


 1209 007b 474E5520 		.ascii	"GNU C11 5.4.1 20160609 (release) [ARM/embedded-5-br"
 1209      43313120 
 1209      352E342E 
 1209      31203230 
 1209      31363036 
 1210 00ae 616E6368 		.ascii	"anch revision 237715] -mcpu=cortex-m3 -mthumb -g -O"
 1210      20726576 
 1210      6973696F 
 1210      6E203233 
 1210      37373135 
 1211 00e1 67202D66 		.ascii	"g -ffunction-sections -ffat-lto-objects\000"
 1211      66756E63 
 1211      74696F6E 
 1211      2D736563 
 1211      74696F6E 
 1212              	.LASF16:
 1213 0109 72656738 		.ascii	"reg8\000"
 1213      00
 1214              	.LASF35:
 1215 010e 47656E65 		.ascii	"Generated_Source\\PSoC5\\Timer_Int.c\000"
 1215      72617465 
 1215      645F536F 
 1215      75726365 
 1215      5C50536F 
 1216              	.LASF8:
 1217 0131 6C6F6E67 		.ascii	"long unsigned int\000"
 1217      20756E73 
 1217      69676E65 
 1217      6420696E 
 1217      7400
 1218              	.LASF12:
 1219 0143 75696E74 		.ascii	"uint8\000"
 1219      3800
 1220              	.LASF21:
 1221 0149 54696D65 		.ascii	"Timer_Int_SetPriority\000"
 1221      725F496E 
 1221      745F5365 
 1221      74507269 
 1221      6F726974 
 1222              	.LASF23:
 1223 015f 7072696F 		.ascii	"priority\000"
 1223      72697479 
 1223      00
 1224              	.LASF24:
 1225 0168 54696D65 		.ascii	"Timer_Int_GetVector\000"
 1225      725F496E 
 1225      745F4765 
 1225      74566563 
 1225      746F7200 
 1226              	.LASF15:
 1227 017c 646F7562 		.ascii	"double\000"
 1227      6C6500
 1228              	.LASF26:
 1229 0183 54696D65 		.ascii	"Timer_Int_Interrupt\000"
 1229      725F496E 
 1229      745F496E 
 1229      74657272 
ARM GAS  C:\Users\shiyu\AppData\Local\Temp\ccvxoH0h.s 			page 31


 1229      75707400 
 1230              	.LASF13:
 1231 0197 75696E74 		.ascii	"uint32\000"
 1231      333200
 1232              	.LASF33:
 1233 019e 54696D65 		.ascii	"Timer_Int_ClearPending\000"
 1233      725F496E 
 1233      745F436C 
 1233      65617250 
 1233      656E6469 
 1234              	.LASF0:
 1235 01b5 756E7369 		.ascii	"unsigned int\000"
 1235      676E6564 
 1235      20696E74 
 1235      00
 1236              	.LASF22:
 1237 01c2 61646472 		.ascii	"address\000"
 1237      65737300 
 1238              	.LASF9:
 1239 01ca 6C6F6E67 		.ascii	"long long unsigned int\000"
 1239      206C6F6E 
 1239      6720756E 
 1239      7369676E 
 1239      65642069 
 1240              	.LASF37:
 1241 01e1 54696D65 		.ascii	"Timer_Int_GetState\000"
 1241      725F496E 
 1241      745F4765 
 1241      74537461 
 1241      746500
 1242              	.LASF31:
 1243 01f4 54696D65 		.ascii	"Timer_Int_Stop\000"
 1243      725F496E 
 1243      745F5374 
 1243      6F7000
 1244              	.LASF18:
 1245 0203 63796973 		.ascii	"cyisraddress\000"
 1245      72616464 
 1245      72657373 
 1245      00
 1246              	.LASF10:
 1247 0210 73697A65 		.ascii	"sizetype\000"
 1247      74797065 
 1247      00
 1248              	.LASF1:
 1249 0219 6C6F6E67 		.ascii	"long long int\000"
 1249      206C6F6E 
 1249      6720696E 
 1249      7400
 1250              	.LASF11:
 1251 0227 63686172 		.ascii	"char\000"
 1251      00
 1252              	.LASF19:
 1253 022c 72616D56 		.ascii	"ramVectorTable\000"
 1253      6563746F 
 1253      72546162 
 1253      6C6500
ARM GAS  C:\Users\shiyu\AppData\Local\Temp\ccvxoH0h.s 			page 32


 1254              	.LASF36:
 1255 023b 433A5C55 		.ascii	"C:\\Users\\shiyu\\Documents\\GitHub\\MUR\\MCU_PSOC\\"
 1255      73657273 
 1255      5C736869 
 1255      79755C44 
 1255      6F63756D 
 1256 0268 4272616E 		.ascii	"Branches\\NOV\\PCB_CAN_ORION_Interrupt_PSOC_A_5\\SA"
 1256      63686573 
 1256      5C4E4F56 
 1256      5C504342 
 1256      5F43414E 
 1257 0298 52204578 		.ascii	"R Example.cydsn\000"
 1257      616D706C 
 1257      652E6379 
 1257      64736E00 
 1258              	.LASF5:
 1259 02a8 73686F72 		.ascii	"short int\000"
 1259      7420696E 
 1259      7400
 1260              	.LASF32:
 1261 02b2 54696D65 		.ascii	"Timer_Int_SetPending\000"
 1261      725F496E 
 1261      745F5365 
 1261      7450656E 
 1261      64696E67 
 1262              	.LASF7:
 1263 02c7 6C6F6E67 		.ascii	"long int\000"
 1263      20696E74 
 1263      00
 1264              	.LASF2:
 1265 02d0 6C6F6E67 		.ascii	"long double\000"
 1265      20646F75 
 1265      626C6500 
 1266              	.LASF29:
 1267 02dc 54696D65 		.ascii	"Timer_Int_Start\000"
 1267      725F496E 
 1267      745F5374 
 1267      61727400 
 1268              	.LASF3:
 1269 02ec 7369676E 		.ascii	"signed char\000"
 1269      65642063 
 1269      68617200 
 1270              	.LASF27:
 1271 02f8 54696D65 		.ascii	"Timer_Int_Enable\000"
 1271      725F496E 
 1271      745F456E 
 1271      61626C65 
 1271      00
 1272              		.ident	"GCC: (GNU Tools for ARM Embedded Processors) 5.4.1 20160609 (release) [ARM/embedded-5-bran
